Component: Arm Compiler for Embedded 6.21 Tool: armlink [5ec1fa00]

==============================================================================

Section Cross References

    main.o(.ARM.exidx.text.Lock_Enabled) refers to main.o(.text.Lock_Enabled) for [Anonymous Symbol]
    main.o(.text.UpLimitSwitchDetected) refers to main.o(.text.OUTLINED_FUNCTION_2) for OUTLINED_FUNCTION_2
    main.o(.ARM.exidx.text.UpLimitSwitchDetected) refers to main.o(.text.UpLimitSwitchDetected) for [Anonymous Symbol]
    main.o(.ARM.exidx.text.DownLimitSwitchDetected) refers to main.o(.text.DownLimitSwitchDetected) for [Anonymous Symbol]
    main.o(.text.JammingLimitSwitchDetected) refers to main.o(.text.OUTLINED_FUNCTION_2) for OUTLINED_FUNCTION_2
    main.o(.ARM.exidx.text.JammingLimitSwitchDetected) refers to main.o(.text.JammingLimitSwitchDetected) for [Anonymous Symbol]
    main.o(.ARM.exidx.text.UpPressedPassenger) refers to main.o(.text.UpPressedPassenger) for [Anonymous Symbol]
    main.o(.ARM.exidx.text.DownPressedPassenger) refers to main.o(.text.DownPressedPassenger) for [Anonymous Symbol]
    main.o(.ARM.exidx.text.UpPressedDriver) refers to main.o(.text.UpPressedDriver) for [Anonymous Symbol]
    main.o(.text.DownPressedDriver) refers to main.o(.text.OUTLINED_FUNCTION_2) for OUTLINED_FUNCTION_2
    main.o(.ARM.exidx.text.DownPressedDriver) refers to main.o(.text.DownPressedDriver) for [Anonymous Symbol]
    main.o(.text.MotorDriver) refers to queue.o(.text.xQueueReceive) for xQueueReceive
    main.o(.text.MotorDriver) refers to main.o(.bss..L_MergedGlobals) for [Anonymous Symbol]
    main.o(.text.MotorDriver) refers to main.o(.data.windowActive) for windowActive
    main.o(.ARM.exidx.text.MotorDriver) refers to main.o(.text.MotorDriver) for [Anonymous Symbol]
    main.o(.text.PassengerLisnter) refers to main.o(.text.OUTLINED_FUNCTION_3) for OUTLINED_FUNCTION_3
    main.o(.text.PassengerLisnter) refers to main.o(.text.OUTLINED_FUNCTION_0) for OUTLINED_FUNCTION_0
    main.o(.text.PassengerLisnter) refers to main.o(.text.OUTLINED_FUNCTION_1) for OUTLINED_FUNCTION_1
    main.o(.text.PassengerLisnter) refers to tasks.o(.text.vTaskDelay) for vTaskDelay
    main.o(.text.PassengerLisnter) refers to main.o(.bss..L_MergedGlobals) for [Anonymous Symbol]
    main.o(.ARM.exidx.text.PassengerLisnter) refers to main.o(.text.PassengerLisnter) for [Anonymous Symbol]
    main.o(.text.DriverListner) refers to main.o(.text.OUTLINED_FUNCTION_3) for OUTLINED_FUNCTION_3
    main.o(.text.DriverListner) refers to main.o(.text.OUTLINED_FUNCTION_0) for OUTLINED_FUNCTION_0
    main.o(.text.DriverListner) refers to main.o(.text.OUTLINED_FUNCTION_1) for OUTLINED_FUNCTION_1
    main.o(.text.DriverListner) refers to tasks.o(.text.vTaskDelay) for vTaskDelay
    main.o(.text.DriverListner) refers to main.o(.bss..L_MergedGlobals) for [Anonymous Symbol]
    main.o(.ARM.exidx.text.DriverListner) refers to main.o(.text.DriverListner) for [Anonymous Symbol]
    main.o(.text.LimitSwitchListner) refers to main.o(.bss..L_MergedGlobals) for [Anonymous Symbol]
    main.o(.text.LimitSwitchListner) refers to main.o(.data.windowActive) for windowActive
    main.o(.ARM.exidx.text.LimitSwitchListner) refers to main.o(.text.LimitSwitchListner) for [Anonymous Symbol]
    main.o(.text.psh_btn_init) refers to dio.o(.text.DIO_Init) for DIO_Init
    main.o(.text.psh_btn_init) refers to dio.o(.text.DIO_DIR) for DIO_DIR
    main.o(.ARM.exidx.text.psh_btn_init) refers to main.o(.text.psh_btn_init) for [Anonymous Symbol]
    main.o(.text.Init) refers to main.o(.text.psh_btn_init) for psh_btn_init
    main.o(.text.Init) refers to main.o(.text.PORTF_Interrupt_Enable) for PORTF_Interrupt_Enable
    main.o(.ARM.exidx.text.Init) refers to main.o(.text.Init) for [Anonymous Symbol]
    main.o(.ARM.exidx.text.PORTF_Interrupt_Enable) refers to main.o(.text.PORTF_Interrupt_Enable) for [Anonymous Symbol]
    main.o(.ARM.exidx.text.timerCallback) refers to main.o(.text.timerCallback) for [Anonymous Symbol]
    main.o(.text.GPIOF_Handler) refers to main.o(.bss..L_MergedGlobals) for [Anonymous Symbol]
    main.o(.ARM.exidx.text.GPIOF_Handler) refers to main.o(.text.GPIOF_Handler) for [Anonymous Symbol]
    main.o(.text.main) refers to main.o(.text.Init) for Init
    main.o(.text.main) refers to queue.o(.text.xQueueGenericCreate) for xQueueGenericCreate
    main.o(.text.main) refers to main.o(.text.OUTLINED_FUNCTION_1) for OUTLINED_FUNCTION_1
    main.o(.text.main) refers to queue.o(.text.xQueueCreateMutex) for xQueueCreateMutex
    main.o(.text.main) refers to tasks.o(.text.vTaskStartScheduler) for vTaskStartScheduler
    main.o(.text.main) refers to main.o(.bss..L_MergedGlobals) for [Anonymous Symbol]
    main.o(.text.main) refers to main.o(.text.DriverListner) for DriverListner
    main.o(.text.main) refers to main.o(.rodata.str1.1) for [Anonymous Symbol]
    main.o(.text.main) refers to tasks.o(.text.xTaskCreate) for xTaskCreate
[...]
    Removing tasks.o(.ARM.exidx.text.OUTLINED_FUNCTION_10), (8 bytes).
    Removing tasks.o(.ARM.exidx.text.OUTLINED_FUNCTION_11), (8 bytes).
    Removing tasks.o(.ARM.exidx.text.OUTLINED_FUNCTION_12), (8 bytes).

273 unused section(s) (total 7835 bytes) removed from the image.

==============================================================================

Image Symbol Table

    Local Symbols

    Symbol Name                              Value     Ov Type        Size  Object(Section)

    ../clib/angel/boardlib.s                 0x00000000   Number         0  boardinit1.o ABSOLUTE
    ../clib/angel/boardlib.s                 0x00000000   Number         0  boardinit2.o ABSOLUTE
    ../clib/angel/boardlib.s                 0x00000000   Number         0  boardinit3.o ABSOLUTE
    ../clib/angel/boardlib.s                 0x00000000   Number         0  boardshut.o ABSOLUTE
    ../clib/angel/handlers.s                 0x00000000   Number         0  __scatter_copy.o ABSOLUTE
    ../clib/angel/handlers.s                 0x00000000   Number         0  __scatter_zi.o ABSOLUTE
    ../clib/angel/kernel.s                   0x00000000   Number         0  __rtentry.o ABSOLUTE
    ../clib/angel/kernel.s                   0x00000000   Number         0  __rtentry2.o ABSOLUTE
    ../clib/angel/kernel.s                   0x00000000   Number         0  __rtentry4.o ABSOLUTE
    ../clib/angel/kernel.s                   0x00000000   Number         0  rtexit.o ABSOLUTE
    ../clib/angel/kernel.s                   0x00000000   Number         0  rtexit2.o ABSOLUTE
    ../clib/angel/rt.s                       0x00000000   Number         0  rt_raise.o ABSOLUTE
    ../clib/angel/scatter.s                  0x00000000   Number         0  __scatter.o ABSOLUTE
    ../clib/angel/startup.s                  0x00000000   Number         0  __main.o ABSOLUTE
    ../clib/angel/sys.s                      0x00000000   Number         0  sys_stackheap_outer.o ABSOLUTE
    ../clib/angel/sys.s                      0x00000000   Number         0  libspace.o ABSOLUTE
    ../clib/angel/sys.s                      0x00000000   Number         0  use_no_semi.o ABSOLUTE
    ../clib/angel/sys.s                      0x00000000   Number         0  indicate_semi.o ABSOLUTE
    ../clib/angel/sysapp.c                   0x00000000   Number         0  sys_exit.o ABSOLUTE
    ../clib/angel/sysapp.c                   0x00000000   Number         0  sys_exit_hlt.o ABSOLUTE
    ../clib/angel/sysapp.c                   0x00000000   Number         0  sys_command.o ABSOLUTE
    ../clib/angel/sysapp.c                   0x00000000   Number         0  sys_command_hlt.o ABSOLUTE
    ../clib/angel/sysapp.c                   0x00000000   Number         0  sys_wrch.o ABSOLUTE
    ../clib/angel/sysapp.c                   0x00000000   Number         0  sys_wrch_hlt.o ABSOLUTE
    ../clib/armsys.c                         0x00000000   Number         0  argv_veneer.o ABSOLUTE
    ../clib/armsys.c                         0x00000000   Number         0  argv_veneer.o ABSOLUTE
    ../clib/armsys.c                         0x00000000   Number         0  _get_argv_nomalloc.o ABSOLUTE
    ../clib/armsys.c                         0x00000000   Number         0  no_argv.o ABSOLUTE
    ../clib/heapalloc.c                      0x00000000   Number         0  hrguard.o ABSOLUTE
    ../clib/heapaux.c                        0x00000000   Number         0  heapauxi.o ABSOLUTE
    ../clib/libinit.s                        0x00000000   Number         0  libinit.o ABSOLUTE
    ../clib/libinit.s                        0x00000000   Number         0  libinit2.o ABSOLUTE
    ../clib/libinit.s                        0x00000000   Number         0  libshutdown.o ABSOLUTE
    ../clib/libinit.s                        0x00000000   Number         0  libshutdown2.o ABSOLUTE
    ../clib/memcpset.s                       0x00000000   Number         0  rt_memcpy_v6.o ABSOLUTE
    ../clib/memcpset.s                       0x00000000   Number         0  aeabi_memset4.o ABSOLUTE
    ../clib/memcpset.s                       0x00000000   Number         0  rt_memclr.o ABSOLUTE
    ../clib/memcpset.s                       0x00000000   Number         0  rt_memcpy_w.o ABSOLUTE
    ../clib/memcpset.s                       0x00000000   Number         0  rt_memclr_w.o ABSOLUTE
    ../clib/signal.c                         0x00000000   Number         0  defsig_rtmem_outer.o ABSOLUTE
    ../clib/signal.c                         0x00000000   Number         0  defsig_rtmem_formal.o ABSOLUTE
    ../clib/signal.c                         0x00000000   Number         0  defsig_exit.o ABSOLUTE
    ../clib/signal.c                         0x00000000   Number         0  defsig_rtmem_inner.o ABSOLUTE
    ../clib/signal.c                         0x00000000   Number         0  __raise.o ABSOLUTE
    ../clib/signal.c                         0x00000000   Number         0  defsig_general.o ABSOLUTE
    ../clib/signal.c                         0x00000000   Number         0  defsig_abrt_inner.o ABSOLUTE
    ../clib/signal.c                         0x00000000   Number         0  defsig_fpe_inner.o ABSOLUTE
    ../clib/signal.c                         0x00000000   Number         0  defsig_rtred_inner.o ABSOLUTE
    ../clib/signal.c                         0x00000000   Number         0  defsig_stak_inner.o ABSOLUTE
    ../clib/signal.c                         0x00000000   Number         0  defsig_pvfn_inner.o ABSOLUTE
    ../clib/signal.c                         0x00000000   Number         0  defsig_cppl_inner.o ABSOLUTE
    ../clib/signal.c                         0x00000000   Number         0  defsig_segv_inner.o ABSOLUTE
    ../clib/signal.c                         0x00000000   Number         0  defsig_other.o ABSOLUTE
    ../clib/signal.s                         0x00000000   Number         0  defsig.o ABSOLUTE
    ../clib/stdlib.c                         0x00000000   Number         0  exit.o ABSOLUTE
    ../clib/string.c                         0x00000000   Number         0  strlen.o ABSOLUTE
    ../fplib/fpinit.s                        0x00000000   Number         0  fpinit.o ABSOLUTE
    DIO.c                                    0x00000000   Number         0  dio.o ABSOLUTE
    RTE/Device/TM4C123GH6PM/startup_TM4C123.s 0x00000000   Number         0  startup_tm4c123.o ABSOLUTE
    dc.s                                     0x00000000   Number         0  dc.o ABSOLUTE
    freertos_evr.c                           0x00000000   Number         0  freertos_evr.o ABSOLUTE
    heap_1.c                                 0x00000000   Number         0  heap_1.o ABSOLUTE
    list.c                                   0x00000000   Number         0  list.o ABSOLUTE
    main.c                                   0x00000000   Number         0  main.o ABSOLUTE
    port.c                                   0x00000000   Number         0  port.o ABSOLUTE
    queue.c                                  0x00000000   Number         0  queue.o ABSOLUTE
    system_TM4C123.c                         0x00000000   Number         0  system_tm4c123.o ABSOLUTE
    tasks.c                                  0x00000000   Number         0  tasks.o ABSOLUTE
    RESET                                    0x00000000   Section      620  startup_tm4c123.o(RESET)
    !!!main                                  0x0000026c   Section        8  __main.o(!!!main)
    !!!scatter                               0x00000274   Section       92  __scatter.o(!!!scatter)
    !!handler_copy                           0x000002d0   Section       26  __scatter_copy.o(!!handler_copy)
    !!handler_null                           0x000002ec   Section        2  __scatter.o(!!handler_null)
    !!handler_zi                             0x000002f0   Section       28  __scatter_zi.o(!!handler_zi)
    .ARM.Collect$$libinit$$00000000          0x0000030c   Section        2  libinit.o(.ARM.Collect$$libinit$$00000000)
    .ARM.Collect$$libinit$$00000001          0x0000030e   Section        4  libinit2.o(.ARM.Collect$$libinit$$00000001)
    .ARM.Collect$$libinit$$00000004          0x00000312   Section        0  libinit2.o(.ARM.Collect$$libinit$$00000004)
    .ARM.Collect$$libinit$$00000006          0x00000312   Section        0  libinit2.o(.ARM.Collect$$libinit$$00000006)
    .ARM.Collect$$libinit$$0000000C          0x00000312   Section        0  libinit2.o(.ARM.Collect$$libinit$$0000000C)
    .ARM.Collect$$libinit$$0000000E          0x00000312   Section        0  libinit2.o(.ARM.Collect$$libinit$$0000000E)
    .ARM.Collect$$libinit$$00000010          0x00000312   Section        0  libinit2.o(.ARM.Collect$$libinit$$00000010)
    .ARM.Collect$$libinit$$00000013          0x00000312   Section        0  libinit2.o(.ARM.Collect$$libinit$$00000013)
    .ARM.Collect$$libinit$$00000015          0x00000312   Section        0  libinit2.o(.ARM.Collect$$libinit$$00000015)
    .ARM.Collect$$libinit$$00000017          0x00000312   Section        0  libinit2.o(.ARM.Collect$$libinit$$00000017)
    .ARM.Collect$$libinit$$00000019          0x00000312   Section        0  libinit2.o(.ARM.Collect$$libinit$$00000019)
    .ARM.Collect$$libinit$$0000001B          0x00000312   Section        0  libinit2.o(.ARM.Collect$$libinit$$0000001B)
    .ARM.Collect$$libinit$$0000001D          0x00000312   Section        0  libinit2.o(.ARM.Collect$$libinit$$0000001D)
    .ARM.Collect$$libinit$$0000001F          0x00000312   Section        0  libinit2.o(.ARM.Collect$$libinit$$0000001F)
    .ARM.Collect$$libinit$$00000021          0x00000312   Section        0  libinit2.o(.ARM.Collect$$libinit$$00000021)
    .ARM.Collect$$libinit$$00000023          0x00000312   Section        0  libinit2.o(.ARM.Collect$$libinit$$00000023)
    .ARM.Collect$$libinit$$00000025          0x00000312   Section        0  libinit2.o(.ARM.Collect$$libinit$$00000025)
    .ARM.Collect$$libinit$$00000027          0x00000312   Section        0  libinit2.o(.ARM.Collect$$libinit$$00000027)
    .ARM.Collect$$libinit$$0000002E          0x00000312   Section        0  libinit2.o(.ARM.Collect$$libinit$$0000002E)
    .ARM.Collect$$libinit$$00000030          0x00000312   Section        0  libinit2.o(.ARM.Collect$$libinit$$00000030)
    .ARM.Collect$$libinit$$00000032          0x00000312   Section        0  libinit2.o(.ARM.Collect$$libinit$$00000032)
    .ARM.Collect$$libinit$$00000034          0x00000312   Section        0  libinit2.o(.ARM.Collect$$libinit$$00000034)
    .ARM.Collect$$libinit$$00000035          0x00000312   Section        2  libinit2.o(.ARM.Collect$$libinit$$00000035)
    .ARM.Collect$$libshutdown$$00000000      0x00000314   Section        2  libshutdown.o(.ARM.Collect$$libshutdown$$00000000)
    .ARM.Collect$$libshutdown$$00000002      0x00000316   Section        0  libshutdown2.o(.ARM.Collect$$libshutdown$$00000002)
    .ARM.Collect$$libshutdown$$00000004      0x00000316   Section        0  libshutdown2.o(.ARM.Collect$$libshutdown$$00000004)
    .ARM.Collect$$libshutdown$$00000007      0x00000316   Section        0  libshutdown2.o(.ARM.Collect$$libshutdown$$00000007)
    .ARM.Collect$$libshutdown$$0000000A      0x00000316   Section        0  libshutdown2.o(.ARM.Collect$$libshutdown$$0000000A)
    .ARM.Collect$$libshutdown$$0000000C      0x00000316   Section        0  libshutdown2.o(.ARM.Collect$$libshutdown$$0000000C)
    .ARM.Collect$$libshutdown$$0000000F      0x00000316   Section        0  libshutdown2.o(.ARM.Collect$$libshutdown$$0000000F)
    .ARM.Collect$$libshutdown$$00000010      0x00000316   Section        2  libshutdown2.o(.ARM.Collect$$libshutdown$$00000010)
    .ARM.Collect$$rtentry$$00000000          0x00000318   Section        0  __rtentry.o(.ARM.Collect$$rtentry$$00000000)
    .ARM.Collect$$rtentry$$00000002          0x00000318   Section        0  __rtentry2.o(.ARM.Collect$$rtentry$$00000002)
    .ARM.Collect$$rtentry$$00000004          0x00000318   Section        6  __rtentry4.o(.ARM.Collect$$rtentry$$00000004)
    .ARM.Collect$$rtentry$$00000009          0x0000031e   Section        0  __rtentry2.o(.ARM.Collect$$rtentry$$00000009)
    .ARM.Collect$$rtentry$$0000000A          0x0000031e   Section        4  __rtentry2.o(.ARM.Collect$$rtentry$$0000000A)
    .ARM.Collect$$rtentry$$0000000C          0x00000322   Section        0  __rtentry2.o(.ARM.Collect$$rtentry$$0000000C)
    .ARM.Collect$$rtentry$$0000000D          0x00000322   Section        8  __rtentry2.o(.ARM.Collect$$rtentry$$0000000D)
    .ARM.Collect$$rtexit$$00000000           0x0000032a   Section        2  rtexit.o(.ARM.Collect$$rtexit$$00000000)
    .ARM.Collect$$rtexit$$00000002           0x0000032c   Section        0  rtexit2.o(.ARM.Collect$$rtexit$$00000002)
    .ARM.Collect$$rtexit$$00000003           0x0000032c   Section        4  rtexit2.o(.ARM.Collect$$rtexit$$00000003)
    .ARM.Collect$$rtexit$$00000004           0x00000330   Section        6  rtexit2.o(.ARM.Collect$$rtexit$$00000004)
    $v0                                      0x00000338   Number         0  startup_tm4c123.o(.text)
    .text                                    0x00000338   Section      276  startup_tm4c123.o(.text)
    .text                                    0x0000044c   Section      138  rt_memcpy_v6.o(.text)
    .text                                    0x000004d6   Section       16  aeabi_memset4.o(.text)
    .text                                    0x000004e6   Section       68  rt_memclr.o(.text)
    .text                                    0x0000052a   Section        0  heapauxi.o(.text)
    .text                                    0x00000530   Section      100  rt_memcpy_w.o(.text)
    .text                                    0x00000594   Section       78  rt_memclr_w.o(.text)
    .text                                    0x000005e2   Section       74  sys_stackheap_outer.o(.text)
    .text                                    0x0000062c   Section        0  exit.o(.text)
    .text                                    0x00000640   Section        8  libspace.o(.text)
    .text                                    0x00000648   Section        0  sys_exit.o(.text)
    .text                                    0x00000654   Section        2  use_no_semi.o(.text)
    .text                                    0x00000656   Section        0  indicate_semi.o(.text)
    [Anonymous Symbol]                       0x00000658   Section        0  dio.o(.text.DIO_DIR)
    __arm_cp.1_0                             0x00000710   Number         4  dio.o(.text.DIO_DIR)
    __arm_cp.1_1                             0x00000714   Number         4  dio.o(.text.DIO_DIR)
    __arm_cp.1_2                             0x00000718   Number         4  dio.o(.text.DIO_DIR)
    __arm_cp.1_3                             0x0000071c   Number         4  dio.o(.text.DIO_DIR)
    __arm_cp.1_4                             0x00000720   Number         4  dio.o(.text.DIO_DIR)
    __arm_cp.1_5                             0x00000724   Number         4  dio.o(.text.DIO_DIR)
    __arm_cp.1_6                             0x00000728   Number         4  dio.o(.text.DIO_DIR)
    __arm_cp.1_7                             0x0000072c   Number         4  dio.o(.text.DIO_DIR)
    [Anonymous Symbol]                       0x00000730   Section        0  dio.o(.text.DIO_Init)
    __arm_cp.0_0                             0x00000744   Number         4  dio.o(.text.DIO_Init)
    [Anonymous Symbol]                       0x00000748   Section        0  main.o(.text.DriverListner)
    [Anonymous Symbol]                       0x000007d8   Section        0  main.o(.text.GPIOF_Handler)
    __arm_cp.16_2                            0x0000085c   Number         4  main.o(.text.GPIOF_Handler)
    [Anonymous Symbol]                       0x00000860   Section        0  main.o(.text.Init)
    [Anonymous Symbol]                       0x00000870   Section        0  main.o(.text.MotorDriver)
    __arm_cp.8_2                             0x000008f8   Number         4  main.o(.text.MotorDriver)
    OUTLINED_FUNCTION_0                      0x000008fd   Thumb Code     8  main.o(.text.OUTLINED_FUNCTION_0)
    [Anonymous Symbol]                       0x000008fc   Section        0  main.o(.text.OUTLINED_FUNCTION_0)
    OUTLINED_FUNCTION_0                      0x00000905   Thumb Code     6  queue.o(.text.OUTLINED_FUNCTION_0)
    [Anonymous Symbol]                       0x00000904   Section        0  queue.o(.text.OUTLINED_FUNCTION_0)
    OUTLINED_FUNCTION_1                      0x0000090b   Thumb Code     8  main.o(.text.OUTLINED_FUNCTION_1)
    [Anonymous Symbol]                       0x0000090a   Section        0  main.o(.text.OUTLINED_FUNCTION_1)
    OUTLINED_FUNCTION_1                      0x00000913   Thumb Code     8  queue.o(.text.OUTLINED_FUNCTION_1)
    [Anonymous Symbol]                       0x00000912   Section        0  queue.o(.text.OUTLINED_FUNCTION_1)
    OUTLINED_FUNCTION_1                      0x0000091b   Thumb Code     8  tasks.o(.text.OUTLINED_FUNCTION_1)
    [Anonymous Symbol]                       0x0000091a   Section        0  tasks.o(.text.OUTLINED_FUNCTION_1)
    OUTLINED_FUNCTION_10                     0x00000923   Thumb Code    14  tasks.o(.text.OUTLINED_FUNCTION_10)
    [Anonymous Symbol]                       0x00000922   Section        0  tasks.o(.text.OUTLINED_FUNCTION_10)
    OUTLINED_FUNCTION_11                     0x00000931   Thumb Code    14  tasks.o(.text.OUTLINED_FUNCTION_11)
    [Anonymous Symbol]                       0x00000930   Section        0  tasks.o(.text.OUTLINED_FUNCTION_11)
    OUTLINED_FUNCTION_12                     0x0000093f   Thumb Code    14  tasks.o(.text.OUTLINED_FUNCTION_12)
    [Anonymous Symbol]                       0x0000093e   Section        0  tasks.o(.text.OUTLINED_FUNCTION_12)
    OUTLINED_FUNCTION_2                      0x0000094d   Thumb Code     6  queue.o(.text.OUTLINED_FUNCTION_2)
    [Anonymous Symbol]                       0x0000094c   Section        0  queue.o(.text.OUTLINED_FUNCTION_2)
    OUTLINED_FUNCTION_2                      0x00000953   Thumb Code    32  tasks.o(.text.OUTLINED_FUNCTION_2)
    [Anonymous Symbol]                       0x00000952   Section        0  tasks.o(.text.OUTLINED_FUNCTION_2)
    OUTLINED_FUNCTION_3                      0x00000973   Thumb Code    10  main.o(.text.OUTLINED_FUNCTION_3)
    [Anonymous Symbol]                       0x00000972   Section        0  main.o(.text.OUTLINED_FUNCTION_3)
    OUTLINED_FUNCTION_3                      0x0000097d   Thumb Code     6  queue.o(.text.OUTLINED_FUNCTION_3)
    [Anonymous Symbol]                       0x0000097c   Section        0  queue.o(.text.OUTLINED_FUNCTION_3)
    OUTLINED_FUNCTION_3                      0x00000983   Thumb Code    26  tasks.o(.text.OUTLINED_FUNCTION_3)
    [Anonymous Symbol]                       0x00000982   Section        0  tasks.o(.text.OUTLINED_FUNCTION_3)
    OUTLINED_FUNCTION_4                      0x0000099d   Thumb Code    16  queue.o(.text.OUTLINED_FUNCTION_4)
    [Anonymous Symbol]                       0x0000099c   Section        0  queue.o(.text.OUTLINED_FUNCTION_4)
    OUTLINED_FUNCTION_4                      0x000009ad   Thumb Code     8  tasks.o(.text.OUTLINED_FUNCTION_4)
    [Anonymous Symbol]                       0x000009ac   Section        0  tasks.o(.text.OUTLINED_FUNCTION_4)
    OUTLINED_FUNCTION_5                      0x000009b5   Thumb Code     6  queue.o(.text.OUTLINED_FUNCTION_5)
    [Anonymous Symbol]                       0x000009b4   Section        0  queue.o(.text.OUTLINED_FUNCTION_5)
    OUTLINED_FUNCTION_5                      0x000009bb   Thumb Code    10  tasks.o(.text.OUTLINED_FUNCTION_5)
    [Anonymous Symbol]                       0x000009ba   Section        0  tasks.o(.text.OUTLINED_FUNCTION_5)
    OUTLINED_FUNCTION_6                      0x000009c5   Thumb Code     8  queue.o(.text.OUTLINED_FUNCTION_6)
    [Anonymous Symbol]                       0x000009c4   Section        0  queue.o(.text.OUTLINED_FUNCTION_6)
    OUTLINED_FUNCTION_7                      0x000009cd   Thumb Code     6  queue.o(.text.OUTLINED_FUNCTION_7)
    [Anonymous Symbol]                       0x000009cc   Section        0  queue.o(.text.OUTLINED_FUNCTION_7)
    [Anonymous Symbol]                       0x000009d4   Section        0  main.o(.text.PORTF_Interrupt_Enable)
    __arm_cp.14_0                            0x00000a18   Number         4  main.o(.text.PORTF_Interrupt_Enable)
    __arm_cp.14_1                            0x00000a1c   Number         4  main.o(.text.PORTF_Interrupt_Enable)
    __arm_cp.14_2                            0x00000a20   Number         4  main.o(.text.PORTF_Interrupt_Enable)
    [Anonymous Symbol]                       0x00000a24   Section        0  main.o(.text.PassengerLisnter)
    __arm_cp.9_0                             0x00000acc   Number         4  main.o(.text.PassengerLisnter)
    __arm_cp.9_1                             0x00000ad0   Number         4  main.o(.text.PassengerLisnter)
    __arm_cp.9_2                             0x00000ad4   Number         4  main.o(.text.PassengerLisnter)
    [Anonymous Symbol]                       0x00000ae0   Section        0  port.o(.text.PendSV_Handler)
    pxCurrentTCBConst                        0x00000b40   Number         0  port.o(.text.PendSV_Handler)
    [Anonymous Symbol]                       0x00000b50   Section        0  port.o(.text.SVC_Handler)
    pxCurrentTCBConst2                       0x00000b70   Number         0  port.o(.text.SVC_Handler)
    [Anonymous Symbol]                       0x00000b74   Section        0  port.o(.text.SysTick_Handler)
    __arm_cp.11_0                            0x00000b9c   Number         4  port.o(.text.SysTick_Handler)
    [Anonymous Symbol]                       0x00000ba0   Section        0  system_tm4c123.o(.text.SystemInit)
    __arm_cp.2_0                             0x00000be4   Number         4  system_tm4c123.o(.text.SystemInit)
    __arm_cp.2_1                             0x00000be8   Number         4  system_tm4c123.o(.text.SystemInit)
    __arm_cp.2_2                             0x00000bec   Number         4  system_tm4c123.o(.text.SystemInit)
    __arm_cp.2_3                             0x00000bf0   Number         4  system_tm4c123.o(.text.SystemInit)
    __arm_cp.2_4                             0x00000bf4   Number         4  system_tm4c123.o(.text.SystemInit)
    __arm_cp.2_5                             0x00000bf8   Number         4  system_tm4c123.o(.text.SystemInit)
    __arm_cp.2_6                             0x00000bfc   Number         4  system_tm4c123.o(.text.SystemInit)
    [Anonymous Symbol]                       0x00000c00   Section        0  tasks.o(.text.eTaskConfirmSleepModeStatus)
    [Anonymous Symbol]                       0x00000c24   Section        0  main.o(.text.main)
    __arm_cp.17_0                            0x00000ca0   Number         4  main.o(.text.main)
    __arm_cp.17_1                            0x00000ca4   Number         4  main.o(.text.main)
    __arm_cp.17_2                            0x00000ca8   Number         4  main.o(.text.main)
    __arm_cp.17_3                            0x00000cac   Number         4  main.o(.text.main)
    __arm_cp.17_4                            0x00000cb0   Number         4  main.o(.text.main)
    __arm_cp.17_5                            0x00000cb4   Number         4  main.o(.text.main)
    prvAddCurrentTaskToDelayedList           0x00000cc1   Thumb Code   152  tasks.o(.text.prvAddCurrentTaskToDelayedList)
    [Anonymous Symbol]                       0x00000cc0   Section        0  tasks.o(.text.prvAddCurrentTaskToDelayedList)
    prvCopyDataFromQueue                     0x00000d59   Thumb Code    36  queue.o(.text.prvCopyDataFromQueue)
    [Anonymous Symbol]                       0x00000d58   Section        0  queue.o(.text.prvCopyDataFromQueue)
    prvCopyDataToQueue                       0x00000d7d   Thumb Code   112  queue.o(.text.prvCopyDataToQueue)
    [Anonymous Symbol]                       0x00000d7c   Section        0  queue.o(.text.prvCopyDataToQueue)
    prvDeleteTCB                             0x00000ded   Thumb Code    20  tasks.o(.text.prvDeleteTCB)
    [Anonymous Symbol]                       0x00000dec   Section        0  tasks.o(.text.prvDeleteTCB)
    prvGetExpectedIdleTime                   0x00000e01   Thumb Code    40  tasks.o(.text.prvGetExpectedIdleTime)
    [Anonymous Symbol]                       0x00000e00   Section        0  tasks.o(.text.prvGetExpectedIdleTime)
    __arm_cp.62_1                            0x00000e28   Number         4  tasks.o(.text.prvGetExpectedIdleTime)
    prvIdleTask                              0x00000e2d   Thumb Code   132  tasks.o(.text.prvIdleTask)
    [Anonymous Symbol]                       0x00000e2c   Section        0  tasks.o(.text.prvIdleTask)
    __arm_cp.18_1                            0x00000eb0   Number         4  tasks.o(.text.prvIdleTask)
    __arm_cp.18_2                            0x00000eb4   Number         4  tasks.o(.text.prvIdleTask)
    prvIsQueueEmpty                          0x00000eb9   Thumb Code    22  queue.o(.text.prvIsQueueEmpty)
    [Anonymous Symbol]                       0x00000eb8   Section        0  queue.o(.text.prvIsQueueEmpty)
    prvNotifyQueueSetContainer               0x00000ecf   Thumb Code   144  queue.o(.text.prvNotifyQueueSetContainer)
    [Anonymous Symbol]                       0x00000ece   Section        0  queue.o(.text.prvNotifyQueueSetContainer)
    prvPortStartFirstTask                    0x00000f61   Thumb Code    40  port.o(.text.prvPortStartFirstTask)
    [Anonymous Symbol]                       0x00000f60   Section        0  port.o(.text.prvPortStartFirstTask)
    prvResetNextTaskUnblockTime              0x00000f89   Thumb Code    24  tasks.o(.text.prvResetNextTaskUnblockTime)
    [Anonymous Symbol]                       0x00000f88   Section        0  tasks.o(.text.prvResetNextTaskUnblockTime)
    __arm_cp.2_0                             0x00000fa0   Number         4  tasks.o(.text.prvResetNextTaskUnblockTime)
    prvTaskExitError                         0x00000fa5   Thumb Code    44  port.o(.text.prvTaskExitError)
    [Anonymous Symbol]                       0x00000fa4   Section        0  port.o(.text.prvTaskExitError)
    prvUnlockQueue                           0x00000fd1   Thumb Code   110  queue.o(.text.prvUnlockQueue)
    [Anonymous Symbol]                       0x00000fd0   Section        0  queue.o(.text.prvUnlockQueue)
    [Anonymous Symbol]                       0x00001040   Section        0  main.o(.text.psh_btn_init)
    __arm_cp.12_0                            0x000010b0   Number         4  main.o(.text.psh_btn_init)
    [Anonymous Symbol]                       0x000010b4   Section        0  heap_1.o(.text.pvPortMalloc)
    __arm_cp.0_0                             0x00001104   Number         4  heap_1.o(.text.pvPortMalloc)
    __arm_cp.0_1                             0x00001108   Number         4  heap_1.o(.text.pvPortMalloc)
    [Anonymous Symbol]                       0x0000110c   Section        0  tasks.o(.text.pvTaskIncrementMutexHeldCount)
    __arm_cp.54_0                            0x00001120   Number         4  tasks.o(.text.pvTaskIncrementMutexHeldCount)
    [Anonymous Symbol]                       0x00001124   Section        0  port.o(.text.pxPortInitialiseStack)
    __arm_cp.0_0                             0x00001144   Number         4  port.o(.text.pxPortInitialiseStack)
    [Anonymous Symbol]                       0x00001148   Section        0  list.o(.text.uxListRemove)
    [Anonymous Symbol]                       0x0000116c   Section        0  tasks.o(.text.uxTaskGetNumberOfTasks)
    __arm_cp.23_0                            0x00001174   Number         4  tasks.o(.text.uxTaskGetNumberOfTasks)
    [Anonymous Symbol]                       0x00001178   Section        0  list.o(.text.vListInitialise)
    [Anonymous Symbol]                       0x0000118e   Section        0  list.o(.text.vListInitialiseItem)
    [Anonymous Symbol]                       0x00001194   Section        0  list.o(.text.vListInsert)
    vPortEnableVFP                           0x000011c5   Thumb Code    20  port.o(.text.vPortEnableVFP)
    [Anonymous Symbol]                       0x000011c4   Section        0  port.o(.text.vPortEnableVFP)
    [Anonymous Symbol]                       0x000011d8   Section        0  port.o(.text.vPortEnterCritical)
    __arm_cp.8_1                             0x00001210   Number         4  port.o(.text.vPortEnterCritical)
    [Anonymous Symbol]                       0x00001214   Section        0  port.o(.text.vPortExitCritical)
    __arm_cp.9_0                             0x0000123c   Number         4  port.o(.text.vPortExitCritical)
    [Anonymous Symbol]                       0x00001240   Section        0  heap_1.o(.text.vPortFree)
    [Anonymous Symbol]                       0x00001258   Section        0  port.o(.text.vPortSetupTimerInterrupt)
    __arm_cp.4_1                             0x00001290   Number         4  port.o(.text.vPortSetupTimerInterrupt)
    [Anonymous Symbol]                       0x00001294   Section        0  port.o(.text.vPortSuppressTicksAndSleep)
    __arm_cp.12_0                            0x00001370   Number         4  port.o(.text.vPortSuppressTicksAndSleep)
    __arm_cp.12_1                            0x00001374   Number         4  port.o(.text.vPortSuppressTicksAndSleep)
    [Anonymous Symbol]                       0x00001378   Section        0  tasks.o(.text.vTaskDelay)
    __arm_cp.8_1                             0x000013b8   Number         4  tasks.o(.text.vTaskDelay)
    [Anonymous Symbol]                       0x000013bc   Section        0  tasks.o(.text.vTaskInternalSetTimeOutState)
    [Anonymous Symbol]                       0x000013c8   Section        0  tasks.o(.text.vTaskMissedYield)
    [Anonymous Symbol]                       0x000013d0   Section        0  tasks.o(.text.vTaskPlaceOnEventList)
    [Anonymous Symbol]                       0x00001400   Section        0  tasks.o(.text.vTaskPriorityDisinheritAfterTimeout)
    __arm_cp.52_0                            0x00001490   Number         4  tasks.o(.text.vTaskPriorityDisinheritAfterTimeout)
    [Anonymous Symbol]                       0x00001494   Section        0  tasks.o(.text.vTaskStartScheduler)
    __arm_cp.17_0                            0x000014f4   Number         4  tasks.o(.text.vTaskStartScheduler)
    __arm_cp.17_1                            0x000014f8   Number         4  tasks.o(.text.vTaskStartScheduler)
    __arm_cp.17_3                            0x00001504   Number         4  tasks.o(.text.vTaskStartScheduler)
    [Anonymous Symbol]                       0x00001508   Section        0  tasks.o(.text.vTaskStepTick)
    [Anonymous Symbol]                       0x00001578   Section        0  tasks.o(.text.vTaskSuspendAll)
    __tagsym$$used.0                         0x00001584   Number         0  tasks.o(.text.vTaskSwitchContext)
    [Anonymous Symbol]                       0x00001584   Section        0  tasks.o(.text.vTaskSwitchContext)
    __arm_cp.14_0                            0x000015dc   Number         4  tasks.o(.text.vTaskSwitchContext)
    __arm_cp.14_1                            0x000015e0   Number         4  tasks.o(.text.vTaskSwitchContext)
    __arm_cp.14_2                            0x000015e4   Number         4  tasks.o(.text.vTaskSwitchContext)
    [Anonymous Symbol]                       0x000015e8   Section        0  port.o(.text.xPortStartScheduler)
    __arm_cp.3_0                             0x000016b4   Number         4  port.o(.text.xPortStartScheduler)
    __arm_cp.3_1                             0x000016b8   Number         4  port.o(.text.xPortStartScheduler)
    __arm_cp.3_2                             0x000016bc   Number         4  port.o(.text.xPortStartScheduler)
    __arm_cp.3_3                             0x000016c0   Number         4  port.o(.text.xPortStartScheduler)
    __arm_cp.3_4                             0x000016c4   Number         4  port.o(.text.xPortStartScheduler)
    __arm_cp.3_5                             0x000016c8   Number         4  port.o(.text.xPortStartScheduler)
    [Anonymous Symbol]                       0x000016cc   Section        0  queue.o(.text.xQueueCreateMutex)
    [Anonymous Symbol]                       0x000016f4   Section        0  queue.o(.text.xQueueGenericCreate)
    [Anonymous Symbol]                       0x0000174c   Section        0  queue.o(.text.xQueueGenericReset)
    [Anonymous Symbol]                       0x000017e4   Section        0  queue.o(.text.xQueueGenericSend)
    [Anonymous Symbol]                       0x00001978   Section        0  queue.o(.text.xQueueReceive)
    __arm_cp.15_0                            0x00001aa8   Number         4  queue.o(.text.xQueueReceive)
    [Anonymous Symbol]                       0x00001aac   Section        0  queue.o(.text.xQueueSemaphoreTake)
    __arm_cp.8_0                             0x00001c1c   Number         4  queue.o(.text.xQueueSemaphoreTake)
    [Anonymous Symbol]                       0x00001c20   Section        0  tasks.o(.text.xTaskCheckForTimeOut)
    [Anonymous Symbol]                       0x00001ca4   Section        0  tasks.o(.text.xTaskCreate)
    __arm_cp.0_3                             0x00001e2c   Number         4  tasks.o(.text.xTaskCreate)
    __arm_cp.0_4                             0x00001e30   Number         4  tasks.o(.text.xTaskCreate)
    __arm_cp.0_5                             0x00001e34   Number         4  tasks.o(.text.xTaskCreate)
    [Anonymous Symbol]                       0x00001e38   Section        0  tasks.o(.text.xTaskGetSchedulerState)
    [Anonymous Symbol]                       0x00001e50   Section        0  tasks.o(.text.xTaskIncrementTick)
    [Anonymous Symbol]                       0x00001f70   Section        0  tasks.o(.text.xTaskPriorityDisinherit)
    __arm_cp.51_0                            0x00002000   Number         4  tasks.o(.text.xTaskPriorityDisinherit)
    __arm_cp.51_1                            0x00002004   Number         4  tasks.o(.text.xTaskPriorityDisinherit)
    [Anonymous Symbol]                       0x00002008   Section        0  tasks.o(.text.xTaskPriorityInherit)
    __arm_cp.50_2                            0x00002094   Number         4  tasks.o(.text.xTaskPriorityInherit)
    [Anonymous Symbol]                       0x00002098   Section        0  tasks.o(.text.xTaskRemoveFromEventList)
    __arm_cp.35_0                            0x00002154   Number         4  tasks.o(.text.xTaskRemoveFromEventList)
    __arm_cp.35_1                            0x00002158   Number         4  tasks.o(.text.xTaskRemoveFromEventList)
    [Anonymous Symbol]                       0x0000215c   Section        0  tasks.o(.text.xTaskResumeAll)
    __arm_cp.7_0                             0x00002268   Number         4  tasks.o(.text.xTaskResumeAll)
    __arm_cp.7_1                             0x0000226c   Number         4  tasks.o(.text.xTaskResumeAll)
    __arm_cp.7_2                             0x00002270   Number         4  tasks.o(.text.xTaskResumeAll)
    __arm_cp.7_3                             0x00002274   Number         4  tasks.o(.text.xTaskResumeAll)
    $v0                                      0x00002278   Number         0  fpinit.o(x$fpl$fpinit)
    x$fpl$fpinit                             0x00002278   Section       26  fpinit.o(x$fpl$fpinit)
    [Anonymous Symbol]                       0x00002292   Section        0  main.o(.rodata.str1.1)
    uxCriticalNesting                        0x20000004   Data           4  port.o(.data.uxCriticalNesting)
    [Anonymous Symbol]                       0x20000004   Section        0  port.o(.data.uxCriticalNesting)
    .bss                                     0x20000010   Section       96  libspace.o(.bss)
    [Anonymous Symbol]                       0x20000070   Section        0  main.o(.bss..L_MergedGlobals)
    ucMaxSysCallPriority                     0x20000088   Data           1  port.o(.bss..L_MergedGlobals)
    [Anonymous Symbol]                       0x20000088   Section        0  port.o(.bss..L_MergedGlobals)
    ulStoppedTimerCompensation               0x2000008c   Data           1  port.o(.bss..L_MergedGlobals)
    ulMaxPRIGROUPValue                       0x20000090   Data           4  port.o(.bss..L_MergedGlobals)
    xMaximumPossibleSuppressedTicks          0x20000094   Data           4  port.o(.bss..L_MergedGlobals)
    ulTimerCountsForOneTick                  0x20000098   Data           4  port.o(.bss..L_MergedGlobals)
    pvPortMalloc.pucAlignedHeap              0x2000009c   Data           4  heap_1.o(.bss..L_MergedGlobals)
    [Anonymous Symbol]                       0x2000009c   Section        0  heap_1.o(.bss..L_MergedGlobals)
    xNextFreeByte                            0x200000a0   Data           4  heap_1.o(.bss..L_MergedGlobals)
    uxTopReadyPriority                       0x200000a4   Data           4  tasks.o(.bss..L_MergedGlobals)
    [Anonymous Symbol]                       0x200000a4   Section        0  tasks.o(.bss..L_MergedGlobals)
    uxTaskNumber                             0x200000a8   Data           4  tasks.o(.bss..L_MergedGlobals)
    uxDeletedTasksWaitingCleanUp             0x200000ac   Data           4  tasks.o(.bss..L_MergedGlobals)
    uxCurrentNumberOfTasks                   0x200000b0   Data           4  tasks.o(.bss..L_MergedGlobals)
    xSchedulerRunning                        0x200000b4   Data           4  tasks.o(.bss..L_MergedGlobals)
    uxSchedulerSuspended                     0x200000b8   Data           4  tasks.o(.bss..L_MergedGlobals)
    xTickCount                               0x200000bc   Data           4  tasks.o(.bss..L_MergedGlobals)
    pxDelayedTaskList                        0x200000c0   Data           4  tasks.o(.bss..L_MergedGlobals)
    pxOverflowDelayedTaskList                0x200000c4   Data           4  tasks.o(.bss..L_MergedGlobals)
    xYieldPending                            0x200000c8   Data           4  tasks.o(.bss..L_MergedGlobals)
    xIdleTaskHandle                          0x200000cc   Data           4  tasks.o(.bss..L_MergedGlobals)
    xNextTaskUnblockTime                     0x200000d0   Data           4  tasks.o(.bss..L_MergedGlobals)
    xPendedTicks                             0x200000d4   Data           4  tasks.o(.bss..L_MergedGlobals)
    xNumOfOverflows                          0x200000d8   Data           4  tasks.o(.bss..L_MergedGlobals)
    xTasksWaitingTermination                 0x200000dc   Data          20  tasks.o(.bss..L_MergedGlobals)
    xSuspendedTaskList                       0x200000f0   Data          20  tasks.o(.bss..L_MergedGlobals)
    xPendingReadyList                        0x20000104   Data          20  tasks.o(.bss..L_MergedGlobals)
    xDelayedTaskList1                        0x20000118   Data          20  tasks.o(.bss..L_MergedGlobals.1)
    [Anonymous Symbol]                       0x20000118   Section        0  tasks.o(.bss..L_MergedGlobals.1)
    xDelayedTaskList2                        0x2000012c   Data          20  tasks.o(.bss..L_MergedGlobals.1)
    __tagsym$$used.1                         0x20000140   Number         0  tasks.o(.bss.pxCurrentTCB)
    pxReadyTasksLists                        0x20000144   Data         100  tasks.o(.bss.pxReadyTasksLists)
    [Anonymous Symbol]                       0x20000144   Section        0  tasks.o(.bss.pxReadyTasksLists)
    ucHeap                                   0x200001a8   Data        4096  heap_1.o(.bss.ucHeap)
    [Anonymous Symbol]                       0x200001a8   Section        0  heap_1.o(.bss.ucHeap)
    Heap_Mem                                 0x200011a8   Data           0  startup_tm4c123.o(HEAP)
    Stack_Mem                                0x200011a8   Data         512  startup_tm4c123.o(STACK)
    HEAP                                     0x200011a8   Section        0  startup_tm4c123.o(HEAP)
    STACK                                    0x200011a8   Section      512  startup_tm4c123.o(STACK)
    __initial_sp                             0x200013a8   Data           0  startup_tm4c123.o(STACK)

    Global Symbols

    Symbol Name                              Value     Ov Type        Size  Object(Section)

    BuildAttributes$$THM_ISAv4$E$P$D$K$B$S$7EM$VFPi3$EXTD16$VFPS$VFMA$PE$A:L22UL41UL21$X:L11$S22US41US21$IEEE1$IW$~IW$USESV6$~STKCKD$USESV7$~SHL$OSPACE$ROPI$EBA8$UX$STANDARDLIB$REQ8$PRES8$EABIv2 0x00000000   Number         0  anon$$obj.o ABSOLUTE
    __Vectors                                0x00000000   Data           4  startup_tm4c123.o(RESET)
    __ARM_exceptions_init                     - Undefined Weak Reference
    __alloca_initialize                       - Undefined Weak Reference
    __arm_preinit_                            - Undefined Weak Reference
    __arm_relocate_pie_                       - Undefined Weak Reference
    __cpp_initialize__aeabi_                  - Undefined Weak Reference
    __cxa_finalize                            - Undefined Weak Reference
    __rt_locale                               - Undefined Weak Reference
    __sigvec_lookup                           - Undefined Weak Reference
    _atexit_init                              - Undefined Weak Reference
    _call_atexit_fns                          - Undefined Weak Reference
    _clock_init                               - Undefined Weak Reference
    _fp_trap_init                             - Undefined Weak Reference
    _fp_trap_shutdown                         - Undefined Weak Reference
    _get_lc_collate                           - Undefined Weak Reference
    _get_lc_ctype                             - Undefined Weak Reference
    _get_lc_monetary                          - Undefined Weak Reference
    _get_lc_numeric                           - Undefined Weak Reference
    _get_lc_time                              - Undefined Weak Reference
    _getenv_init                              - Undefined Weak Reference
    _handle_redirection                       - Undefined Weak Reference
    _init_alloc                               - Undefined Weak Reference
    _init_user_alloc                          - Undefined Weak Reference
    _initio                                   - Undefined Weak Reference
    _rand_init                                - Undefined Weak Reference
    _signal_finish                            - Undefined Weak Reference
    _signal_init                              - Undefined Weak Reference
    _terminate_alloc                          - Undefined Weak Reference
    _terminate_user_alloc                     - Undefined Weak Reference
    _terminateio                              - Undefined Weak Reference
    __Vectors_End                            0x0000026c   Data           0  startup_tm4c123.o(RESET)
    __Vectors_Size                           0x0000026c   Number         0  startup_tm4c123.o ABSOLUTE
    __main                                   0x0000026d   Thumb Code     8  __main.o(!!!main)
    __scatterload                            0x00000275   Thumb Code     0  __scatter.o(!!!scatter)
    __scatterload_rt2                        0x00000275   Thumb Code    84  __scatter.o(!!!scatter)
    __scatterload_rt2_thumb_only             0x00000275   Thumb Code     0  __scatter.o(!!!scatter)
    __scatterload_loop                       0x0000027f   Thumb Code     0  __scatter.o(!!!scatter)
    __scatterload_copy                       0x000002d1   Thumb Code    26  __scatter_copy.o(!!handler_copy)
    __scatterload_null                       0x000002ed   Thumb Code     2  __scatter.o(!!handler_null)
    __scatterload_zeroinit                   0x000002f1   Thumb Code    28  __scatter_zi.o(!!handler_zi)
    __rt_lib_init                            0x0000030d   Thumb Code     0  libinit.o(.ARM.Collect$$libinit$$00000000)
    __rt_lib_init_fp_1                       0x0000030f   Thumb Code     0  libinit2.o(.ARM.Collect$$libinit$$00000001)
    __rt_lib_init_alloca_1                   0x00000313   Thumb Code     0  libinit2.o(.ARM.Collect$$libinit$$00000030)
    __rt_lib_init_argv_1                     0x00000313   Thumb Code     0  libinit2.o(.ARM.Collect$$libinit$$0000002E)
    __rt_lib_init_atexit_1                   0x00000313   Thumb Code     0  libinit2.o(.ARM.Collect$$libinit$$0000001D)
    __rt_lib_init_clock_1                    0x00000313   Thumb Code     0  libinit2.o(.ARM.Collect$$libinit$$00000023)
    __rt_lib_init_cpp_1                      0x00000313   Thumb Code     0  libinit2.o(.ARM.Collect$$libinit$$00000034)
    __rt_lib_init_exceptions_1               0x00000313   Thumb Code     0  libinit2.o(.ARM.Collect$$libinit$$00000032)
    __rt_lib_init_fp_trap_1                  0x00000313   Thumb Code     0  libinit2.o(.ARM.Collect$$libinit$$00000021)
    __rt_lib_init_getenv_1                   0x00000313   Thumb Code     0  libinit2.o(.ARM.Collect$$libinit$$00000025)
    __rt_lib_init_heap_1                     0x00000313   Thumb Code     0  libinit2.o(.ARM.Collect$$libinit$$0000000C)
    __rt_lib_init_lc_collate_1               0x00000313   Thumb Code     0  libinit2.o(.ARM.Collect$$libinit$$00000013)
    __rt_lib_init_lc_ctype_1                 0x00000313   Thumb Code     0  libinit2.o(.ARM.Collect$$libinit$$00000015)
    __rt_lib_init_lc_monetary_1              0x00000313   Thumb Code     0  libinit2.o(.ARM.Collect$$libinit$$00000017)
    __rt_lib_init_lc_numeric_1               0x00000313   Thumb Code     0  libinit2.o(.ARM.Collect$$libinit$$00000019)
    __rt_lib_init_lc_time_1                  0x00000313   Thumb Code     0  libinit2.o(.ARM.Collect$$libinit$$0000001B)
    __rt_lib_init_preinit_1                  0x00000313   Thumb Code     0  libinit2.o(.ARM.Collect$$libinit$$00000006)
    __rt_lib_init_rand_1                     0x00000313   Thumb Code     0  libinit2.o(.ARM.Collect$$libinit$$00000010)
    __rt_lib_init_relocate_pie_1             0x00000313   Thumb Code     0  libinit2.o(.ARM.Collect$$libinit$$00000004)
    __rt_lib_init_return                     0x00000313   Thumb Code     0  libinit2.o(.ARM.Collect$$libinit$$00000035)
    __rt_lib_init_signal_1                   0x00000313   Thumb Code     0  libinit2.o(.ARM.Collect$$libinit$$0000001F)
    __rt_lib_init_stdio_1                    0x00000313   Thumb Code     0  libinit2.o(.ARM.Collect$$libinit$$00000027)
    __rt_lib_init_user_alloc_1               0x00000313   Thumb Code     0  libinit2.o(.ARM.Collect$$libinit$$0000000E)
    __rt_lib_shutdown                        0x00000315   Thumb Code     0  libshutdown.o(.ARM.Collect$$libshutdown$$00000000)
    __rt_lib_shutdown_cpp_1                  0x00000317   Thumb Code     0  libshutdown2.o(.ARM.Collect$$libshutdown$$00000002)
    __rt_lib_shutdown_fp_trap_1              0x00000317   Thumb Code     0  libshutdown2.o(.ARM.Collect$$libshutdown$$00000007)
    __rt_lib_shutdown_heap_1                 0x00000317   Thumb Code     0  libshutdown2.o(.ARM.Collect$$libshutdown$$0000000F)
    __rt_lib_shutdown_return                 0x00000317   Thumb Code     0  libshutdown2.o(.ARM.Collect$$libshutdown$$00000010)
    __rt_lib_shutdown_signal_1               0x00000317   Thumb Code     0  libshutdown2.o(.ARM.Collect$$libshutdown$$0000000A)
    __rt_lib_shutdown_stdio_1                0x00000317   Thumb Code     0  libshutdown2.o(.ARM.Collect$$libshutdown$$00000004)
    __rt_lib_shutdown_user_alloc_1           0x00000317   Thumb Code     0  libshutdown2.o(.ARM.Collect$$libshutdown$$0000000C)
    __rt_entry                               0x00000319   Thumb Code     0  __rtentry.o(.ARM.Collect$$rtentry$$00000000)
    __rt_entry_presh_1                       0x00000319   Thumb Code     0  __rtentry2.o(.ARM.Collect$$rtentry$$00000002)
    __rt_entry_sh                            0x00000319   Thumb Code     0  __rtentry4.o(.ARM.Collect$$rtentry$$00000004)
    __rt_entry_li                            0x0000031f   Thumb Code     0  __rtentry2.o(.ARM.Collect$$rtentry$$0000000A)
    __rt_entry_postsh_1                      0x0000031f   Thumb Code     0  __rtentry2.o(.ARM.Collect$$rtentry$$00000009)
    __rt_entry_main                          0x00000323   Thumb Code     0  __rtentry2.o(.ARM.Collect$$rtentry$$0000000D)
    __rt_entry_postli_1                      0x00000323   Thumb Code     0  __rtentry2.o(.ARM.Collect$$rtentry$$0000000C)
    __rt_exit                                0x0000032b   Thumb Code     0  rtexit.o(.ARM.Collect$$rtexit$$00000000)
    __rt_exit_ls                             0x0000032d   Thumb Code     0  rtexit2.o(.ARM.Collect$$rtexit$$00000003)
    __rt_exit_prels_1                        0x0000032d   Thumb Code     0  rtexit2.o(.ARM.Collect$$rtexit$$00000002)
    __rt_exit_exit                           0x00000331   Thumb Code     0  rtexit2.o(.ARM.Collect$$rtexit$$00000004)
    Reset_Handler                            0x00000339   Thumb Code     8  startup_tm4c123.o(.text)
    NMI_Handler                              0x00000341   Thumb Code     2  startup_tm4c123.o(.text)
    HardFault_Handler                        0x00000343   Thumb Code     2  startup_tm4c123.o(.text)
    MemManage_Handler                        0x00000345   Thumb Code     2  startup_tm4c123.o(.text)
    BusFault_Handler                         0x00000347   Thumb Code     2  startup_tm4c123.o(.text)
    UsageFault_Handler                       0x00000349   Thumb Code     2  startup_tm4c123.o(.text)
    DebugMon_Handler                         0x0000034d   Thumb Code     2  startup_tm4c123.o(.text)
    GPIOA_Handler                            0x00000353   Thumb Code     2  startup_tm4c123.o(.text)
    GPIOB_Handler                            0x00000355   Thumb Code     2  startup_tm4c123.o(.text)
    GPIOC_Handler                            0x00000357   Thumb Code     2  startup_tm4c123.o(.text)
    GPIOD_Handler                            0x00000359   Thumb Code     2  startup_tm4c123.o(.text)
    GPIOE_Handler                            0x0000035b   Thumb Code     2  startup_tm4c123.o(.text)
    UART0_Handler                            0x0000035d   Thumb Code     2  startup_tm4c123.o(.text)
    UART1_Handler                            0x0000035f   Thumb Code     2  startup_tm4c123.o(.text)
    SSI0_Handler                             0x00000361   Thumb Code     2  startup_tm4c123.o(.text)
    I2C0_Handler                             0x00000363   Thumb Code     2  startup_tm4c123.o(.text)
    PMW0_FAULT_Handler                       0x00000365   Thumb Code     2  startup_tm4c123.o(.text)
    PWM0_0_Handler                           0x00000367   Thumb Code     2  startup_tm4c123.o(.text)
    PWM0_1_Handler                           0x00000369   Thumb Code     2  startup_tm4c123.o(.text)
    PWM0_2_Handler                           0x0000036b   Thumb Code     2  startup_tm4c123.o(.text)
    QEI0_Handler                             0x0000036d   Thumb Code     2  startup_tm4c123.o(.text)
    ADC0SS0_Handler                          0x0000036f   Thumb Code     2  startup_tm4c123.o(.text)
    ADC0SS1_Handler                          0x00000371   Thumb Code     2  startup_tm4c123.o(.text)
    ADC0SS2_Handler                          0x00000373   Thumb Code     2  startup_tm4c123.o(.text)
    ADC0SS3_Handler                          0x00000375   Thumb Code     2  startup_tm4c123.o(.text)
    WDT0_Handler                             0x00000377   Thumb Code     2  startup_tm4c123.o(.text)
    TIMER0A_Handler                          0x00000379   Thumb Code     2  startup_tm4c123.o(.text)
    TIMER0B_Handler                          0x0000037b   Thumb Code     2  startup_tm4c123.o(.text)
    TIMER1A_Handler                          0x0000037d   Thumb Code     2  startup_tm4c123.o(.text)
    TIMER1B_Handler                          0x0000037f   Thumb Code     2  startup_tm4c123.o(.text)
    TIMER2A_Handler                          0x00000381   Thumb Code     2  startup_tm4c123.o(.text)
    TIMER2B_Handler                          0x00000383   Thumb Code     2  startup_tm4c123.o(.text)
    COMP0_Handler                            0x00000385   Thumb Code     2  startup_tm4c123.o(.text)
    COMP1_Handler                            0x00000387   Thumb Code     2  startup_tm4c123.o(.text)
    COMP2_Handler                            0x00000389   Thumb Code     2  startup_tm4c123.o(.text)
    SYSCTL_Handler                           0x0000038b   Thumb Code     2  startup_tm4c123.o(.text)
    FLASH_Handler                            0x0000038d   Thumb Code     2  startup_tm4c123.o(.text)
    GPIOG_Handler                            0x00000391   Thumb Code     2  startup_tm4c123.o(.text)
    GPIOH_Handler                            0x00000393   Thumb Code     2  startup_tm4c123.o(.text)
    UART2_Handler                            0x00000395   Thumb Code     2  startup_tm4c123.o(.text)
    SSI1_Handler                             0x00000397   Thumb Code     2  startup_tm4c123.o(.text)
    TIMER3A_Handler                          0x00000399   Thumb Code     2  startup_tm4c123.o(.text)
    TIMER3B_Handler                          0x0000039b   Thumb Code     2  startup_tm4c123.o(.text)
    I2C1_Handler                             0x0000039d   Thumb Code     2  startup_tm4c123.o(.text)
    QEI1_Handler                             0x0000039f   Thumb Code     2  startup_tm4c123.o(.text)
    CAN0_Handler                             0x000003a1   Thumb Code     2  startup_tm4c123.o(.text)
    CAN1_Handler                             0x000003a3   Thumb Code     2  startup_tm4c123.o(.text)
    CAN2_Handler                             0x000003a5   Thumb Code     2  startup_tm4c123.o(.text)
    HIB_Handler                              0x000003a7   Thumb Code     2  startup_tm4c123.o(.text)
    USB0_Handler                             0x000003a9   Thumb Code     2  startup_tm4c123.o(.text)
    PWM0_3_Handler                           0x000003ab   Thumb Code     2  startup_tm4c123.o(.text)
    UDMA_Handler                             0x000003ad   Thumb Code     2  startup_tm4c123.o(.text)
    UDMAERR_Handler                          0x000003af   Thumb Code     2  startup_tm4c123.o(.text)
    ADC1SS0_Handler                          0x000003b1   Thumb Code     2  startup_tm4c123.o(.text)
    ADC1SS1_Handler                          0x000003b3   Thumb Code     2  startup_tm4c123.o(.text)
    ADC1SS2_Handler                          0x000003b5   Thumb Code     2  startup_tm4c123.o(.text)
    ADC1SS3_Handler                          0x000003b7   Thumb Code     2  startup_tm4c123.o(.text)
    GPIOJ_Handler                            0x000003b9   Thumb Code     2  startup_tm4c123.o(.text)
    GPIOK_Handler                            0x000003bb   Thumb Code     2  startup_tm4c123.o(.text)
    GPIOL_Handler                            0x000003bd   Thumb Code     2  startup_tm4c123.o(.text)
    SSI2_Handler                             0x000003bf   Thumb Code     2  startup_tm4c123.o(.text)
    SSI3_Handler                             0x000003c1   Thumb Code     2  startup_tm4c123.o(.text)
    UART3_Handler                            0x000003c3   Thumb Code     2  startup_tm4c123.o(.text)
    UART4_Handler                            0x000003c5   Thumb Code     2  startup_tm4c123.o(.text)
    UART5_Handler                            0x000003c7   Thumb Code     2  startup_tm4c123.o(.text)
    UART6_Handler                            0x000003c9   Thumb Code     2  startup_tm4c123.o(.text)
    UART7_Handler                            0x000003cb   Thumb Code     2  startup_tm4c123.o(.text)
    I2C2_Handler                             0x000003cd   Thumb Code     2  startup_tm4c123.o(.text)
    I2C3_Handler                             0x000003cf   Thumb Code     2  startup_tm4c123.o(.text)
    TIMER4A_Handler                          0x000003d1   Thumb Code     2  startup_tm4c123.o(.text)
    TIMER4B_Handler                          0x000003d3   Thumb Code     2  startup_tm4c123.o(.text)
    TIMER5A_Handler                          0x000003d5   Thumb Code     2  startup_tm4c123.o(.text)
    TIMER5B_Handler                          0x000003d7   Thumb Code     2  startup_tm4c123.o(.text)
    WTIMER0A_Handler                         0x000003d9   Thumb Code     2  startup_tm4c123.o(.text)
    WTIMER0B_Handler                         0x000003db   Thumb Code     2  startup_tm4c123.o(.text)
    WTIMER1A_Handler                         0x000003dd   Thumb Code     2  startup_tm4c123.o(.text)
    WTIMER1B_Handler                         0x000003df   Thumb Code     2  startup_tm4c123.o(.text)
    WTIMER2A_Handler                         0x000003e1   Thumb Code     2  startup_tm4c123.o(.text)
    WTIMER2B_Handler                         0x000003e3   Thumb Code     2  startup_tm4c123.o(.text)
    WTIMER3A_Handler                         0x000003e5   Thumb Code     2  startup_tm4c123.o(.text)
    WTIMER3B_Handler                         0x000003e7   Thumb Code     2  startup_tm4c123.o(.text)
    WTIMER4A_Handler                         0x000003e9   Thumb Code     2  startup_tm4c123.o(.text)
    WTIMER4B_Handler                         0x000003eb   Thumb Code     2  startup_tm4c123.o(.text)
    WTIMER5A_Handler                         0x000003ed   Thumb Code     2  startup_tm4c123.o(.text)
    WTIMER5B_Handler                         0x000003ef   Thumb Code     2  startup_tm4c123.o(.text)
    FPU_Handler                              0x000003f1   Thumb Code     2  startup_tm4c123.o(.text)
    I2C4_Handler                             0x000003f3   Thumb Code     2  startup_tm4c123.o(.text)
    I2C5_Handler                             0x000003f5   Thumb Code     2  startup_tm4c123.o(.text)
    GPIOM_Handler                            0x000003f7   Thumb Code     2  startup_tm4c123.o(.text)
    GPION_Handler                            0x000003f9   Thumb Code     2  startup_tm4c123.o(.text)
    QEI2_Handler                             0x000003fb   Thumb Code     2  startup_tm4c123.o(.text)
    GPIOP0_Handler                           0x000003fd   Thumb Code     2  startup_tm4c123.o(.text)
    GPIOP1_Handler                           0x000003ff   Thumb Code     2  startup_tm4c123.o(.text)
    GPIOP2_Handler                           0x00000401   Thumb Code     2  startup_tm4c123.o(.text)
    GPIOP3_Handler                           0x00000403   Thumb Code     2  startup_tm4c123.o(.text)
    GPIOP4_Handler                           0x00000405   Thumb Code     2  startup_tm4c123.o(.text)
    GPIOP5_Handler                           0x00000407   Thumb Code     2  startup_tm4c123.o(.text)
    GPIOP6_Handler                           0x00000409   Thumb Code     2  startup_tm4c123.o(.text)
    GPIOP7_Handler                           0x0000040b   Thumb Code     2  startup_tm4c123.o(.text)
    GPIOQ0_Handler                           0x0000040d   Thumb Code     2  startup_tm4c123.o(.text)
    GPIOQ1_Handler                           0x0000040f   Thumb Code     2  startup_tm4c123.o(.text)
    GPIOQ2_Handler                           0x00000411   Thumb Code     2  startup_tm4c123.o(.text)
    GPIOQ3_Handler                           0x00000413   Thumb Code     2  startup_tm4c123.o(.text)
    GPIOQ4_Handler                           0x00000415   Thumb Code     2  startup_tm4c123.o(.text)
    GPIOQ5_Handler                           0x00000417   Thumb Code     2  startup_tm4c123.o(.text)
    GPIOQ6_Handler                           0x00000419   Thumb Code     2  startup_tm4c123.o(.text)
    GPIOQ7_Handler                           0x0000041b   Thumb Code     2  startup_tm4c123.o(.text)
    GPIOR_Handler                            0x0000041d   Thumb Code     2  startup_tm4c123.o(.text)
    GPIOS_Handler                            0x0000041f   Thumb Code     2  startup_tm4c123.o(.text)
    PMW1_0_Handler                           0x00000421   Thumb Code     2  startup_tm4c123.o(.text)
    PWM1_1_Handler                           0x00000423   Thumb Code     2  startup_tm4c123.o(.text)
    PWM1_2_Handler                           0x00000425   Thumb Code     2  startup_tm4c123.o(.text)
    PWM1_3_Handler                           0x00000427   Thumb Code     2  startup_tm4c123.o(.text)
    PWM1_FAULT_Handler                       0x00000429   Thumb Code     2  startup_tm4c123.o(.text)
    __user_initial_stackheap                 0x0000042d   Thumb Code     0  startup_tm4c123.o(.text)
    __aeabi_memcpy                           0x0000044d   Thumb Code     0  rt_memcpy_v6.o(.text)
    __rt_memcpy                              0x0000044d   Thumb Code   138  rt_memcpy_v6.o(.text)
    _memcpy_lastbytes                        0x000004b3   Thumb Code     0  rt_memcpy_v6.o(.text)
    __aeabi_memset4                          0x000004d7   Thumb Code    16  aeabi_memset4.o(.text)
    __aeabi_memset8                          0x000004d7   Thumb Code     0  aeabi_memset4.o(.text)
    __aeabi_memclr                           0x000004e7   Thumb Code     0  rt_memclr.o(.text)
    __rt_memclr                              0x000004e7   Thumb Code     0  rt_memclr.o(.text)
    _memset                                  0x000004eb   Thumb Code    64  rt_memclr.o(.text)
    __use_two_region_memory                  0x0000052b   Thumb Code     2  heapauxi.o(.text)
    __rt_heap_escrow$2region                 0x0000052d   Thumb Code     2  heapauxi.o(.text)
    __rt_heap_expand$2region                 0x0000052f   Thumb Code     2  heapauxi.o(.text)
    __aeabi_memcpy4                          0x00000531   Thumb Code     0  rt_memcpy_w.o(.text)
    __aeabi_memcpy8                          0x00000531   Thumb Code     0  rt_memcpy_w.o(.text)
    __rt_memcpy_w                            0x00000531   Thumb Code   100  rt_memcpy_w.o(.text)
    _memcpy_lastbytes_aligned                0x00000579   Thumb Code     0  rt_memcpy_w.o(.text)
    __aeabi_memclr4                          0x00000595   Thumb Code     0  rt_memclr_w.o(.text)
    __aeabi_memclr8                          0x00000595   Thumb Code     0  rt_memclr_w.o(.text)
    __rt_memclr_w                            0x00000595   Thumb Code     0  rt_memclr_w.o(.text)
    _memset_w                                0x00000599   Thumb Code    74  rt_memclr_w.o(.text)
    __user_setup_stackheap                   0x000005e3   Thumb Code    74  sys_stackheap_outer.o(.text)
    exit                                     0x0000062d   Thumb Code    18  exit.o(.text)
    __user_libspace                          0x00000641   Thumb Code     8  libspace.o(.text)
    __user_perproc_libspace                  0x00000641   Thumb Code     0  libspace.o(.text)
    __user_perthread_libspace                0x00000641   Thumb Code     0  libspace.o(.text)
    _sys_exit                                0x00000649   Thumb Code     8  sys_exit.o(.text)
    __I$use$semihosting                      0x00000655   Thumb Code     0  use_no_semi.o(.text)
    __use_no_semihosting_swi                 0x00000655   Thumb Code     2  use_no_semi.o(.text)
    __semihosting_library_function           0x00000657   Thumb Code     0  indicate_semi.o(.text)
    DIO_DIR                                  0x00000659   Thumb Code   184  dio.o(.text.DIO_DIR)
    DIO_Init                                 0x00000731   Thumb Code    20  dio.o(.text.DIO_Init)
    DriverListner                            0x00000749   Thumb Code   144  main.o(.text.DriverListner)
    GPIOF_Handler                            0x000007d9   Thumb Code   132  main.o(.text.GPIOF_Handler)
    Init                                     0x00000861   Thumb Code    14  main.o(.text.Init)
    MotorDriver                              0x00000871   Thumb Code   136  main.o(.text.MotorDriver)
    PORTF_Interrupt_Enable                   0x000009d5   Thumb Code    68  main.o(.text.PORTF_Interrupt_Enable)
    PassengerLisnter                         0x00000a25   Thumb Code   168  main.o(.text.PassengerLisnter)
    PendSV_Handler                           0x00000ae1   Thumb Code   100  port.o(.text.PendSV_Handler)
    SVC_Handler                              0x00000b51   Thumb Code    36  port.o(.text.SVC_Handler)
    SysTick_Handler                          0x00000b75   Thumb Code    40  port.o(.text.SysTick_Handler)
    SystemInit                               0x00000ba1   Thumb Code    68  system_tm4c123.o(.text.SystemInit)
    eTaskConfirmSleepModeStatus              0x00000c01   Thumb Code    36  tasks.o(.text.eTaskConfirmSleepModeStatus)
    main                                     0x00000c25   Thumb Code   124  main.o(.text.main)
    psh_btn_init                             0x00001041   Thumb Code   112  main.o(.text.psh_btn_init)
    pvPortMalloc                             0x000010b5   Thumb Code    80  heap_1.o(.text.pvPortMalloc)
    pvTaskIncrementMutexHeldCount            0x0000110d   Thumb Code    20  tasks.o(.text.pvTaskIncrementMutexHeldCount)
    pxPortInitialiseStack                    0x00001125   Thumb Code    32  port.o(.text.pxPortInitialiseStack)
    uxListRemove                             0x00001149   Thumb Code    34  list.o(.text.uxListRemove)
    uxTaskGetNumberOfTasks                   0x0000116d   Thumb Code     8  tasks.o(.text.uxTaskGetNumberOfTasks)
    vListInitialise                          0x00001179   Thumb Code    22  list.o(.text.vListInitialise)
    vListInitialiseItem                      0x0000118f   Thumb Code     6  list.o(.text.vListInitialiseItem)
    vListInsert                              0x00001195   Thumb Code    46  list.o(.text.vListInsert)
    vPortEnterCritical                       0x000011d9   Thumb Code    56  port.o(.text.vPortEnterCritical)
    vPortExitCritical                        0x00001215   Thumb Code    40  port.o(.text.vPortExitCritical)
    vPortFree                                0x00001241   Thumb Code    22  heap_1.o(.text.vPortFree)
    vPortSetupTimerInterrupt                 0x00001259   Thumb Code    56  port.o(.text.vPortSetupTimerInterrupt)
    vPortSuppressTicksAndSleep               0x00001295   Thumb Code   220  port.o(.text.vPortSuppressTicksAndSleep)
    vTaskDelay                               0x00001379   Thumb Code    64  tasks.o(.text.vTaskDelay)
    vTaskInternalSetTimeOutState             0x000013bd   Thumb Code    12  tasks.o(.text.vTaskInternalSetTimeOutState)
    vTaskMissedYield                         0x000013c9   Thumb Code     8  tasks.o(.text.vTaskMissedYield)
    vTaskPlaceOnEventList                    0x000013d1   Thumb Code    48  tasks.o(.text.vTaskPlaceOnEventList)
    vTaskPriorityDisinheritAfterTimeout      0x00001401   Thumb Code   144  tasks.o(.text.vTaskPriorityDisinheritAfterTimeout)
    vTaskStartScheduler                      0x00001495   Thumb Code    96  tasks.o(.text.vTaskStartScheduler)
    vTaskStepTick                            0x00001509   Thumb Code   112  tasks.o(.text.vTaskStepTick)
    vTaskSuspendAll                          0x00001579   Thumb Code    12  tasks.o(.text.vTaskSuspendAll)
    vTaskSwitchContext                       0x00001585   Thumb Code    88  tasks.o(.text.vTaskSwitchContext)
    xPortStartScheduler                      0x000015e9   Thumb Code   204  port.o(.text.xPortStartScheduler)
    xQueueCreateMutex                        0x000016cd   Thumb Code    40  queue.o(.text.xQueueCreateMutex)
    xQueueGenericCreate                      0x000016f5   Thumb Code    88  queue.o(.text.xQueueGenericCreate)
    xQueueGenericReset                       0x0000174d   Thumb Code   152  queue.o(.text.xQueueGenericReset)
    xQueueGenericSend                        0x000017e5   Thumb Code   404  queue.o(.text.xQueueGenericSend)
    xQueueReceive                            0x00001979   Thumb Code   304  queue.o(.text.xQueueReceive)
    xQueueSemaphoreTake                      0x00001aad   Thumb Code   368  queue.o(.text.xQueueSemaphoreTake)
    xTaskCheckForTimeOut                     0x00001c21   Thumb Code   132  tasks.o(.text.xTaskCheckForTimeOut)
    xTaskCreate                              0x00001ca5   Thumb Code   392  tasks.o(.text.xTaskCreate)
    xTaskGetSchedulerState                   0x00001e39   Thumb Code    24  tasks.o(.text.xTaskGetSchedulerState)
    xTaskIncrementTick                       0x00001e51   Thumb Code   288  tasks.o(.text.xTaskIncrementTick)
    xTaskPriorityDisinherit                  0x00001f71   Thumb Code   144  tasks.o(.text.xTaskPriorityDisinherit)
    xTaskPriorityInherit                     0x00002009   Thumb Code   140  tasks.o(.text.xTaskPriorityInherit)
    xTaskRemoveFromEventList                 0x00002099   Thumb Code   188  tasks.o(.text.xTaskRemoveFromEventList)
    xTaskResumeAll                           0x0000215d   Thumb Code   268  tasks.o(.text.xTaskResumeAll)
    _fp_init                                 0x00002279   Thumb Code    26  fpinit.o(x$fpl$fpinit)
    __fplib_config_fpu_vfp                   0x00002291   Thumb Code     0  fpinit.o(x$fpl$fpinit)
    __fplib_config_pureend_doubles           0x00002291   Thumb Code     0  fpinit.o(x$fpl$fpinit)
    uxTopUsedPriority                        0x0000229c   Data           4  tasks.o(.rodata.uxTopUsedPriority)
    Region$$Table$$Base                      0x000022a0   Number         0  anon$$obj.o(Region$$Table)
    Region$$Table$$Limit                     0x000022c0   Number         0  anon$$obj.o(Region$$Table)
    SystemCoreClock                          0x20000000   Data           4  system_tm4c123.o(.data.SystemCoreClock)
    windowActive                             0x20000008   Data           1  main.o(.data.windowActive)
    __libspace_start                         0x20000010   Data          96  libspace.o(.bss)
    __temporary_stack_top$libspace           0x20000070   Data           0  libspace.o(.bss)
    lockEnabled                              0x20000070   Data           1  main.o(.bss..L_MergedGlobals)
    lastDirection                            0x20000072   Data           2  main.o(.bss..L_MergedGlobals)
    xQueue                                   0x20000074   Data           4  main.o(.bss..L_MergedGlobals)
    xMutex                                   0x20000078   Data           4  main.o(.bss..L_MergedGlobals)
    xLockSemaphore                           0x2000007c   Data           4  main.o(.bss..L_MergedGlobals)
    DriverHandle                             0x20000080   Data           4  main.o(.bss..L_MergedGlobals)
    PassengerHandler                         0x20000084   Data           4  main.o(.bss..L_MergedGlobals)
    pxCurrentTCB                             0x20000140   Data           4  tasks.o(.bss.pxCurrentTCB)



==============================================================================

Memory Map of the image

  Image Entry point : 0x00000339

  Load Region LR_1 (Base: 0x00000000, Size: 0x000022cc, Max: 0xffffffff, ABSOLUTE)

    Execution Region ER_RO (Exec base: 0x00000000, Load base: 0x00000000, Size: 0x000022c0, Max: 0xffffffff, ABSOLUTE)

    Exec Addr    Load Addr    Size         Type   Attr      Idx    E Section Name        Object

    0x00000000   0x00000000   0x0000026c   Data   RO           79    RESET               startup_tm4c123.o
    0x0000026c   0x0000026c   0x00000008   Code   RO          448  * !!!main             c_w.l(__main.o)
    0x00000274   0x00000274   0x0000005c   Code   RO          617    !!!scatter          c_w.l(__scatter.o)
    0x000002d0   0x000002d0   0x0000001a   Code   RO          621    !!handler_copy      c_w.l(__scatter_copy.o)
    0x000002ea   0x000002ea   0x00000002   PAD
    0x000002ec   0x000002ec   0x00000002   Code   RO          618    !!handler_null      c_w.l(__scatter.o)
    0x000002ee   0x000002ee   0x00000002   PAD
    0x000002f0   0x000002f0   0x0000001c   Code   RO          623    !!handler_zi        c_w.l(__scatter_zi.o)
    0x0000030c   0x0000030c   0x00000002   Code   RO          479    .ARM.Collect$$libinit$$00000000  c_w.l(libinit.o)
    0x0000030e   0x0000030e   0x00000004   Code   RO          485    .ARM.Collect$$libinit$$00000001  c_w.l(libinit2.o)
    0x00000312   0x00000312   0x00000000   Code   RO          488    .ARM.Collect$$libinit$$00000004  c_w.l(libinit2.o)
    0x00000312   0x00000312   0x00000000   Code   RO          490    .ARM.Collect$$libinit$$00000006  c_w.l(libinit2.o)
    0x00000312   0x00000312   0x00000000   Code   RO          493    .ARM.Collect$$libinit$$0000000C  c_w.l(libinit2.o)
    0x00000312   0x00000312   0x00000000   Code   RO          495    .ARM.Collect$$libinit$$0000000E  c_w.l(libinit2.o)
    0x00000312   0x00000312   0x00000000   Code   RO          497    .ARM.Collect$$libinit$$00000010  c_w.l(libinit2.o)
    0x00000312   0x00000312   0x00000000   Code   RO          500    .ARM.Collect$$libinit$$00000013  c_w.l(libinit2.o)
    0x00000312   0x00000312   0x00000000   Code   RO          502    .ARM.Collect$$libinit$$00000015  c_w.l(libinit2.o)
    0x00000312   0x00000312   0x00000000   Code   RO          504    .ARM.Collect$$libinit$$00000017  c_w.l(libinit2.o)
    0x00000312   0x00000312   0x00000000   Code   RO          506    .ARM.Collect$$libinit$$00000019  c_w.l(libinit2.o)
    0x00000312   0x00000312   0x00000000   Code   RO          508    .ARM.Collect$$libinit$$0000001B  c_w.l(libinit2.o)
    0x00000312   0x00000312   0x00000000   Code   RO          510    .ARM.Collect$$libinit$$0000001D  c_w.l(libinit2.o)
    0x00000312   0x00000312   0x00000000   Code   RO          512    .ARM.Collect$$libinit$$0000001F  c_w.l(libinit2.o)
    0x00000312   0x00000312   0x00000000   Code   RO          514    .ARM.Collect$$libinit$$00000021  c_w.l(libinit2.o)
    0x00000312   0x00000312   0x00000000   Code   RO          516    .ARM.Collect$$libinit$$00000023  c_w.l(libinit2.o)
    0x00000312   0x00000312   0x00000000   Code   RO          518    .ARM.Collect$$libinit$$00000025  c_w.l(libinit2.o)
    0x00000312   0x00000312   0x00000000   Code   RO          520    .ARM.Collect$$libinit$$00000027  c_w.l(libinit2.o)
    0x00000312   0x00000312   0x00000000   Code   RO          524    .ARM.Collect$$libinit$$0000002E  c_w.l(libinit2.o)
    0x00000312   0x00000312   0x00000000   Code   RO          526    .ARM.Collect$$libinit$$00000030  c_w.l(libinit2.o)
    0x00000312   0x00000312   0x00000000   Code   RO          528    .ARM.Collect$$libinit$$00000032  c_w.l(libinit2.o)
    0x00000312   0x00000312   0x00000000   Code   RO          530    .ARM.Collect$$libinit$$00000034  c_w.l(libinit2.o)
    0x00000312   0x00000312   0x00000002   Code   RO          531    .ARM.Collect$$libinit$$00000035  c_w.l(libinit2.o)
    0x00000314   0x00000314   0x00000002   Code   RO          553    .ARM.Collect$$libshutdown$$00000000  c_w.l(libshutdown.o)
    0x00000316   0x00000316   0x00000000   Code   RO          568    .ARM.Collect$$libshutdown$$00000002  c_w.l(libshutdown2.o)
    0x00000316   0x00000316   0x00000000   Code   RO          570    .ARM.Collect$$libshutdown$$00000004  c_w.l(libshutdown2.o)
    0x00000316   0x00000316   0x00000000   Code   RO          573    .ARM.Collect$$libshutdown$$00000007  c_w.l(libshutdown2.o)
    0x00000316   0x00000316   0x00000000   Code   RO          576    .ARM.Collect$$libshutdown$$0000000A  c_w.l(libshutdown2.o)
    0x00000316   0x00000316   0x00000000   Code   RO          578    .ARM.Collect$$libshutdown$$0000000C  c_w.l(libshutdown2.o)
    0x00000316   0x00000316   0x00000000   Code   RO          581    .ARM.Collect$$libshutdown$$0000000F  c_w.l(libshutdown2.o)
    0x00000316   0x00000316   0x00000002   Code   RO          582    .ARM.Collect$$libshutdown$$00000010  c_w.l(libshutdown2.o)
    0x00000318   0x00000318   0x00000000   Code   RO          450    .ARM.Collect$$rtentry$$00000000  c_w.l(__rtentry.o)
    0x00000318   0x00000318   0x00000000   Code   RO          456    .ARM.Collect$$rtentry$$00000002  c_w.l(__rtentry2.o)
    0x00000318   0x00000318   0x00000006   Code   RO          468    .ARM.Collect$$rtentry$$00000004  c_w.l(__rtentry4.o)
    0x0000031e   0x0000031e   0x00000000   Code   RO          458    .ARM.Collect$$rtentry$$00000009  c_w.l(__rtentry2.o)
    0x0000031e   0x0000031e   0x00000004   Code   RO          459    .ARM.Collect$$rtentry$$0000000A  c_w.l(__rtentry2.o)
    0x00000322   0x00000322   0x00000000   Code   RO          461    .ARM.Collect$$rtentry$$0000000C  c_w.l(__rtentry2.o)
    0x00000322   0x00000322   0x00000008   Code   RO          462    .ARM.Collect$$rtentry$$0000000D  c_w.l(__rtentry2.o)
    0x0000032a   0x0000032a   0x00000002   Code   RO          483    .ARM.Collect$$rtexit$$00000000  c_w.l(rtexit.o)
    0x0000032c   0x0000032c   0x00000000   Code   RO          533    .ARM.Collect$$rtexit$$00000002  c_w.l(rtexit2.o)
    0x0000032c   0x0000032c   0x00000004   Code   RO          534    .ARM.Collect$$rtexit$$00000003  c_w.l(rtexit2.o)
    0x00000330   0x00000330   0x00000006   Code   RO          535    .ARM.Collect$$rtexit$$00000004  c_w.l(rtexit2.o)
    0x00000336   0x00000336   0x00000002   PAD
    0x00000338   0x00000338   0x00000114   Code   RO           80  * .text               startup_tm4c123.o
    0x0000044c   0x0000044c   0x0000008a   Code   RO          440    .text               c_w.l(rt_memcpy_v6.o)
    0x000004d6   0x000004d6   0x00000010   Code   RO          442    .text               c_w.l(aeabi_memset4.o)
    0x000004e6   0x000004e6   0x00000044   Code   RO          444    .text               c_w.l(rt_memclr.o)
    0x0000052a   0x0000052a   0x00000006   Code   RO          446    .text               c_w.l(heapauxi.o)
    0x00000530   0x00000530   0x00000064   Code   RO          451    .text               c_w.l(rt_memcpy_w.o)
    0x00000594   0x00000594   0x0000004e   Code   RO          453    .text               c_w.l(rt_memclr_w.o)
    0x000005e2   0x000005e2   0x0000004a   Code   RO          470    .text               c_w.l(sys_stackheap_outer.o)
    0x0000062c   0x0000062c   0x00000012   Code   RO          472    .text               c_w.l(exit.o)
    0x0000063e   0x0000063e   0x00000002   PAD
    0x00000640   0x00000640   0x00000008   Code   RO          480    .text               c_w.l(libspace.o)
    0x00000648   0x00000648   0x0000000c   Code   RO          543    .text               c_w.l(sys_exit.o)
    0x00000654   0x00000654   0x00000002   Code   RO          558    .text               c_w.l(use_no_semi.o)
    0x00000656   0x00000656   0x00000000   Code   RO          560    .text               c_w.l(indicate_semi.o)
    0x00000656   0x00000656   0x00000002   PAD
    0x00000658   0x00000658   0x000000d8   Code   RO           62    .text.DIO_DIR       dio.o
    0x00000730   0x00000730   0x00000018   Code   RO           60    .text.DIO_Init      dio.o
    0x00000748   0x00000748   0x00000090   Code   RO           22    .text.DriverListner  main.o
    0x000007d8   0x000007d8   0x00000088   Code   RO           34    .text.GPIOF_Handler  main.o
    0x00000860   0x00000860   0x0000000e   Code   RO           28    .text.Init          main.o
    0x0000086e   0x0000086e   0x00000002   PAD
    0x00000870   0x00000870   0x0000008c   Code   RO           18    .text.MotorDriver   main.o
    0x000008fc   0x000008fc   0x00000008   Code   RO           38    .text.OUTLINED_FUNCTION_0  main.o
    0x00000904   0x00000904   0x00000006   Code   RO          248    .text.OUTLINED_FUNCTION_0  queue.o
    0x0000090a   0x0000090a   0x00000008   Code   RO           40    .text.OUTLINED_FUNCTION_1  main.o
    0x00000912   0x00000912   0x00000008   Code   RO          250    .text.OUTLINED_FUNCTION_1  queue.o
    0x0000091a   0x0000091a   0x00000008   Code   RO          400    .text.OUTLINED_FUNCTION_1  tasks.o
    0x00000922   0x00000922   0x0000000e   Code   RO          418    .text.OUTLINED_FUNCTION_10  tasks.o
    0x00000930   0x00000930   0x0000000e   Code   RO          420    .text.OUTLINED_FUNCTION_11  tasks.o
    0x0000093e   0x0000093e   0x0000000e   Code   RO          422    .text.OUTLINED_FUNCTION_12  tasks.o
    0x0000094c   0x0000094c   0x00000006   Code   RO          252    .text.OUTLINED_FUNCTION_2  queue.o
    0x00000952   0x00000952   0x00000020   Code   RO          402    .text.OUTLINED_FUNCTION_2  tasks.o
    0x00000972   0x00000972   0x0000000a   Code   RO           44    .text.OUTLINED_FUNCTION_3  main.o
    0x0000097c   0x0000097c   0x00000006   Code   RO          254    .text.OUTLINED_FUNCTION_3  queue.o
    0x00000982   0x00000982   0x0000001a   Code   RO          404    .text.OUTLINED_FUNCTION_3  tasks.o
    0x0000099c   0x0000099c   0x00000010   Code   RO          256    .text.OUTLINED_FUNCTION_4  queue.o
    0x000009ac   0x000009ac   0x00000008   Code   RO          406    .text.OUTLINED_FUNCTION_4  tasks.o
    0x000009b4   0x000009b4   0x00000006   Code   RO          258    .text.OUTLINED_FUNCTION_5  queue.o
    0x000009ba   0x000009ba   0x0000000a   Code   RO          408    .text.OUTLINED_FUNCTION_5  tasks.o
    0x000009c4   0x000009c4   0x00000008   Code   RO          260    .text.OUTLINED_FUNCTION_6  queue.o
    0x000009cc   0x000009cc   0x00000006   Code   RO          262    .text.OUTLINED_FUNCTION_7  queue.o
    0x000009d2   0x000009d2   0x00000002   PAD
    0x000009d4   0x000009d4   0x00000050   Code   RO           30    .text.PORTF_Interrupt_Enable  main.o
    0x00000a24   0x00000a24   0x000000b4   Code   RO           20    .text.PassengerLisnter  main.o
    0x00000ad8   0x00000ad8   0x00000008   PAD
    0x00000ae0   0x00000ae0   0x00000064   Code   RO          142    .text.PendSV_Handler  port.o
    0x00000b44   0x00000b44   0x0000000c   PAD
    0x00000b50   0x00000b50   0x00000024   Code   RO          126    .text.SVC_Handler   port.o
    0x00000b74   0x00000b74   0x0000002c   Code   RO          144    .text.SysTick_Handler  port.o
    0x00000ba0   0x00000ba0   0x00000060   Code   RO           91    .text.SystemInit    system_tm4c123.o
    0x00000c00   0x00000c00   0x00000024   Code   RO          358    .text.eTaskConfirmSleepModeStatus  tasks.o
    0x00000c24   0x00000c24   0x0000009c   Code   RO           36    .text.main          main.o
    0x00000cc0   0x00000cc0   0x00000098   Code   RO          284    .text.prvAddCurrentTaskToDelayedList  tasks.o
    0x00000d58   0x00000d58   0x00000024   Code   RO          210    .text.prvCopyDataFromQueue  queue.o
    0x00000d7c   0x00000d7c   0x00000070   Code   RO          198    .text.prvCopyDataToQueue  queue.o
    0x00000dec   0x00000dec   0x00000014   Code   RO          278    .text.prvDeleteTCB  tasks.o
    0x00000e00   0x00000e00   0x0000002c   Code   RO          396    .text.prvGetExpectedIdleTime  tasks.o
    0x00000e2c   0x00000e2c   0x0000008c   Code   RO          308    .text.prvIdleTask   tasks.o
    0x00000eb8   0x00000eb8   0x00000016   Code   RO          212    .text.prvIsQueueEmpty  queue.o
    0x00000ece   0x00000ece   0x00000090   Code   RO          200    .text.prvNotifyQueueSetContainer  queue.o
    0x00000f5e   0x00000f5e   0x00000002   PAD
    0x00000f60   0x00000f60   0x00000028   Code   RO          134    .text.prvPortStartFirstTask  port.o
    0x00000f88   0x00000f88   0x0000001c   Code   RO          276    .text.prvResetNextTaskUnblockTime  tasks.o
    0x00000fa4   0x00000fa4   0x0000002c   Code   RO          124    .text.prvTaskExitError  port.o
    0x00000fd0   0x00000fd0   0x0000006e   Code   RO          202    .text.prvUnlockQueue  queue.o
    0x0000103e   0x0000103e   0x00000002   PAD
    0x00001040   0x00001040   0x00000074   Code   RO           26    .text.psh_btn_init  main.o
    0x000010b4   0x000010b4   0x00000058   Code   RO          160    .text.pvPortMalloc  heap_1.o
    0x0000110c   0x0000110c   0x00000018   Code   RO          380    .text.pvTaskIncrementMutexHeldCount  tasks.o
    0x00001124   0x00001124   0x00000024   Code   RO          122    .text.pxPortInitialiseStack  port.o
    0x00001148   0x00001148   0x00000022   Code   RO          112    .text.uxListRemove  list.o
    0x0000116a   0x0000116a   0x00000002   PAD
    0x0000116c   0x0000116c   0x0000000c   Code   RO          318    .text.uxTaskGetNumberOfTasks  tasks.o
    0x00001178   0x00001178   0x00000016   Code   RO          104    .text.vListInitialise  list.o
    0x0000118e   0x0000118e   0x00000006   Code   RO          106    .text.vListInitialiseItem  list.o
    0x00001194   0x00001194   0x0000002e   Code   RO          110    .text.vListInsert   list.o
    0x000011c2   0x000011c2   0x00000002   PAD
    0x000011c4   0x000011c4   0x00000014   Code   RO          132    .text.vPortEnableVFP  port.o
    0x000011d8   0x000011d8   0x0000003c   Code   RO          138    .text.vPortEnterCritical  port.o
    0x00001214   0x00001214   0x0000002c   Code   RO          140    .text.vPortExitCritical  port.o
    0x00001240   0x00001240   0x00000016   Code   RO          162    .text.vPortFree     heap_1.o
    0x00001256   0x00001256   0x00000002   PAD
    0x00001258   0x00001258   0x0000003c   Code   RO          130    .text.vPortSetupTimerInterrupt  port.o
    0x00001294   0x00001294   0x000000e4   Code   RO          146    .text.vPortSuppressTicksAndSleep  port.o
    0x00001378   0x00001378   0x00000044   Code   RO          288    .text.vTaskDelay    tasks.o
    0x000013bc   0x000013bc   0x0000000c   Code   RO          348    .text.vTaskInternalSetTimeOutState  tasks.o
    0x000013c8   0x000013c8   0x00000008   Code   RO          352    .text.vTaskMissedYield  tasks.o
    0x000013d0   0x000013d0   0x00000030   Code   RO          338    .text.vTaskPlaceOnEventList  tasks.o
    0x00001400   0x00001400   0x00000094   Code   RO          376    .text.vTaskPriorityDisinheritAfterTimeout  tasks.o
    0x00001494   0x00001494   0x00000074   Code   RO          306    .text.vTaskStartScheduler  tasks.o
    0x00001508   0x00001508   0x00000070   Code   RO          332    .text.vTaskStepTick  tasks.o
    0x00001578   0x00001578   0x0000000c   Code   RO          282    .text.vTaskSuspendAll  tasks.o
    0x00001584   0x00001584   0x00000064   Code   RO          300    .text.vTaskSwitchContext  tasks.o
    0x000015e8   0x000015e8   0x000000e4   Code   RO          128    .text.xPortStartScheduler  port.o
    0x000016cc   0x000016cc   0x00000028   Code   RO          182    .text.xQueueCreateMutex  queue.o
    0x000016f4   0x000016f4   0x00000058   Code   RO          180    .text.xQueueGenericCreate  queue.o
    0x0000174c   0x0000174c   0x00000098   Code   RO          178    .text.xQueueGenericReset  queue.o
    0x000017e4   0x000017e4   0x00000194   Code   RO          190    .text.xQueueGenericSend  queue.o
    0x00001978   0x00001978   0x00000134   Code   RO          208    .text.xQueueReceive  queue.o
    0x00001aac   0x00001aac   0x00000174   Code   RO          194    .text.xQueueSemaphoreTake  queue.o
    0x00001c20   0x00001c20   0x00000084   Code   RO          350    .text.xTaskCheckForTimeOut  tasks.o
    0x00001ca4   0x00001ca4   0x00000194   Code   RO          272    .text.xTaskCreate   tasks.o
    0x00001e38   0x00001e38   0x00000018   Code   RO          370    .text.xTaskGetSchedulerState  tasks.o
    0x00001e50   0x00001e50   0x00000120   Code   RO          312    .text.xTaskIncrementTick  tasks.o
    0x00001f70   0x00001f70   0x00000098   Code   RO          374    .text.xTaskPriorityDisinherit  tasks.o
    0x00002008   0x00002008   0x00000090   Code   RO          372    .text.xTaskPriorityInherit  tasks.o
    0x00002098   0x00002098   0x000000c4   Code   RO          342    .text.xTaskRemoveFromEventList  tasks.o
    0x0000215c   0x0000215c   0x0000011c   Code   RO          286    .text.xTaskResumeAll  tasks.o
    0x00002278   0x00002278   0x0000001a   Code   RO          541    x$fpl$fpinit        fz_wm.l(fpinit.o)
    0x00002292   0x00002292   0x00000007   Data   RO           49    .rodata.str1.1      main.o
    0x00002299   0x00002299   0x00000003   PAD
    0x0000229c   0x0000229c   0x00000004   Data   RO          425    .rodata.uxTopUsedPriority  tasks.o
    0x000022a0   0x000022a0   0x00000020   Data   RO          616    Region$$Table       anon$$obj.o


    Execution Region ER_RW (Exec base: 0x20000000, Load base: 0x000022c0, Size: 0x0000000c, Max: 0xffffffff, ABSOLUTE)

    Exec Addr    Load Addr    Size         Type   Attr      Idx    E Section Name        Object

    0x20000000   0x000022c0   0x00000004   Data   RW           93    .data.SystemCoreClock  system_tm4c123.o
    0x20000004   0x000022c4   0x00000004   Data   RW          150    .data.uxCriticalNesting  port.o
    0x20000008   0x000022c8   0x00000001   Data   RW           46    .data.windowActive  main.o


    Execution Region ER_ZI (Exec base: 0x20000010, Load base: 0x000022cc, Size: 0x00001398, Max: 0xffffffff, ABSOLUTE)

    Exec Addr    Load Addr    Size         Type   Attr      Idx    E Section Name        Object

    0x20000010        -       0x00000060   Zero   RW          481    .bss                c_w.l(libspace.o)
    0x20000070        -       0x00000018   Zero   RW           51    .bss..L_MergedGlobals  main.o
    0x20000088        -       0x00000014   Zero   RW          151    .bss..L_MergedGlobals  port.o
    0x2000009c        -       0x00000008   Zero   RW          169    .bss..L_MergedGlobals  heap_1.o
    0x200000a4        -       0x00000074   Zero   RW          427    .bss..L_MergedGlobals  tasks.o
    0x20000118        -       0x00000028   Zero   RW          428    .bss..L_MergedGlobals.1  tasks.o
    0x20000140        -       0x00000004   Zero   RW          424    .bss.pxCurrentTCB   tasks.o
    0x20000144        -       0x00000064   Zero   RW          426    .bss.pxReadyTasksLists  tasks.o
    0x200001a8        -       0x00001000   Zero   RW          168    .bss.ucHeap         heap_1.o
    0x200011a8        -       0x00000000   Zero   RW           78    HEAP                startup_tm4c123.o
    0x200011a8        -       0x00000200   Zero   RW           77    STACK               startup_tm4c123.o


==============================================================================

Image component sizes


      Code (inc. data)   RO Data    RW Data    ZI Data      Debug   Object Name

       240         42          0          0          0       2666   dio.o
       110          8          0          0       4104       1886   heap_1.o
       108          0          0          0          0       2383   list.o
       992         68          7          1         24       5127   main.o
       940         68          0          4         20       5312   port.o
      1850          8          0          0          0      21562   queue.o
       276         24        620          0        512       5500   startup_tm4c123.o
        96         28          0          4          0       6500   system_tm4c123.o
      2830        112          4          0        260      35121   tasks.o

    ----------------------------------------------------------------------
      7476        378        666         12       4920      86057   Object Totals
         0          0         32          0          0          0   (incl. Generated)
        34         20          3          3          0          0   (incl. Padding)

    ----------------------------------------------------------------------

      Code (inc. data)   RO Data    RW Data    ZI Data      Debug   Library Member Name

         8          0          0          0          0         68   __main.o
         0          0          0          0          0          0   __rtentry.o
        12          0          0          0          0          0   __rtentry2.o
         6          0          0          0          0          0   __rtentry4.o
        94          8          0          0          0          0   __scatter.o
        26          0          0          0          0          0   __scatter_copy.o
        28          0          0          0          0          0   __scatter_zi.o
        16          0          0          0          0         68   aeabi_memset4.o
        18          0          0          0          0         80   exit.o
         6          0          0          0          0        152   heapauxi.o
         0          0          0          0          0          0   indicate_semi.o
         2          0          0          0          0          0   libinit.o
         6          0          0          0          0          0   libinit2.o
         2          0          0          0          0          0   libshutdown.o
         2          0          0          0          0          0   libshutdown2.o
         8          4          0          0         96         68   libspace.o
        68          0          0          0          0         68   rt_memclr.o
        78          0          0          0          0         80   rt_memclr_w.o
       138          0          0          0          0         68   rt_memcpy_v6.o
       100          0          0          0          0         80   rt_memcpy_w.o
         2          0          0          0          0          0   rtexit.o
        10          0          0          0          0          0   rtexit2.o
        12          4          0          0          0         68   sys_exit.o
        74          0          0          0          0         80   sys_stackheap_outer.o
         2          0          0          0          0         68   use_no_semi.o
        26          0          0          0          0        116   fpinit.o

    ----------------------------------------------------------------------
       754         16          0          0         96       1064   Library Totals
        10          0          0          0          0          0   (incl. Padding)

    ----------------------------------------------------------------------

      Code (inc. data)   RO Data    RW Data    ZI Data      Debug   Library Name

       718         16          0          0         96        948   c_w.l
        26          0          0          0          0        116   fz_wm.l

    ----------------------------------------------------------------------
       754         16          0          0         96       1064   Library Totals

    ----------------------------------------------------------------------

==============================================================================


      Code (inc. data)   RO Data    RW Data    ZI Data      Debug   

      8230        394        666         12       5016      86633   Grand Totals
      8230        394        666         12       5016      86633   ELF Image Totals
      8230        394        666         12          0          0   ROM Totals

==============================================================================

    Total RO  Size (Code + RO Data)                 8896 (   8.69kB)
    Total RW  Size (RW Data + ZI Data)              5028 (   4.91kB)
    Total ROM Size (Code + RO Data + RW Data)       8908 (   8.70kB)

==============================================================================

