Component: Arm Compiler for Embedded 6.21 Tool: armlink [5ec1fa00]

==============================================================================

Section Cross References

    main.o(.ARM.exidx.text.Lock_Enabled) refers to main.o(.text.Lock_Enabled) for [Anonymous Symbol]
    main.o(.ARM.exidx.text.UpLimitSwitchDetected) refers to main.o(.text.UpLimitSwitchDetected) for [Anonymous Symbol]
    main.o(.ARM.exidx.text.DownLimitSwitchDetected) refers to main.o(.text.DownLimitSwitchDetected) for [Anonymous Symbol]
    main.o(.text.JammingLimitSwitchDetected) refers to main.o(.text.OUTLINED_FUNCTION_3) for OUTLINED_FUNCTION_3
    main.o(.ARM.exidx.text.JammingLimitSwitchDetected) refers to main.o(.text.JammingLimitSwitchDetected) for [Anonymous Symbol]
    main.o(.ARM.exidx.text.UpPressedPassenger) refers to main.o(.text.UpPressedPassenger) for [Anonymous Symbol]
    main.o(.ARM.exidx.text.DownPressedPassenger) refers to main.o(.text.DownPressedPassenger) for [Anonymous Symbol]
    main.o(.ARM.exidx.text.UpPressedDriver) refers to main.o(.text.UpPressedDriver) for [Anonymous Symbol]
    main.o(.text.DownPressedDriver) refers to main.o(.text.OUTLINED_FUNCTION_3) for OUTLINED_FUNCTION_3
    main.o(.ARM.exidx.text.DownPressedDriver) refers to main.o(.text.DownPressedDriver) for [Anonymous Symbol]
    main.o(.text.MotorDriver) refers to queue.o(.text.xQueueReceive) for xQueueReceive
    main.o(.text.MotorDriver) refers to main.o(.bss..L_MergedGlobals.2) for [Anonymous Symbol]
    main.o(.text.MotorDriver) refers to main.o(.data.windowActive) for windowActive
    main.o(.ARM.exidx.text.MotorDriver) refers to main.o(.text.MotorDriver) for [Anonymous Symbol]
    main.o(.text.PassengerLisnter) refers to main.o(.text.OUTLINED_FUNCTION_2) for OUTLINED_FUNCTION_2
    main.o(.text.PassengerLisnter) refers to main.o(.text.OUTLINED_FUNCTION_0) for OUTLINED_FUNCTION_0
    main.o(.text.PassengerLisnter) refers to main.o(.text.OUTLINED_FUNCTION_1) for OUTLINED_FUNCTION_1
    main.o(.text.PassengerLisnter) refers to tasks.o(.text.vTaskDelay) for vTaskDelay
    main.o(.text.PassengerLisnter) refers to main.o(.bss..L_MergedGlobals.2) for [Anonymous Symbol]
    main.o(.ARM.exidx.text.PassengerLisnter) refers to main.o(.text.PassengerLisnter) for [Anonymous Symbol]
    main.o(.text.DriverListner) refers to main.o(.text.OUTLINED_FUNCTION_2) for OUTLINED_FUNCTION_2
    main.o(.text.DriverListner) refers to main.o(.text.OUTLINED_FUNCTION_0) for OUTLINED_FUNCTION_0
    main.o(.text.DriverListner) refers to main.o(.text.OUTLINED_FUNCTION_1) for OUTLINED_FUNCTION_1
    main.o(.text.DriverListner) refers to tasks.o(.text.vTaskDelay) for vTaskDelay
    main.o(.text.DriverListner) refers to main.o(.bss..L_MergedGlobals.2) for [Anonymous Symbol]
    main.o(.ARM.exidx.text.DriverListner) refers to main.o(.text.DriverListner) for [Anonymous Symbol]
    main.o(.text.psh_btn_init) refers to dio.o(.text.DIO_Init) for DIO_Init
    main.o(.text.psh_btn_init) refers to dio.o(.text.DIO_DIR) for DIO_DIR
    main.o(.ARM.exidx.text.psh_btn_init) refers to main.o(.text.psh_btn_init) for [Anonymous Symbol]
    main.o(.text.Init) refers to main.o(.text.psh_btn_init) for psh_btn_init
    main.o(.text.Init) refers to main.o(.text.PORTF_Interrupt_Enable) for PORTF_Interrupt_Enable
    main.o(.text.Init) refers to main.o(.text.PORTA_Interrupt_Enable) for PORTA_Interrupt_Enable
    main.o(.ARM.exidx.text.Init) refers to main.o(.text.Init) for [Anonymous Symbol]
    main.o(.ARM.exidx.text.PORTF_Interrupt_Enable) refers to main.o(.text.PORTF_Interrupt_Enable) for [Anonymous Symbol]
    main.o(.ARM.exidx.text.PORTA_Interrupt_Enable) refers to main.o(.text.PORTA_Interrupt_Enable) for [Anonymous Symbol]
    main.o(.text.GPIOF_Handler) refers to main.o(.bss..L_MergedGlobals.2) for [Anonymous Symbol]
    main.o(.ARM.exidx.text.GPIOF_Handler) refers to main.o(.text.GPIOF_Handler) for [Anonymous Symbol]
    main.o(.text.GPIOA_Handler) refers to main.o(.bss..L_MergedGlobals.2) for [Anonymous Symbol]
    main.o(.text.GPIOA_Handler) refers to main.o(.data..L_MergedGlobals) for [Anonymous Symbol]
    main.o(.ARM.exidx.text.GPIOA_Handler) refers to main.o(.text.GPIOA_Handler) for [Anonymous Symbol]
    main.o(.text.main) refers to main.o(.text.Init) for Init
    main.o(.text.main) refers to queue.o(.text.xQueueGenericCreate) for xQueueGenericCreate
    main.o(.text.main) refers to main.o(.text.OUTLINED_FUNCTION_1) for OUTLINED_FUNCTION_1
    main.o(.text.main) refers to queue.o(.text.xQueueCreateMutex) for xQueueCreateMutex
    main.o(.text.main) refers to tasks.o(.text.vTaskStartScheduler) for vTaskStartScheduler
    main.o(.text.main) refers to main.o(.bss..L_MergedGlobals.2) for [Anonymous Symbol]
    main.o(.text.main) refers to main.o(.text.DriverListner) for DriverListner
    main.o(.text.main) refers to main.o(.rodata.str1.1) for [Anonymous Symbol]
    main.o(.text.main) refers to tasks.o(.text.xTaskCreate) for xTaskCreate
[...]
    ../clib/angel/rt.s                       0x00000000   Number         0  rt_raise.o ABSOLUTE
    ../clib/angel/scatter.s                  0x00000000   Number         0  __scatter.o ABSOLUTE
    ../clib/angel/startup.s                  0x00000000   Number         0  __main.o ABSOLUTE
    ../clib/angel/sys.s                      0x00000000   Number         0  sys_stackheap_outer.o ABSOLUTE
    ../clib/angel/sys.s                      0x00000000   Number         0  libspace.o ABSOLUTE
    ../clib/angel/sys.s                      0x00000000   Number         0  use_no_semi.o ABSOLUTE
    ../clib/angel/sys.s                      0x00000000   Number         0  indicate_semi.o ABSOLUTE
    ../clib/angel/sysapp.c                   0x00000000   Number         0  sys_exit.o ABSOLUTE
    ../clib/angel/sysapp.c                   0x00000000   Number         0  sys_exit_hlt.o ABSOLUTE
    ../clib/angel/sysapp.c                   0x00000000   Number         0  sys_command.o ABSOLUTE
    ../clib/angel/sysapp.c                   0x00000000   Number         0  sys_command_hlt.o ABSOLUTE
    ../clib/angel/sysapp.c                   0x00000000   Number         0  sys_wrch.o ABSOLUTE
    ../clib/angel/sysapp.c                   0x00000000   Number         0  sys_wrch_hlt.o ABSOLUTE
    ../clib/armsys.c                         0x00000000   Number         0  argv_veneer.o ABSOLUTE
    ../clib/armsys.c                         0x00000000   Number         0  argv_veneer.o ABSOLUTE
    ../clib/armsys.c                         0x00000000   Number         0  _get_argv_nomalloc.o ABSOLUTE
    ../clib/armsys.c                         0x00000000   Number         0  no_argv.o ABSOLUTE
    ../clib/heapalloc.c                      0x00000000   Number         0  hrguard.o ABSOLUTE
    ../clib/heapaux.c                        0x00000000   Number         0  heapauxi.o ABSOLUTE
    ../clib/libinit.s                        0x00000000   Number         0  libinit.o ABSOLUTE
    ../clib/libinit.s                        0x00000000   Number         0  libinit2.o ABSOLUTE
    ../clib/libinit.s                        0x00000000   Number         0  libshutdown.o ABSOLUTE
    ../clib/libinit.s                        0x00000000   Number         0  libshutdown2.o ABSOLUTE
    ../clib/memcpset.s                       0x00000000   Number         0  rt_memcpy_v6.o ABSOLUTE
    ../clib/memcpset.s                       0x00000000   Number         0  aeabi_memset4.o ABSOLUTE
    ../clib/memcpset.s                       0x00000000   Number         0  rt_memclr.o ABSOLUTE
    ../clib/memcpset.s                       0x00000000   Number         0  rt_memcpy_w.o ABSOLUTE
    ../clib/memcpset.s                       0x00000000   Number         0  rt_memclr_w.o ABSOLUTE
    ../clib/signal.c                         0x00000000   Number         0  defsig_rtmem_outer.o ABSOLUTE
    ../clib/signal.c                         0x00000000   Number         0  defsig_rtmem_formal.o ABSOLUTE
    ../clib/signal.c                         0x00000000   Number         0  defsig_exit.o ABSOLUTE
    ../clib/signal.c                         0x00000000   Number         0  defsig_rtmem_inner.o ABSOLUTE
    ../clib/signal.c                         0x00000000   Number         0  __raise.o ABSOLUTE
    ../clib/signal.c                         0x00000000   Number         0  defsig_general.o ABSOLUTE
    ../clib/signal.c                         0x00000000   Number         0  defsig_abrt_inner.o ABSOLUTE
    ../clib/signal.c                         0x00000000   Number         0  defsig_fpe_inner.o ABSOLUTE
    ../clib/signal.c                         0x00000000   Number         0  defsig_rtred_inner.o ABSOLUTE
    ../clib/signal.c                         0x00000000   Number         0  defsig_stak_inner.o ABSOLUTE
    ../clib/signal.c                         0x00000000   Number         0  defsig_pvfn_inner.o ABSOLUTE
    ../clib/signal.c                         0x00000000   Number         0  defsig_cppl_inner.o ABSOLUTE
    ../clib/signal.c                         0x00000000   Number         0  defsig_segv_inner.o ABSOLUTE
    ../clib/signal.c                         0x00000000   Number         0  defsig_other.o ABSOLUTE
    ../clib/signal.s                         0x00000000   Number         0  defsig.o ABSOLUTE
    ../clib/stdlib.c                         0x00000000   Number         0  exit.o ABSOLUTE
    ../clib/string.c                         0x00000000   Number         0  strlen.o ABSOLUTE
    ../fplib/fpinit.s                        0x00000000   Number         0  fpinit.o ABSOLUTE
    DIO.c                                    0x00000000   Number         0  dio.o ABSOLUTE
    RTE/Device/TM4C123GH6PM/startup_TM4C123.s 0x00000000   Number         0  startup_tm4c123.o ABSOLUTE
    dc.s                                     0x00000000   Number         0  dc.o ABSOLUTE
    freertos_evr.c                           0x00000000   Number         0  freertos_evr.o ABSOLUTE
    heap_1.c                                 0x00000000   Number         0  heap_1.o ABSOLUTE
    list.c                                   0x00000000   Number         0  list.o ABSOLUTE
    main.c                                   0x00000000   Number         0  main.o ABSOLUTE
    port.c                                   0x00000000   Number         0  port.o ABSOLUTE
    queue.c                                  0x00000000   Number         0  queue.o ABSOLUTE
    system_TM4C123.c                         0x00000000   Number         0  system_tm4c123.o ABSOLUTE
    tasks.c                                  0x00000000   Number         0  tasks.o ABSOLUTE
    RESET                                    0x00000000   Section      620  startup_tm4c123.o(RESET)
    !!!main                                  0x0000026c   Section        8  __main.o(!!!main)
    !!!scatter                               0x00000274   Section       92  __scatter.o(!!!scatter)
    !!handler_copy                           0x000002d0   Section       26  __scatter_copy.o(!!handler_copy)
    !!handler_null                           0x000002ec   Section        2  __scatter.o(!!handler_null)
    !!handler_zi                             0x000002f0   Section       28  __scatter_zi.o(!!handler_zi)
    .ARM.Collect$$libinit$$00000000          0x0000030c   Section        2  libinit.o(.ARM.Collect$$libinit$$00000000)
    .ARM.Collect$$libinit$$00000001          0x0000030e   Section        4  libinit2.o(.ARM.Collect$$libinit$$00000001)
    .ARM.Collect$$libinit$$00000004          0x00000312   Section        0  libinit2.o(.ARM.Collect$$libinit$$00000004)
    .ARM.Collect$$libinit$$00000006          0x00000312   Section        0  libinit2.o(.ARM.Collect$$libinit$$00000006)
    .ARM.Collect$$libinit$$0000000C          0x00000312   Section        0  libinit2.o(.ARM.Collect$$libinit$$0000000C)
    .ARM.Collect$$libinit$$0000000E          0x00000312   Section        0  libinit2.o(.ARM.Collect$$libinit$$0000000E)
    .ARM.Collect$$libinit$$00000010          0x00000312   Section        0  libinit2.o(.ARM.Collect$$libinit$$00000010)
    .ARM.Collect$$libinit$$00000013          0x00000312   Section        0  libinit2.o(.ARM.Collect$$libinit$$00000013)
    .ARM.Collect$$libinit$$00000015          0x00000312   Section        0  libinit2.o(.ARM.Collect$$libinit$$00000015)
    .ARM.Collect$$libinit$$00000017          0x00000312   Section        0  libinit2.o(.ARM.Collect$$libinit$$00000017)
    .ARM.Collect$$libinit$$00000019          0x00000312   Section        0  libinit2.o(.ARM.Collect$$libinit$$00000019)
    .ARM.Collect$$libinit$$0000001B          0x00000312   Section        0  libinit2.o(.ARM.Collect$$libinit$$0000001B)
    .ARM.Collect$$libinit$$0000001D          0x00000312   Section        0  libinit2.o(.ARM.Collect$$libinit$$0000001D)
    .ARM.Collect$$libinit$$0000001F          0x00000312   Section        0  libinit2.o(.ARM.Collect$$libinit$$0000001F)
    .ARM.Collect$$libinit$$00000021          0x00000312   Section        0  libinit2.o(.ARM.Collect$$libinit$$00000021)
    .ARM.Collect$$libinit$$00000023          0x00000312   Section        0  libinit2.o(.ARM.Collect$$libinit$$00000023)
    .ARM.Collect$$libinit$$00000025          0x00000312   Section        0  libinit2.o(.ARM.Collect$$libinit$$00000025)
    .ARM.Collect$$libinit$$00000027          0x00000312   Section        0  libinit2.o(.ARM.Collect$$libinit$$00000027)
    .ARM.Collect$$libinit$$0000002E          0x00000312   Section        0  libinit2.o(.ARM.Collect$$libinit$$0000002E)
    .ARM.Collect$$libinit$$00000030          0x00000312   Section        0  libinit2.o(.ARM.Collect$$libinit$$00000030)
    .ARM.Collect$$libinit$$00000032          0x00000312   Section        0  libinit2.o(.ARM.Collect$$libinit$$00000032)
    .ARM.Collect$$libinit$$00000034          0x00000312   Section        0  libinit2.o(.ARM.Collect$$libinit$$00000034)
    .ARM.Collect$$libinit$$00000035          0x00000312   Section        2  libinit2.o(.ARM.Collect$$libinit$$00000035)
    .ARM.Collect$$libshutdown$$00000000      0x00000314   Section        2  libshutdown.o(.ARM.Collect$$libshutdown$$00000000)
    .ARM.Collect$$libshutdown$$00000002      0x00000316   Section        0  libshutdown2.o(.ARM.Collect$$libshutdown$$00000002)
    .ARM.Collect$$libshutdown$$00000004      0x00000316   Section        0  libshutdown2.o(.ARM.Collect$$libshutdown$$00000004)
    .ARM.Collect$$libshutdown$$00000007      0x00000316   Section        0  libshutdown2.o(.ARM.Collect$$libshutdown$$00000007)
    .ARM.Collect$$libshutdown$$0000000A      0x00000316   Section        0  libshutdown2.o(.ARM.Collect$$libshutdown$$0000000A)
    .ARM.Collect$$libshutdown$$0000000C      0x00000316   Section        0  libshutdown2.o(.ARM.Collect$$libshutdown$$0000000C)
    .ARM.Collect$$libshutdown$$0000000F      0x00000316   Section        0  libshutdown2.o(.ARM.Collect$$libshutdown$$0000000F)
    .ARM.Collect$$libshutdown$$00000010      0x00000316   Section        2  libshutdown2.o(.ARM.Collect$$libshutdown$$00000010)
    .ARM.Collect$$rtentry$$00000000          0x00000318   Section        0  __rtentry.o(.ARM.Collect$$rtentry$$00000000)
    .ARM.Collect$$rtentry$$00000002          0x00000318   Section        0  __rtentry2.o(.ARM.Collect$$rtentry$$00000002)
    .ARM.Collect$$rtentry$$00000004          0x00000318   Section        6  __rtentry4.o(.ARM.Collect$$rtentry$$00000004)
    .ARM.Collect$$rtentry$$00000009          0x0000031e   Section        0  __rtentry2.o(.ARM.Collect$$rtentry$$00000009)
    .ARM.Collect$$rtentry$$0000000A          0x0000031e   Section        4  __rtentry2.o(.ARM.Collect$$rtentry$$0000000A)
    .ARM.Collect$$rtentry$$0000000C          0x00000322   Section        0  __rtentry2.o(.ARM.Collect$$rtentry$$0000000C)
    .ARM.Collect$$rtentry$$0000000D          0x00000322   Section        8  __rtentry2.o(.ARM.Collect$$rtentry$$0000000D)
    .ARM.Collect$$rtexit$$00000000           0x0000032a   Section        2  rtexit.o(.ARM.Collect$$rtexit$$00000000)
    .ARM.Collect$$rtexit$$00000002           0x0000032c   Section        0  rtexit2.o(.ARM.Collect$$rtexit$$00000002)
    .ARM.Collect$$rtexit$$00000003           0x0000032c   Section        4  rtexit2.o(.ARM.Collect$$rtexit$$00000003)
    .ARM.Collect$$rtexit$$00000004           0x00000330   Section        6  rtexit2.o(.ARM.Collect$$rtexit$$00000004)
    $v0                                      0x00000338   Number         0  startup_tm4c123.o(.text)
    .text                                    0x00000338   Section      276  startup_tm4c123.o(.text)
    .text                                    0x0000044c   Section      138  rt_memcpy_v6.o(.text)
    .text                                    0x000004d6   Section       16  aeabi_memset4.o(.text)
    .text                                    0x000004e6   Section       68  rt_memclr.o(.text)
    .text                                    0x0000052a   Section        0  heapauxi.o(.text)
    .text                                    0x00000530   Section      100  rt_memcpy_w.o(.text)
    .text                                    0x00000594   Section       78  rt_memclr_w.o(.text)
    .text                                    0x000005e2   Section       74  sys_stackheap_outer.o(.text)
    .text                                    0x0000062c   Section        0  exit.o(.text)
    .text                                    0x00000640   Section        8  libspace.o(.text)
    .text                                    0x00000648   Section        0  sys_exit.o(.text)
    .text                                    0x00000654   Section        2  use_no_semi.o(.text)
    .text                                    0x00000656   Section        0  indicate_semi.o(.text)
    [Anonymous Symbol]                       0x00000658   Section        0  dio.o(.text.DIO_DIR)
    __arm_cp.1_0                             0x00000710   Number         4  dio.o(.text.DIO_DIR)
    __arm_cp.1_1                             0x00000714   Number         4  dio.o(.text.DIO_DIR)
    __arm_cp.1_2                             0x00000718   Number         4  dio.o(.text.DIO_DIR)
    __arm_cp.1_3                             0x0000071c   Number         4  dio.o(.text.DIO_DIR)
    __arm_cp.1_4                             0x00000720   Number         4  dio.o(.text.DIO_DIR)
    __arm_cp.1_5                             0x00000724   Number         4  dio.o(.text.DIO_DIR)
    __arm_cp.1_6                             0x00000728   Number         4  dio.o(.text.DIO_DIR)
    __arm_cp.1_7                             0x0000072c   Number         4  dio.o(.text.DIO_DIR)
    [Anonymous Symbol]                       0x00000730   Section        0  dio.o(.text.DIO_Init)
    __arm_cp.0_0                             0x00000744   Number         4  dio.o(.text.DIO_Init)
    [Anonymous Symbol]                       0x00000748   Section        0  main.o(.text.DriverListner)
    [Anonymous Symbol]                       0x000007e0   Section        0  main.o(.text.GPIOA_Handler)
    __arm_cp.16_2                            0x00000838   Number         4  main.o(.text.GPIOA_Handler)
    __arm_cp.16_3                            0x0000083c   Number         4  main.o(.text.GPIOA_Handler)
    [Anonymous Symbol]                       0x00000840   Section        0  main.o(.text.GPIOF_Handler)
    __arm_cp.15_2                            0x000008d8   Number         4  main.o(.text.GPIOF_Handler)
    [Anonymous Symbol]                       0x000008dc   Section        0  main.o(.text.Init)
    [Anonymous Symbol]                       0x000008f0   Section        0  main.o(.text.MotorDriver)
    __arm_cp.8_0                             0x00000978   Number         4  main.o(.text.MotorDriver)
    __arm_cp.8_1                             0x0000097c   Number         4  main.o(.text.MotorDriver)
    __arm_cp.8_2                             0x00000980   Number         4  main.o(.text.MotorDriver)
    OUTLINED_FUNCTION_0                      0x00000985   Thumb Code     8  main.o(.text.OUTLINED_FUNCTION_0)
    [Anonymous Symbol]                       0x00000984   Section        0  main.o(.text.OUTLINED_FUNCTION_0)
    OUTLINED_FUNCTION_0                      0x0000098d   Thumb Code     6  queue.o(.text.OUTLINED_FUNCTION_0)
    [Anonymous Symbol]                       0x0000098c   Section        0  queue.o(.text.OUTLINED_FUNCTION_0)
    OUTLINED_FUNCTION_1                      0x00000993   Thumb Code     8  main.o(.text.OUTLINED_FUNCTION_1)
    [Anonymous Symbol]                       0x00000992   Section        0  main.o(.text.OUTLINED_FUNCTION_1)
    OUTLINED_FUNCTION_1                      0x0000099b   Thumb Code     8  queue.o(.text.OUTLINED_FUNCTION_1)
    [Anonymous Symbol]                       0x0000099a   Section        0  queue.o(.text.OUTLINED_FUNCTION_1)
    OUTLINED_FUNCTION_1                      0x000009a3   Thumb Code     8  tasks.o(.text.OUTLINED_FUNCTION_1)
    [Anonymous Symbol]                       0x000009a2   Section        0  tasks.o(.text.OUTLINED_FUNCTION_1)
    OUTLINED_FUNCTION_10                     0x000009ab   Thumb Code    14  tasks.o(.text.OUTLINED_FUNCTION_10)
    [Anonymous Symbol]                       0x000009aa   Section        0  tasks.o(.text.OUTLINED_FUNCTION_10)
    OUTLINED_FUNCTION_11                     0x000009b9   Thumb Code    14  tasks.o(.text.OUTLINED_FUNCTION_11)
    [Anonymous Symbol]                       0x000009b8   Section        0  tasks.o(.text.OUTLINED_FUNCTION_11)
    OUTLINED_FUNCTION_12                     0x000009c7   Thumb Code    14  tasks.o(.text.OUTLINED_FUNCTION_12)
    [Anonymous Symbol]                       0x000009c6   Section        0  tasks.o(.text.OUTLINED_FUNCTION_12)
    OUTLINED_FUNCTION_2                      0x000009d5   Thumb Code    10  main.o(.text.OUTLINED_FUNCTION_2)
    [Anonymous Symbol]                       0x000009d4   Section        0  main.o(.text.OUTLINED_FUNCTION_2)
    OUTLINED_FUNCTION_2                      0x000009df   Thumb Code     6  queue.o(.text.OUTLINED_FUNCTION_2)
    [Anonymous Symbol]                       0x000009de   Section        0  queue.o(.text.OUTLINED_FUNCTION_2)
    OUTLINED_FUNCTION_2                      0x000009e5   Thumb Code    32  tasks.o(.text.OUTLINED_FUNCTION_2)
    [Anonymous Symbol]                       0x000009e4   Section        0  tasks.o(.text.OUTLINED_FUNCTION_2)
    OUTLINED_FUNCTION_3                      0x00000a05   Thumb Code     6  queue.o(.text.OUTLINED_FUNCTION_3)
    [Anonymous Symbol]                       0x00000a04   Section        0  queue.o(.text.OUTLINED_FUNCTION_3)
    OUTLINED_FUNCTION_3                      0x00000a0b   Thumb Code    26  tasks.o(.text.OUTLINED_FUNCTION_3)
    [Anonymous Symbol]                       0x00000a0a   Section        0  tasks.o(.text.OUTLINED_FUNCTION_3)
    OUTLINED_FUNCTION_4                      0x00000a25   Thumb Code    16  queue.o(.text.OUTLINED_FUNCTION_4)
    [Anonymous Symbol]                       0x00000a24   Section        0  queue.o(.text.OUTLINED_FUNCTION_4)
    OUTLINED_FUNCTION_4                      0x00000a35   Thumb Code     8  tasks.o(.text.OUTLINED_FUNCTION_4)
    [Anonymous Symbol]                       0x00000a34   Section        0  tasks.o(.text.OUTLINED_FUNCTION_4)
    OUTLINED_FUNCTION_5                      0x00000a3d   Thumb Code     6  queue.o(.text.OUTLINED_FUNCTION_5)
    [Anonymous Symbol]                       0x00000a3c   Section        0  queue.o(.text.OUTLINED_FUNCTION_5)
    OUTLINED_FUNCTION_5                      0x00000a43   Thumb Code    10  tasks.o(.text.OUTLINED_FUNCTION_5)
    [Anonymous Symbol]                       0x00000a42   Section        0  tasks.o(.text.OUTLINED_FUNCTION_5)
    OUTLINED_FUNCTION_6                      0x00000a4d   Thumb Code     8  queue.o(.text.OUTLINED_FUNCTION_6)
    [Anonymous Symbol]                       0x00000a4c   Section        0  queue.o(.text.OUTLINED_FUNCTION_6)
    OUTLINED_FUNCTION_7                      0x00000a55   Thumb Code     6  queue.o(.text.OUTLINED_FUNCTION_7)
    [Anonymous Symbol]                       0x00000a54   Section        0  queue.o(.text.OUTLINED_FUNCTION_7)
    [Anonymous Symbol]                       0x00000a5c   Section        0  main.o(.text.PORTA_Interrupt_Enable)
    __arm_cp.14_0                            0x00000a94   Number         4  main.o(.text.PORTA_Interrupt_Enable)
    [Anonymous Symbol]                       0x00000a98   Section        0  main.o(.text.PORTF_Interrupt_Enable)
    __arm_cp.13_0                            0x00000adc   Number         4  main.o(.text.PORTF_Interrupt_Enable)
    __arm_cp.13_1                            0x00000ae0   Number         4  main.o(.text.PORTF_Interrupt_Enable)
    __arm_cp.13_2                            0x00000ae4   Number         4  main.o(.text.PORTF_Interrupt_Enable)
    [Anonymous Symbol]                       0x00000ae8   Section        0  main.o(.text.PassengerLisnter)
    __arm_cp.9_0                             0x00000ba0   Number         4  main.o(.text.PassengerLisnter)
    __arm_cp.9_1                             0x00000ba4   Number         4  main.o(.text.PassengerLisnter)
    __arm_cp.9_2                             0x00000ba8   Number         4  main.o(.text.PassengerLisnter)
    [Anonymous Symbol]                       0x00000bb0   Section        0  port.o(.text.PendSV_Handler)
    pxCurrentTCBConst                        0x00000c10   Number         0  port.o(.text.PendSV_Handler)
    [Anonymous Symbol]                       0x00000c20   Section        0  port.o(.text.SVC_Handler)
    pxCurrentTCBConst2                       0x00000c40   Number         0  port.o(.text.SVC_Handler)
    [Anonymous Symbol]                       0x00000c44   Section        0  port.o(.text.SysTick_Handler)
    __arm_cp.11_0                            0x00000c6c   Number         4  port.o(.text.SysTick_Handler)
    [Anonymous Symbol]                       0x00000c70   Section        0  system_tm4c123.o(.text.SystemInit)
    __arm_cp.2_0                             0x00000cb4   Number         4  system_tm4c123.o(.text.SystemInit)
    __arm_cp.2_1                             0x00000cb8   Number         4  system_tm4c123.o(.text.SystemInit)
    __arm_cp.2_2                             0x00000cbc   Number         4  system_tm4c123.o(.text.SystemInit)
    __arm_cp.2_3                             0x00000cc0   Number         4  system_tm4c123.o(.text.SystemInit)
    __arm_cp.2_4                             0x00000cc4   Number         4  system_tm4c123.o(.text.SystemInit)
    __arm_cp.2_5                             0x00000cc8   Number         4  system_tm4c123.o(.text.SystemInit)
    __arm_cp.2_6                             0x00000ccc   Number         4  system_tm4c123.o(.text.SystemInit)
    [Anonymous Symbol]                       0x00000cd0   Section        0  tasks.o(.text.eTaskConfirmSleepModeStatus)
    [Anonymous Symbol]                       0x00000cf4   Section        0  main.o(.text.main)
    __arm_cp.17_0                            0x00000d70   Number         4  main.o(.text.main)
    __arm_cp.17_1                            0x00000d74   Number         4  main.o(.text.main)
    __arm_cp.17_2                            0x00000d78   Number         4  main.o(.text.main)
    __arm_cp.17_3                            0x00000d7c   Number         4  main.o(.text.main)
    __arm_cp.17_4                            0x00000d80   Number         4  main.o(.text.main)
    __arm_cp.17_5                            0x00000d84   Number         4  main.o(.text.main)
    prvAddCurrentTaskToDelayedList           0x00000d91   Thumb Code   152  tasks.o(.text.prvAddCurrentTaskToDelayedList)
    [Anonymous Symbol]                       0x00000d90   Section        0  tasks.o(.text.prvAddCurrentTaskToDelayedList)
    prvCopyDataFromQueue                     0x00000e29   Thumb Code    36  queue.o(.text.prvCopyDataFromQueue)
    [Anonymous Symbol]                       0x00000e28   Section        0  queue.o(.text.prvCopyDataFromQueue)
    prvCopyDataToQueue                       0x00000e4d   Thumb Code   112  queue.o(.text.prvCopyDataToQueue)
    [Anonymous Symbol]                       0x00000e4c   Section        0  queue.o(.text.prvCopyDataToQueue)
    prvDeleteTCB                             0x00000ebd   Thumb Code    20  tasks.o(.text.prvDeleteTCB)
    [Anonymous Symbol]                       0x00000ebc   Section        0  tasks.o(.text.prvDeleteTCB)
    prvGetExpectedIdleTime                   0x00000ed1   Thumb Code    40  tasks.o(.text.prvGetExpectedIdleTime)
    [Anonymous Symbol]                       0x00000ed0   Section        0  tasks.o(.text.prvGetExpectedIdleTime)
    __arm_cp.62_1                            0x00000ef8   Number         4  tasks.o(.text.prvGetExpectedIdleTime)
    prvIdleTask                              0x00000efd   Thumb Code   132  tasks.o(.text.prvIdleTask)
    [Anonymous Symbol]                       0x00000efc   Section        0  tasks.o(.text.prvIdleTask)
    __arm_cp.18_1                            0x00000f80   Number         4  tasks.o(.text.prvIdleTask)
    __arm_cp.18_2                            0x00000f84   Number         4  tasks.o(.text.prvIdleTask)
    prvIsQueueEmpty                          0x00000f89   Thumb Code    22  queue.o(.text.prvIsQueueEmpty)
    [Anonymous Symbol]                       0x00000f88   Section        0  queue.o(.text.prvIsQueueEmpty)
    prvNotifyQueueSetContainer               0x00000f9f   Thumb Code   144  queue.o(.text.prvNotifyQueueSetContainer)
    [Anonymous Symbol]                       0x00000f9e   Section        0  queue.o(.text.prvNotifyQueueSetContainer)
    prvPortStartFirstTask                    0x00001031   Thumb Code    40  port.o(.text.prvPortStartFirstTask)
    [Anonymous Symbol]                       0x00001030   Section        0  port.o(.text.prvPortStartFirstTask)
    prvResetNextTaskUnblockTime              0x00001059   Thumb Code    24  tasks.o(.text.prvResetNextTaskUnblockTime)
    [Anonymous Symbol]                       0x00001058   Section        0  tasks.o(.text.prvResetNextTaskUnblockTime)
    __arm_cp.2_0                             0x00001070   Number         4  tasks.o(.text.prvResetNextTaskUnblockTime)
    prvTaskExitError                         0x00001075   Thumb Code    44  port.o(.text.prvTaskExitError)
    [Anonymous Symbol]                       0x00001074   Section        0  port.o(.text.prvTaskExitError)
    prvUnlockQueue                           0x000010a1   Thumb Code   110  queue.o(.text.prvUnlockQueue)
    [Anonymous Symbol]                       0x000010a0   Section        0  queue.o(.text.prvUnlockQueue)
    [Anonymous Symbol]                       0x00001110   Section        0  main.o(.text.psh_btn_init)
    __arm_cp.11_0                            0x00001180   Number         4  main.o(.text.psh_btn_init)
    [Anonymous Symbol]                       0x00001184   Section        0  heap_1.o(.text.pvPortMalloc)
    __arm_cp.0_0                             0x000011d4   Number         4  heap_1.o(.text.pvPortMalloc)
    __arm_cp.0_1                             0x000011d8   Number         4  heap_1.o(.text.pvPortMalloc)
    [Anonymous Symbol]                       0x000011dc   Section        0  tasks.o(.text.pvTaskIncrementMutexHeldCount)
    __arm_cp.54_0                            0x000011f0   Number         4  tasks.o(.text.pvTaskIncrementMutexHeldCount)
    [Anonymous Symbol]                       0x000011f4   Section        0  port.o(.text.pxPortInitialiseStack)
    __arm_cp.0_0                             0x00001214   Number         4  port.o(.text.pxPortInitialiseStack)
    [Anonymous Symbol]                       0x00001218   Section        0  list.o(.text.uxListRemove)
    [Anonymous Symbol]                       0x0000123c   Section        0  tasks.o(.text.uxTaskGetNumberOfTasks)
    __arm_cp.23_0                            0x00001244   Number         4  tasks.o(.text.uxTaskGetNumberOfTasks)
    [Anonymous Symbol]                       0x00001248   Section        0  list.o(.text.vListInitialise)
    [Anonymous Symbol]                       0x0000125e   Section        0  list.o(.text.vListInitialiseItem)
    [Anonymous Symbol]                       0x00001264   Section        0  list.o(.text.vListInsert)
    vPortEnableVFP                           0x00001295   Thumb Code    20  port.o(.text.vPortEnableVFP)
    [Anonymous Symbol]                       0x00001294   Section        0  port.o(.text.vPortEnableVFP)
    [Anonymous Symbol]                       0x000012a8   Section        0  port.o(.text.vPortEnterCritical)
    __arm_cp.8_1                             0x000012e0   Number         4  port.o(.text.vPortEnterCritical)
    [Anonymous Symbol]                       0x000012e4   Section        0  port.o(.text.vPortExitCritical)
    __arm_cp.9_0                             0x0000130c   Number         4  port.o(.text.vPortExitCritical)
    [Anonymous Symbol]                       0x00001310   Section        0  heap_1.o(.text.vPortFree)
    [Anonymous Symbol]                       0x00001328   Section        0  port.o(.text.vPortSetupTimerInterrupt)
    __arm_cp.4_1                             0x00001360   Number         4  port.o(.text.vPortSetupTimerInterrupt)
    [Anonymous Symbol]                       0x00001364   Section        0  port.o(.text.vPortSuppressTicksAndSleep)
    __arm_cp.12_0                            0x00001440   Number         4  port.o(.text.vPortSuppressTicksAndSleep)
    __arm_cp.12_1                            0x00001444   Number         4  port.o(.text.vPortSuppressTicksAndSleep)
    [Anonymous Symbol]                       0x00001448   Section        0  tasks.o(.text.vTaskDelay)
    __arm_cp.8_1                             0x00001488   Number         4  tasks.o(.text.vTaskDelay)
    [Anonymous Symbol]                       0x0000148c   Section        0  tasks.o(.text.vTaskInternalSetTimeOutState)
    [Anonymous Symbol]                       0x00001498   Section        0  tasks.o(.text.vTaskMissedYield)
    [Anonymous Symbol]                       0x000014a0   Section        0  tasks.o(.text.vTaskPlaceOnEventList)
    [Anonymous Symbol]                       0x000014d0   Section        0  tasks.o(.text.vTaskPriorityDisinheritAfterTimeout)
    __arm_cp.52_0                            0x00001560   Number         4  tasks.o(.text.vTaskPriorityDisinheritAfterTimeout)
    [Anonymous Symbol]                       0x00001564   Section        0  tasks.o(.text.vTaskStartScheduler)
    __arm_cp.17_0                            0x000015c4   Number         4  tasks.o(.text.vTaskStartScheduler)
    __arm_cp.17_1                            0x000015c8   Number         4  tasks.o(.text.vTaskStartScheduler)
    __arm_cp.17_3                            0x000015d4   Number         4  tasks.o(.text.vTaskStartScheduler)
    [Anonymous Symbol]                       0x000015d8   Section        0  tasks.o(.text.vTaskStepTick)
    [Anonymous Symbol]                       0x00001648   Section        0  tasks.o(.text.vTaskSuspendAll)
    __tagsym$$used.0                         0x00001654   Number         0  tasks.o(.text.vTaskSwitchContext)
    [Anonymous Symbol]                       0x00001654   Section        0  tasks.o(.text.vTaskSwitchContext)
    __arm_cp.14_0                            0x000016ac   Number         4  tasks.o(.text.vTaskSwitchContext)
    __arm_cp.14_1                            0x000016b0   Number         4  tasks.o(.text.vTaskSwitchContext)
    __arm_cp.14_2                            0x000016b4   Number         4  tasks.o(.text.vTaskSwitchContext)
    [Anonymous Symbol]                       0x000016b8   Section        0  port.o(.text.xPortStartScheduler)
    __arm_cp.3_0                             0x00001784   Number         4  port.o(.text.xPortStartScheduler)
    __arm_cp.3_1                             0x00001788   Number         4  port.o(.text.xPortStartScheduler)
    __arm_cp.3_2                             0x0000178c   Number         4  port.o(.text.xPortStartScheduler)
    __arm_cp.3_3                             0x00001790   Number         4  port.o(.text.xPortStartScheduler)
    __arm_cp.3_4                             0x00001794   Number         4  port.o(.text.xPortStartScheduler)
    __arm_cp.3_5                             0x00001798   Number         4  port.o(.text.xPortStartScheduler)
    [Anonymous Symbol]                       0x0000179c   Section        0  queue.o(.text.xQueueCreateMutex)
    [Anonymous Symbol]                       0x000017c4   Section        0  queue.o(.text.xQueueGenericCreate)
    [Anonymous Symbol]                       0x0000181c   Section        0  queue.o(.text.xQueueGenericReset)
    [Anonymous Symbol]                       0x000018b4   Section        0  queue.o(.text.xQueueGenericSend)
    [Anonymous Symbol]                       0x00001a48   Section        0  queue.o(.text.xQueueReceive)
    __arm_cp.15_0                            0x00001b78   Number         4  queue.o(.text.xQueueReceive)
    [Anonymous Symbol]                       0x00001b7c   Section        0  queue.o(.text.xQueueSemaphoreTake)
    __arm_cp.8_0                             0x00001cec   Number         4  queue.o(.text.xQueueSemaphoreTake)
    [Anonymous Symbol]                       0x00001cf0   Section        0  tasks.o(.text.xTaskCheckForTimeOut)
    [Anonymous Symbol]                       0x00001d74   Section        0  tasks.o(.text.xTaskCreate)
    __arm_cp.0_3                             0x00001efc   Number         4  tasks.o(.text.xTaskCreate)
    __arm_cp.0_4                             0x00001f00   Number         4  tasks.o(.text.xTaskCreate)
    __arm_cp.0_5                             0x00001f04   Number         4  tasks.o(.text.xTaskCreate)
    [Anonymous Symbol]                       0x00001f08   Section        0  tasks.o(.text.xTaskGetSchedulerState)
    [Anonymous Symbol]                       0x00001f20   Section        0  tasks.o(.text.xTaskIncrementTick)
    [Anonymous Symbol]                       0x00002040   Section        0  tasks.o(.text.xTaskPriorityDisinherit)
    __arm_cp.51_0                            0x000020d0   Number         4  tasks.o(.text.xTaskPriorityDisinherit)
    __arm_cp.51_1                            0x000020d4   Number         4  tasks.o(.text.xTaskPriorityDisinherit)
    [Anonymous Symbol]                       0x000020d8   Section        0  tasks.o(.text.xTaskPriorityInherit)
    __arm_cp.50_2                            0x00002164   Number         4  tasks.o(.text.xTaskPriorityInherit)
    [Anonymous Symbol]                       0x00002168   Section        0  tasks.o(.text.xTaskRemoveFromEventList)
    __arm_cp.35_0                            0x00002224   Number         4  tasks.o(.text.xTaskRemoveFromEventList)
    __arm_cp.35_1                            0x00002228   Number         4  tasks.o(.text.xTaskRemoveFromEventList)
    [Anonymous Symbol]                       0x0000222c   Section        0  tasks.o(.text.xTaskResumeAll)
    __arm_cp.7_0                             0x00002338   Number         4  tasks.o(.text.xTaskResumeAll)
    __arm_cp.7_1                             0x0000233c   Number         4  tasks.o(.text.xTaskResumeAll)
    __arm_cp.7_2                             0x00002340   Number         4  tasks.o(.text.xTaskResumeAll)
    __arm_cp.7_3                             0x00002344   Number         4  tasks.o(.text.xTaskResumeAll)
    $v0                                      0x00002348   Number         0  fpinit.o(x$fpl$fpinit)
    x$fpl$fpinit                             0x00002348   Section       26  fpinit.o(x$fpl$fpinit)
    [Anonymous Symbol]                       0x00002362   Section        0  main.o(.rodata.str1.1)
    [Anonymous Symbol]                       0x20000000   Section        0  main.o(.data..L_MergedGlobals)
    uxCriticalNesting                        0x20000008   Data           4  port.o(.data.uxCriticalNesting)
    [Anonymous Symbol]                       0x20000008   Section        0  port.o(.data.uxCriticalNesting)
    .bss                                     0x20000010   Section       96  libspace.o(.bss)
    ucMaxSysCallPriority                     0x20000070   Data           1  port.o(.bss..L_MergedGlobals)
    [Anonymous Symbol]                       0x20000070   Section        0  port.o(.bss..L_MergedGlobals)
    ulStoppedTimerCompensation               0x20000074   Data           1  port.o(.bss..L_MergedGlobals)
    ulMaxPRIGROUPValue                       0x20000078   Data           4  port.o(.bss..L_MergedGlobals)
    xMaximumPossibleSuppressedTicks          0x2000007c   Data           4  port.o(.bss..L_MergedGlobals)
    ulTimerCountsForOneTick                  0x20000080   Data           4  port.o(.bss..L_MergedGlobals)
    pvPortMalloc.pucAlignedHeap              0x20000084   Data           4  heap_1.o(.bss..L_MergedGlobals)
    [Anonymous Symbol]                       0x20000084   Section        0  heap_1.o(.bss..L_MergedGlobals)
    xNextFreeByte                            0x20000088   Data           4  heap_1.o(.bss..L_MergedGlobals)
    uxTopReadyPriority                       0x2000008c   Data           4  tasks.o(.bss..L_MergedGlobals)
    [Anonymous Symbol]                       0x2000008c   Section        0  tasks.o(.bss..L_MergedGlobals)
    uxTaskNumber                             0x20000090   Data           4  tasks.o(.bss..L_MergedGlobals)
    uxDeletedTasksWaitingCleanUp             0x20000094   Data           4  tasks.o(.bss..L_MergedGlobals)
    uxCurrentNumberOfTasks                   0x20000098   Data           4  tasks.o(.bss..L_MergedGlobals)
    xSchedulerRunning                        0x2000009c   Data           4  tasks.o(.bss..L_MergedGlobals)
    uxSchedulerSuspended                     0x200000a0   Data           4  tasks.o(.bss..L_MergedGlobals)
    xTickCount                               0x200000a4   Data           4  tasks.o(.bss..L_MergedGlobals)
    pxDelayedTaskList                        0x200000a8   Data           4  tasks.o(.bss..L_MergedGlobals)
    pxOverflowDelayedTaskList                0x200000ac   Data           4  tasks.o(.bss..L_MergedGlobals)
    xYieldPending                            0x200000b0   Data           4  tasks.o(.bss..L_MergedGlobals)
    xIdleTaskHandle                          0x200000b4   Data           4  tasks.o(.bss..L_MergedGlobals)
    xNextTaskUnblockTime                     0x200000b8   Data           4  tasks.o(.bss..L_MergedGlobals)
    xPendedTicks                             0x200000bc   Data           4  tasks.o(.bss..L_MergedGlobals)
    xNumOfOverflows                          0x200000c0   Data           4  tasks.o(.bss..L_MergedGlobals)
    xTasksWaitingTermination                 0x200000c4   Data          20  tasks.o(.bss..L_MergedGlobals)
    xSuspendedTaskList                       0x200000d8   Data          20  tasks.o(.bss..L_MergedGlobals)
    xPendingReadyList                        0x200000ec   Data          20  tasks.o(.bss..L_MergedGlobals)
    xDelayedTaskList1                        0x20000100   Data          20  tasks.o(.bss..L_MergedGlobals.1)
    [Anonymous Symbol]                       0x20000100   Section        0  tasks.o(.bss..L_MergedGlobals.1)
    xDelayedTaskList2                        0x20000114   Data          20  tasks.o(.bss..L_MergedGlobals.1)
    [Anonymous Symbol]                       0x20000128   Section        0  main.o(.bss..L_MergedGlobals.2)
    __tagsym$$used.1                         0x20000140   Number         0  tasks.o(.bss.pxCurrentTCB)
    pxReadyTasksLists                        0x20000144   Data         100  tasks.o(.bss.pxReadyTasksLists)
    [Anonymous Symbol]                       0x20000144   Section        0  tasks.o(.bss.pxReadyTasksLists)
    ucHeap                                   0x200001a8   Data        4096  heap_1.o(.bss.ucHeap)
    [Anonymous Symbol]                       0x200001a8   Section        0  heap_1.o(.bss.ucHeap)
    Heap_Mem                                 0x200011a8   Data           0  startup_tm4c123.o(HEAP)
    Stack_Mem                                0x200011a8   Data         512  startup_tm4c123.o(STACK)
    HEAP                                     0x200011a8   Section        0  startup_tm4c123.o(HEAP)
    STACK                                    0x200011a8   Section      512  startup_tm4c123.o(STACK)
    __initial_sp                             0x200013a8   Data           0  startup_tm4c123.o(STACK)

    Global Symbols

    Symbol Name                              Value     Ov Type        Size  Object(Section)

    BuildAttributes$$THM_ISAv4$E$P$D$K$B$S$7EM$VFPi3$EXTD16$VFPS$VFMA$PE$A:L22UL41UL21$X:L11$S22US41US21$IEEE1$IW$~IW$USESV6$~STKCKD$USESV7$~SHL$OSPACE$ROPI$EBA8$UX$STANDARDLIB$REQ8$PRES8$EABIv2 0x00000000   Number         0  anon$$obj.o ABSOLUTE
    __Vectors                                0x00000000   Data           4  startup_tm4c123.o(RESET)
    __ARM_exceptions_init                     - Undefined Weak Reference
    __alloca_initialize                       - Undefined Weak Reference
    __arm_preinit_                            - Undefined Weak Reference
    __arm_relocate_pie_                       - Undefined Weak Reference
    __cpp_initialize__aeabi_                  - Undefined Weak Reference
    __cxa_finalize                            - Undefined Weak Reference
    __rt_locale                               - Undefined Weak Reference
    __sigvec_lookup                           - Undefined Weak Reference
    _atexit_init                              - Undefined Weak Reference
    _call_atexit_fns                          - Undefined Weak Reference
    _clock_init                               - Undefined Weak Reference
    _fp_trap_init                             - Undefined Weak Reference
    _fp_trap_shutdown                         - Undefined Weak Reference
    _get_lc_collate                           - Undefined Weak Reference
    _get_lc_ctype                             - Undefined Weak Reference
    _get_lc_monetary                          - Undefined Weak Reference
    _get_lc_numeric                           - Undefined Weak Reference
    _get_lc_time                              - Undefined Weak Reference
    _getenv_init                              - Undefined Weak Reference
    _handle_redirection                       - Undefined Weak Reference
    _init_alloc                               - Undefined Weak Reference
    _init_user_alloc                          - Undefined Weak Reference
    _initio                                   - Undefined Weak Reference
    _rand_init                                - Undefined Weak Reference
    _signal_finish                            - Undefined Weak Reference
    _signal_init                              - Undefined Weak Reference
    _terminate_alloc                          - Undefined Weak Reference
    _terminate_user_alloc                     - Undefined Weak Reference
    _terminateio                              - Undefined Weak Reference
    __Vectors_End                            0x0000026c   Data           0  startup_tm4c123.o(RESET)
    __Vectors_Size                           0x0000026c   Number         0  startup_tm4c123.o ABSOLUTE
    __main                                   0x0000026d   Thumb Code     8  __main.o(!!!main)
    __scatterload                            0x00000275   Thumb Code     0  __scatter.o(!!!scatter)
    __scatterload_rt2                        0x00000275   Thumb Code    84  __scatter.o(!!!scatter)
    __scatterload_rt2_thumb_only             0x00000275   Thumb Code     0  __scatter.o(!!!scatter)
    __scatterload_loop                       0x0000027f   Thumb Code     0  __scatter.o(!!!scatter)
    __scatterload_copy                       0x000002d1   Thumb Code    26  __scatter_copy.o(!!handler_copy)
    __scatterload_null                       0x000002ed   Thumb Code     2  __scatter.o(!!handler_null)
    __scatterload_zeroinit                   0x000002f1   Thumb Code    28  __scatter_zi.o(!!handler_zi)
    __rt_lib_init                            0x0000030d   Thumb Code     0  libinit.o(.ARM.Collect$$libinit$$00000000)
    __rt_lib_init_fp_1                       0x0000030f   Thumb Code     0  libinit2.o(.ARM.Collect$$libinit$$00000001)
    __rt_lib_init_alloca_1                   0x00000313   Thumb Code     0  libinit2.o(.ARM.Collect$$libinit$$00000030)
    __rt_lib_init_argv_1                     0x00000313   Thumb Code     0  libinit2.o(.ARM.Collect$$libinit$$0000002E)
    __rt_lib_init_atexit_1                   0x00000313   Thumb Code     0  libinit2.o(.ARM.Collect$$libinit$$0000001D)
    __rt_lib_init_clock_1                    0x00000313   Thumb Code     0  libinit2.o(.ARM.Collect$$libinit$$00000023)
    __rt_lib_init_cpp_1                      0x00000313   Thumb Code     0  libinit2.o(.ARM.Collect$$libinit$$00000034)
    __rt_lib_init_exceptions_1               0x00000313   Thumb Code     0  libinit2.o(.ARM.Collect$$libinit$$00000032)
    __rt_lib_init_fp_trap_1                  0x00000313   Thumb Code     0  libinit2.o(.ARM.Collect$$libinit$$00000021)
    __rt_lib_init_getenv_1                   0x00000313   Thumb Code     0  libinit2.o(.ARM.Collect$$libinit$$00000025)
    __rt_lib_init_heap_1                     0x00000313   Thumb Code     0  libinit2.o(.ARM.Collect$$libinit$$0000000C)
    __rt_lib_init_lc_collate_1               0x00000313   Thumb Code     0  libinit2.o(.ARM.Collect$$libinit$$00000013)
    __rt_lib_init_lc_ctype_1                 0x00000313   Thumb Code     0  libinit2.o(.ARM.Collect$$libinit$$00000015)
    __rt_lib_init_lc_monetary_1              0x00000313   Thumb Code     0  libinit2.o(.ARM.Collect$$libinit$$00000017)
    __rt_lib_init_lc_numeric_1               0x00000313   Thumb Code     0  libinit2.o(.ARM.Collect$$libinit$$00000019)
    __rt_lib_init_lc_time_1                  0x00000313   Thumb Code     0  libinit2.o(.ARM.Collect$$libinit$$0000001B)
    __rt_lib_init_preinit_1                  0x00000313   Thumb Code     0  libinit2.o(.ARM.Collect$$libinit$$00000006)
    __rt_lib_init_rand_1                     0x00000313   Thumb Code     0  libinit2.o(.ARM.Collect$$libinit$$00000010)
    __rt_lib_init_relocate_pie_1             0x00000313   Thumb Code     0  libinit2.o(.ARM.Collect$$libinit$$00000004)
    __rt_lib_init_return                     0x00000313   Thumb Code     0  libinit2.o(.ARM.Collect$$libinit$$00000035)
    __rt_lib_init_signal_1                   0x00000313   Thumb Code     0  libinit2.o(.ARM.Collect$$libinit$$0000001F)
    __rt_lib_init_stdio_1                    0x00000313   Thumb Code     0  libinit2.o(.ARM.Collect$$libinit$$00000027)
    __rt_lib_init_user_alloc_1               0x00000313   Thumb Code     0  libinit2.o(.ARM.Collect$$libinit$$0000000E)
    __rt_lib_shutdown                        0x00000315   Thumb Code     0  libshutdown.o(.ARM.Collect$$libshutdown$$00000000)
    __rt_lib_shutdown_cpp_1                  0x00000317   Thumb Code     0  libshutdown2.o(.ARM.Collect$$libshutdown$$00000002)
    __rt_lib_shutdown_fp_trap_1              0x00000317   Thumb Code     0  libshutdown2.o(.ARM.Collect$$libshutdown$$00000007)
    __rt_lib_shutdown_heap_1                 0x00000317   Thumb Code     0  libshutdown2.o(.ARM.Collect$$libshutdown$$0000000F)
    __rt_lib_shutdown_return                 0x00000317   Thumb Code     0  libshutdown2.o(.ARM.Collect$$libshutdown$$00000010)
    __rt_lib_shutdown_signal_1               0x00000317   Thumb Code     0  libshutdown2.o(.ARM.Collect$$libshutdown$$0000000A)
    __rt_lib_shutdown_stdio_1                0x00000317   Thumb Code     0  libshutdown2.o(.ARM.Collect$$libshutdown$$00000004)
    __rt_lib_shutdown_user_alloc_1           0x00000317   Thumb Code     0  libshutdown2.o(.ARM.Collect$$libshutdown$$0000000C)
    __rt_entry                               0x00000319   Thumb Code     0  __rtentry.o(.ARM.Collect$$rtentry$$00000000)
    __rt_entry_presh_1                       0x00000319   Thumb Code     0  __rtentry2.o(.ARM.Collect$$rtentry$$00000002)
    __rt_entry_sh                            0x00000319   Thumb Code     0  __rtentry4.o(.ARM.Collect$$rtentry$$00000004)
    __rt_entry_li                            0x0000031f   Thumb Code     0  __rtentry2.o(.ARM.Collect$$rtentry$$0000000A)
    __rt_entry_postsh_1                      0x0000031f   Thumb Code     0  __rtentry2.o(.ARM.Collect$$rtentry$$00000009)
    __rt_entry_main                          0x00000323   Thumb Code     0  __rtentry2.o(.ARM.Collect$$rtentry$$0000000D)
    __rt_entry_postli_1                      0x00000323   Thumb Code     0  __rtentry2.o(.ARM.Collect$$rtentry$$0000000C)
    __rt_exit                                0x0000032b   Thumb Code     0  rtexit.o(.ARM.Collect$$rtexit$$00000000)
    __rt_exit_ls                             0x0000032d   Thumb Code     0  rtexit2.o(.ARM.Collect$$rtexit$$00000003)
    __rt_exit_prels_1                        0x0000032d   Thumb Code     0  rtexit2.o(.ARM.Collect$$rtexit$$00000002)
    __rt_exit_exit                           0x00000331   Thumb Code     0  rtexit2.o(.ARM.Collect$$rtexit$$00000004)
    Reset_Handler                            0x00000339   Thumb Code     8  startup_tm4c123.o(.text)
    NMI_Handler                              0x00000341   Thumb Code     2  startup_tm4c123.o(.text)
    HardFault_Handler                        0x00000343   Thumb Code     2  startup_tm4c123.o(.text)
    MemManage_Handler                        0x00000345   Thumb Code     2  startup_tm4c123.o(.text)
    BusFault_Handler                         0x00000347   Thumb Code     2  startup_tm4c123.o(.text)
    UsageFault_Handler                       0x00000349   Thumb Code     2  startup_tm4c123.o(.text)
    DebugMon_Handler                         0x0000034d   Thumb Code     2  startup_tm4c123.o(.text)
    GPIOB_Handler                            0x00000355   Thumb Code     2  startup_tm4c123.o(.text)
    GPIOC_Handler                            0x00000357   Thumb Code     2  startup_tm4c123.o(.text)
    GPIOD_Handler                            0x00000359   Thumb Code     2  startup_tm4c123.o(.text)
    GPIOE_Handler                            0x0000035b   Thumb Code     2  startup_tm4c123.o(.text)
    UART0_Handler                            0x0000035d   Thumb Code     2  startup_tm4c123.o(.text)
    UART1_Handler                            0x0000035f   Thumb Code     2  startup_tm4c123.o(.text)
    SSI0_Handler                             0x00000361   Thumb Code     2  startup_tm4c123.o(.text)
    I2C0_Handler                             0x00000363   Thumb Code     2  startup_tm4c123.o(.text)
    PMW0_FAULT_Handler                       0x00000365   Thumb Code     2  startup_tm4c123.o(.text)
    PWM0_0_Handler                           0x00000367   Thumb Code     2  startup_tm4c123.o(.text)
    PWM0_1_Handler                           0x00000369   Thumb Code     2  startup_tm4c123.o(.text)
    PWM0_2_Handler                           0x0000036b   Thumb Code     2  startup_tm4c123.o(.text)
    QEI0_Handler                             0x0000036d   Thumb Code     2  startup_tm4c123.o(.text)
    ADC0SS0_Handler                          0x0000036f   Thumb Code     2  startup_tm4c123.o(.text)
    ADC0SS1_Handler                          0x00000371   Thumb Code     2  startup_tm4c123.o(.text)
    ADC0SS2_Handler                          0x00000373   Thumb Code     2  startup_tm4c123.o(.text)
    ADC0SS3_Handler                          0x00000375   Thumb Code     2  startup_tm4c123.o(.text)
    WDT0_Handler                             0x00000377   Thumb Code     2  startup_tm4c123.o(.text)
    TIMER0A_Handler                          0x00000379   Thumb Code     2  startup_tm4c123.o(.text)
    TIMER0B_Handler                          0x0000037b   Thumb Code     2  startup_tm4c123.o(.text)
    TIMER1A_Handler                          0x0000037d   Thumb Code     2  startup_tm4c123.o(.text)
    TIMER1B_Handler                          0x0000037f   Thumb Code     2  startup_tm4c123.o(.text)
    TIMER2A_Handler                          0x00000381   Thumb Code     2  startup_tm4c123.o(.text)
    TIMER2B_Handler                          0x00000383   Thumb Code     2  startup_tm4c123.o(.text)
    COMP0_Handler                            0x00000385   Thumb Code     2  startup_tm4c123.o(.text)
    COMP1_Handler                            0x00000387   Thumb Code     2  startup_tm4c123.o(.text)
    COMP2_Handler                            0x00000389   Thumb Code     2  startup_tm4c123.o(.text)
    SYSCTL_Handler                           0x0000038b   Thumb Code     2  startup_tm4c123.o(.text)
    FLASH_Handler                            0x0000038d   Thumb Code     2  startup_tm4c123.o(.text)
    GPIOG_Handler                            0x00000391   Thumb Code     2  startup_tm4c123.o(.text)
    GPIOH_Handler                            0x00000393   Thumb Code     2  startup_tm4c123.o(.text)
    UART2_Handler                            0x00000395   Thumb Code     2  startup_tm4c123.o(.text)
    SSI1_Handler                             0x00000397   Thumb Code     2  startup_tm4c123.o(.text)
    TIMER3A_Handler                          0x00000399   Thumb Code     2  startup_tm4c123.o(.text)
    TIMER3B_Handler                          0x0000039b   Thumb Code     2  startup_tm4c123.o(.text)
    I2C1_Handler                             0x0000039d   Thumb Code     2  startup_tm4c123.o(.text)
    QEI1_Handler                             0x0000039f   Thumb Code     2  startup_tm4c123.o(.text)
    CAN0_Handler                             0x000003a1   Thumb Code     2  startup_tm4c123.o(.text)
    CAN1_Handler                             0x000003a3   Thumb Code     2  startup_tm4c123.o(.text)
    CAN2_Handler                             0x000003a5   Thumb Code     2  startup_tm4c123.o(.text)
    HIB_Handler                              0x000003a7   Thumb Code     2  startup_tm4c123.o(.text)
    USB0_Handler                             0x000003a9   Thumb Code     2  startup_tm4c123.o(.text)
    PWM0_3_Handler                           0x000003ab   Thumb Code     2  startup_tm4c123.o(.text)
    UDMA_Handler                             0x000003ad   Thumb Code     2  startup_tm4c123.o(.text)
    UDMAERR_Handler                          0x000003af   Thumb Code     2  startup_tm4c123.o(.text)
    ADC1SS0_Handler                          0x000003b1   Thumb Code     2  startup_tm4c123.o(.text)
    ADC1SS1_Handler                          0x000003b3   Thumb Code     2  startup_tm4c123.o(.text)
    ADC1SS2_Handler                          0x000003b5   Thumb Code     2  startup_tm4c123.o(.text)
    ADC1SS3_Handler                          0x000003b7   Thumb Code     2  startup_tm4c123.o(.text)
    GPIOJ_Handler                            0x000003b9   Thumb Code     2  startup_tm4c123.o(.text)
    GPIOK_Handler                            0x000003bb   Thumb Code     2  startup_tm4c123.o(.text)
    GPIOL_Handler                            0x000003bd   Thumb Code     2  startup_tm4c123.o(.text)
    SSI2_Handler                             0x000003bf   Thumb Code     2  startup_tm4c123.o(.text)
    SSI3_Handler                             0x000003c1   Thumb Code     2  startup_tm4c123.o(.text)
    UART3_Handler                            0x000003c3   Thumb Code     2  startup_tm4c123.o(.text)
    UART4_Handler                            0x000003c5   Thumb Code     2  startup_tm4c123.o(.text)
    UART5_Handler                            0x000003c7   Thumb Code     2  startup_tm4c123.o(.text)
    UART6_Handler                            0x000003c9   Thumb Code     2  startup_tm4c123.o(.text)
    UART7_Handler                            0x000003cb   Thumb Code     2  startup_tm4c123.o(.text)
    I2C2_Handler                             0x000003cd   Thumb Code     2  startup_tm4c123.o(.text)
    I2C3_Handler                             0x000003cf   Thumb Code     2  startup_tm4c123.o(.text)
    TIMER4A_Handler                          0x000003d1   Thumb Code     2  startup_tm4c123.o(.text)
    TIMER4B_Handler                          0x000003d3   Thumb Code     2  startup_tm4c123.o(.text)
    TIMER5A_Handler                          0x000003d5   Thumb Code     2  startup_tm4c123.o(.text)
    TIMER5B_Handler                          0x000003d7   Thumb Code     2  startup_tm4c123.o(.text)
    WTIMER0A_Handler                         0x000003d9   Thumb Code     2  startup_tm4c123.o(.text)
    WTIMER0B_Handler                         0x000003db   Thumb Code     2  startup_tm4c123.o(.text)
    WTIMER1A_Handler                         0x000003dd   Thumb Code     2  startup_tm4c123.o(.text)
    WTIMER1B_Handler                         0x000003df   Thumb Code     2  startup_tm4c123.o(.text)
    WTIMER2A_Handler                         0x000003e1   Thumb Code     2  startup_tm4c123.o(.text)
    WTIMER2B_Handler                         0x000003e3   Thumb Code     2  startup_tm4c123.o(.text)
    WTIMER3A_Handler                         0x000003e5   Thumb Code     2  startup_tm4c123.o(.text)
    WTIMER3B_Handler                         0x000003e7   Thumb Code     2  startup_tm4c123.o(.text)
    WTIMER4A_Handler                         0x000003e9   Thumb Code     2  startup_tm4c123.o(.text)
    WTIMER4B_Handler                         0x000003eb   Thumb Code     2  startup_tm4c123.o(.text)
    WTIMER5A_Handler                         0x000003ed   Thumb Code     2  startup_tm4c123.o(.text)
    WTIMER5B_Handler                         0x000003ef   Thumb Code     2  startup_tm4c123.o(.text)
    FPU_Handler                              0x000003f1   Thumb Code     2  startup_tm4c123.o(.text)
    I2C4_Handler                             0x000003f3   Thumb Code     2  startup_tm4c123.o(.text)
    I2C5_Handler                             0x000003f5   Thumb Code     2  startup_tm4c123.o(.text)
    GPIOM_Handler                            0x000003f7   Thumb Code     2  startup_tm4c123.o(.text)
    GPION_Handler                            0x000003f9   Thumb Code     2  startup_tm4c123.o(.text)
    QEI2_Handler                             0x000003fb   Thumb Code     2  startup_tm4c123.o(.text)
    GPIOP0_Handler                           0x000003fd   Thumb Code     2  startup_tm4c123.o(.text)
    GPIOP1_Handler                           0x000003ff   Thumb Code     2  startup_tm4c123.o(.text)
    GPIOP2_Handler                           0x00000401   Thumb Code     2  startup_tm4c123.o(.text)
    GPIOP3_Handler                           0x00000403   Thumb Code     2  startup_tm4c123.o(.text)
    GPIOP4_Handler                           0x00000405   Thumb Code     2  startup_tm4c123.o(.text)
    GPIOP5_Handler                           0x00000407   Thumb Code     2  startup_tm4c123.o(.text)
    GPIOP6_Handler                           0x00000409   Thumb Code     2  startup_tm4c123.o(.text)
    GPIOP7_Handler                           0x0000040b   Thumb Code     2  startup_tm4c123.o(.text)
    GPIOQ0_Handler                           0x0000040d   Thumb Code     2  startup_tm4c123.o(.text)
    GPIOQ1_Handler                           0x0000040f   Thumb Code     2  startup_tm4c123.o(.text)
    GPIOQ2_Handler                           0x00000411   Thumb Code     2  startup_tm4c123.o(.text)
    GPIOQ3_Handler                           0x00000413   Thumb Code     2  startup_tm4c123.o(.text)
    GPIOQ4_Handler                           0x00000415   Thumb Code     2  startup_tm4c123.o(.text)
    GPIOQ5_Handler                           0x00000417   Thumb Code     2  startup_tm4c123.o(.text)
    GPIOQ6_Handler                           0x00000419   Thumb Code     2  startup_tm4c123.o(.text)
    GPIOQ7_Handler                           0x0000041b   Thumb Code     2  startup_tm4c123.o(.text)
    GPIOR_Handler                            0x0000041d   Thumb Code     2  startup_tm4c123.o(.text)
    GPIOS_Handler                            0x0000041f   Thumb Code     2  startup_tm4c123.o(.text)
    PMW1_0_Handler                           0x00000421   Thumb Code     2  startup_tm4c123.o(.text)
    PWM1_1_Handler                           0x00000423   Thumb Code     2  startup_tm4c123.o(.text)
    PWM1_2_Handler                           0x00000425   Thumb Code     2  startup_tm4c123.o(.text)
    PWM1_3_Handler                           0x00000427   Thumb Code     2  startup_tm4c123.o(.text)
    PWM1_FAULT_Handler                       0x00000429   Thumb Code     2  startup_tm4c123.o(.text)
    __user_initial_stackheap                 0x0000042d   Thumb Code     0  startup_tm4c123.o(.text)
    __aeabi_memcpy                           0x0000044d   Thumb Code     0  rt_memcpy_v6.o(.text)
    __rt_memcpy                              0x0000044d   Thumb Code   138  rt_memcpy_v6.o(.text)
    _memcpy_lastbytes                        0x000004b3   Thumb Code     0  rt_memcpy_v6.o(.text)
    __aeabi_memset4                          0x000004d7   Thumb Code    16  aeabi_memset4.o(.text)
    __aeabi_memset8                          0x000004d7   Thumb Code     0  aeabi_memset4.o(.text)
    __aeabi_memclr                           0x000004e7   Thumb Code     0  rt_memclr.o(.text)
    __rt_memclr                              0x000004e7   Thumb Code     0  rt_memclr.o(.text)
    _memset                                  0x000004eb   Thumb Code    64  rt_memclr.o(.text)
    __use_two_region_memory                  0x0000052b   Thumb Code     2  heapauxi.o(.text)
    __rt_heap_escrow$2region                 0x0000052d   Thumb Code     2  heapauxi.o(.text)
    __rt_heap_expand$2region                 0x0000052f   Thumb Code     2  heapauxi.o(.text)
    __aeabi_memcpy4                          0x00000531   Thumb Code     0  rt_memcpy_w.o(.text)
    __aeabi_memcpy8                          0x00000531   Thumb Code     0  rt_memcpy_w.o(.text)
    __rt_memcpy_w                            0x00000531   Thumb Code   100  rt_memcpy_w.o(.text)
    _memcpy_lastbytes_aligned                0x00000579   Thumb Code     0  rt_memcpy_w.o(.text)
    __aeabi_memclr4                          0x00000595   Thumb Code     0  rt_memclr_w.o(.text)
    __aeabi_memclr8                          0x00000595   Thumb Code     0  rt_memclr_w.o(.text)
    __rt_memclr_w                            0x00000595   Thumb Code     0  rt_memclr_w.o(.text)
    _memset_w                                0x00000599   Thumb Code    74  rt_memclr_w.o(.text)
    __user_setup_stackheap                   0x000005e3   Thumb Code    74  sys_stackheap_outer.o(.text)
    exit                                     0x0000062d   Thumb Code    18  exit.o(.text)
    __user_libspace                          0x00000641   Thumb Code     8  libspace.o(.text)
    __user_perproc_libspace                  0x00000641   Thumb Code     0  libspace.o(.text)
    __user_perthread_libspace                0x00000641   Thumb Code     0  libspace.o(.text)
    _sys_exit                                0x00000649   Thumb Code     8  sys_exit.o(.text)
    __I$use$semihosting                      0x00000655   Thumb Code     0  use_no_semi.o(.text)
    __use_no_semihosting_swi                 0x00000655   Thumb Code     2  use_no_semi.o(.text)
    __semihosting_library_function           0x00000657   Thumb Code     0  indicate_semi.o(.text)
    DIO_DIR                                  0x00000659   Thumb Code   184  dio.o(.text.DIO_DIR)
    DIO_Init                                 0x00000731   Thumb Code    20  dio.o(.text.DIO_Init)
    DriverListner                            0x00000749   Thumb Code   152  main.o(.text.DriverListner)
    GPIOA_Handler                            0x000007e1   Thumb Code    88  main.o(.text.GPIOA_Handler)
    GPIOF_Handler                            0x00000841   Thumb Code   152  main.o(.text.GPIOF_Handler)
    Init                                     0x000008dd   Thumb Code    18  main.o(.text.Init)
    MotorDriver                              0x000008f1   Thumb Code   136  main.o(.text.MotorDriver)
    PORTA_Interrupt_Enable                   0x00000a5d   Thumb Code    56  main.o(.text.PORTA_Interrupt_Enable)
    PORTF_Interrupt_Enable                   0x00000a99   Thumb Code    68  main.o(.text.PORTF_Interrupt_Enable)
    PassengerLisnter                         0x00000ae9   Thumb Code   184  main.o(.text.PassengerLisnter)
    PendSV_Handler                           0x00000bb1   Thumb Code   100  port.o(.text.PendSV_Handler)
    SVC_Handler                              0x00000c21   Thumb Code    36  port.o(.text.SVC_Handler)
    SysTick_Handler                          0x00000c45   Thumb Code    40  port.o(.text.SysTick_Handler)
    SystemInit                               0x00000c71   Thumb Code    68  system_tm4c123.o(.text.SystemInit)
    eTaskConfirmSleepModeStatus              0x00000cd1   Thumb Code    36  tasks.o(.text.eTaskConfirmSleepModeStatus)
    main                                     0x00000cf5   Thumb Code   124  main.o(.text.main)
    psh_btn_init                             0x00001111   Thumb Code   112  main.o(.text.psh_btn_init)
    pvPortMalloc                             0x00001185   Thumb Code    80  heap_1.o(.text.pvPortMalloc)
    pvTaskIncrementMutexHeldCount            0x000011dd   Thumb Code    20  tasks.o(.text.pvTaskIncrementMutexHeldCount)
    pxPortInitialiseStack                    0x000011f5   Thumb Code    32  port.o(.text.pxPortInitialiseStack)
    uxListRemove                             0x00001219   Thumb Code    34  list.o(.text.uxListRemove)
    uxTaskGetNumberOfTasks                   0x0000123d   Thumb Code     8  tasks.o(.text.uxTaskGetNumberOfTasks)
    vListInitialise                          0x00001249   Thumb Code    22  list.o(.text.vListInitialise)
    vListInitialiseItem                      0x0000125f   Thumb Code     6  list.o(.text.vListInitialiseItem)
    vListInsert                              0x00001265   Thumb Code    46  list.o(.text.vListInsert)
    vPortEnterCritical                       0x000012a9   Thumb Code    56  port.o(.text.vPortEnterCritical)
    vPortExitCritical                        0x000012e5   Thumb Code    40  port.o(.text.vPortExitCritical)
    vPortFree                                0x00001311   Thumb Code    22  heap_1.o(.text.vPortFree)
    vPortSetupTimerInterrupt                 0x00001329   Thumb Code    56  port.o(.text.vPortSetupTimerInterrupt)
    vPortSuppressTicksAndSleep               0x00001365   Thumb Code   220  port.o(.text.vPortSuppressTicksAndSleep)
    vTaskDelay                               0x00001449   Thumb Code    64  tasks.o(.text.vTaskDelay)
    vTaskInternalSetTimeOutState             0x0000148d   Thumb Code    12  tasks.o(.text.vTaskInternalSetTimeOutState)
    vTaskMissedYield                         0x00001499   Thumb Code     8  tasks.o(.text.vTaskMissedYield)
    vTaskPlaceOnEventList                    0x000014a1   Thumb Code    48  tasks.o(.text.vTaskPlaceOnEventList)
    vTaskPriorityDisinheritAfterTimeout      0x000014d1   Thumb Code   144  tasks.o(.text.vTaskPriorityDisinheritAfterTimeout)
    vTaskStartScheduler                      0x00001565   Thumb Code    96  tasks.o(.text.vTaskStartScheduler)
    vTaskStepTick                            0x000015d9   Thumb Code   112  tasks.o(.text.vTaskStepTick)
    vTaskSuspendAll                          0x00001649   Thumb Code    12  tasks.o(.text.vTaskSuspendAll)
    vTaskSwitchContext                       0x00001655   Thumb Code    88  tasks.o(.text.vTaskSwitchContext)
    xPortStartScheduler                      0x000016b9   Thumb Code   204  port.o(.text.xPortStartScheduler)
    xQueueCreateMutex                        0x0000179d   Thumb Code    40  queue.o(.text.xQueueCreateMutex)
    xQueueGenericCreate                      0x000017c5   Thumb Code    88  queue.o(.text.xQueueGenericCreate)
    xQueueGenericReset                       0x0000181d   Thumb Code   152  queue.o(.text.xQueueGenericReset)
    xQueueGenericSend                        0x000018b5   Thumb Code   404  queue.o(.text.xQueueGenericSend)
    xQueueReceive                            0x00001a49   Thumb Code   304  queue.o(.text.xQueueReceive)
    xQueueSemaphoreTake                      0x00001b7d   Thumb Code   368  queue.o(.text.xQueueSemaphoreTake)
    xTaskCheckForTimeOut                     0x00001cf1   Thumb Code   132  tasks.o(.text.xTaskCheckForTimeOut)
    xTaskCreate                              0x00001d75   Thumb Code   392  tasks.o(.text.xTaskCreate)
    xTaskGetSchedulerState                   0x00001f09   Thumb Code    24  tasks.o(.text.xTaskGetSchedulerState)
    xTaskIncrementTick                       0x00001f21   Thumb Code   288  tasks.o(.text.xTaskIncrementTick)
    xTaskPriorityDisinherit                  0x00002041   Thumb Code   144  tasks.o(.text.xTaskPriorityDisinherit)
    xTaskPriorityInherit                     0x000020d9   Thumb Code   140  tasks.o(.text.xTaskPriorityInherit)
    xTaskRemoveFromEventList                 0x00002169   Thumb Code   188  tasks.o(.text.xTaskRemoveFromEventList)
    xTaskResumeAll                           0x0000222d   Thumb Code   268  tasks.o(.text.xTaskResumeAll)
    _fp_init                                 0x00002349   Thumb Code    26  fpinit.o(x$fpl$fpinit)
    __fplib_config_fpu_vfp                   0x00002361   Thumb Code     0  fpinit.o(x$fpl$fpinit)
    __fplib_config_pureend_doubles           0x00002361   Thumb Code     0  fpinit.o(x$fpl$fpinit)
    uxTopUsedPriority                        0x0000236c   Data           4  tasks.o(.rodata.uxTopUsedPriority)
    Region$$Table$$Base                      0x00002370   Number         0  anon$$obj.o(Region$$Table)
    Region$$Table$$Limit                     0x00002390   Number         0  anon$$obj.o(Region$$Table)
    windowUpActive                           0x20000000   Data           1  main.o(.data..L_MergedGlobals)
    windowDownActive                         0x20000001   Data           1  main.o(.data..L_MergedGlobals)
    SystemCoreClock                          0x20000004   Data           4  system_tm4c123.o(.data.SystemCoreClock)
    windowActive                             0x2000000c   Data           1  main.o(.data.windowActive)
    __libspace_start                         0x20000010   Data          96  libspace.o(.bss)
    __temporary_stack_top$libspace           0x20000070   Data           0  libspace.o(.bss)
    lockEnabled                              0x20000128   Data           1  main.o(.bss..L_MergedGlobals.2)
    lastDirection                            0x2000012a   Data           2  main.o(.bss..L_MergedGlobals.2)
    xQueue                                   0x2000012c   Data           4  main.o(.bss..L_MergedGlobals.2)
    xMutex                                   0x20000130   Data           4  main.o(.bss..L_MergedGlobals.2)
    xLockSemaphore                           0x20000134   Data           4  main.o(.bss..L_MergedGlobals.2)
    DriverHandle                             0x20000138   Data           4  main.o(.bss..L_MergedGlobals.2)
    PassengerHandler                         0x2000013c   Data           4  main.o(.bss..L_MergedGlobals.2)
    pxCurrentTCB                             0x20000140   Data           4  tasks.o(.bss.pxCurrentTCB)



==============================================================================

Memory Map of the image

  Image Entry point : 0x00000339

  Load Region LR_1 (Base: 0x00000000, Size: 0x000023a0, Max: 0xffffffff, ABSOLUTE)

    Execution Region ER_RO (Exec base: 0x00000000, Load base: 0x00000000, Size: 0x00002390, Max: 0xffffffff, ABSOLUTE)

    Exec Addr    Load Addr    Size         Type   Attr      Idx    E Section Name        Object

    0x00000000   0x00000000   0x0000026c   Data   RO           78    RESET               startup_tm4c123.o
    0x0000026c   0x0000026c   0x00000008   Code   RO          447  * !!!main             c_w.l(__main.o)
    0x00000274   0x00000274   0x0000005c   Code   RO          616    !!!scatter          c_w.l(__scatter.o)
    0x000002d0   0x000002d0   0x0000001a   Code   RO          620    !!handler_copy      c_w.l(__scatter_copy.o)
    0x000002ea   0x000002ea   0x00000002   PAD
    0x000002ec   0x000002ec   0x00000002   Code   RO          617    !!handler_null      c_w.l(__scatter.o)
    0x000002ee   0x000002ee   0x00000002   PAD
    0x000002f0   0x000002f0   0x0000001c   Code   RO          622    !!handler_zi        c_w.l(__scatter_zi.o)
    0x0000030c   0x0000030c   0x00000002   Code   RO          478    .ARM.Collect$$libinit$$00000000  c_w.l(libinit.o)
    0x0000030e   0x0000030e   0x00000004   Code   RO          484    .ARM.Collect$$libinit$$00000001  c_w.l(libinit2.o)
    0x00000312   0x00000312   0x00000000   Code   RO          487    .ARM.Collect$$libinit$$00000004  c_w.l(libinit2.o)
    0x00000312   0x00000312   0x00000000   Code   RO          489    .ARM.Collect$$libinit$$00000006  c_w.l(libinit2.o)
    0x00000312   0x00000312   0x00000000   Code   RO          492    .ARM.Collect$$libinit$$0000000C  c_w.l(libinit2.o)
    0x00000312   0x00000312   0x00000000   Code   RO          494    .ARM.Collect$$libinit$$0000000E  c_w.l(libinit2.o)
    0x00000312   0x00000312   0x00000000   Code   RO          496    .ARM.Collect$$libinit$$00000010  c_w.l(libinit2.o)
    0x00000312   0x00000312   0x00000000   Code   RO          499    .ARM.Collect$$libinit$$00000013  c_w.l(libinit2.o)
    0x00000312   0x00000312   0x00000000   Code   RO          501    .ARM.Collect$$libinit$$00000015  c_w.l(libinit2.o)
    0x00000312   0x00000312   0x00000000   Code   RO          503    .ARM.Collect$$libinit$$00000017  c_w.l(libinit2.o)
    0x00000312   0x00000312   0x00000000   Code   RO          505    .ARM.Collect$$libinit$$00000019  c_w.l(libinit2.o)
    0x00000312   0x00000312   0x00000000   Code   RO          507    .ARM.Collect$$libinit$$0000001B  c_w.l(libinit2.o)
    0x00000312   0x00000312   0x00000000   Code   RO          509    .ARM.Collect$$libinit$$0000001D  c_w.l(libinit2.o)
    0x00000312   0x00000312   0x00000000   Code   RO          511    .ARM.Collect$$libinit$$0000001F  c_w.l(libinit2.o)
    0x00000312   0x00000312   0x00000000   Code   RO          513    .ARM.Collect$$libinit$$00000021  c_w.l(libinit2.o)
    0x00000312   0x00000312   0x00000000   Code   RO          515    .ARM.Collect$$libinit$$00000023  c_w.l(libinit2.o)
    0x00000312   0x00000312   0x00000000   Code   RO          517    .ARM.Collect$$libinit$$00000025  c_w.l(libinit2.o)
    0x00000312   0x00000312   0x00000000   Code   RO          519    .ARM.Collect$$libinit$$00000027  c_w.l(libinit2.o)
    0x00000312   0x00000312   0x00000000   Code   RO          523    .ARM.Collect$$libinit$$0000002E  c_w.l(libinit2.o)
    0x00000312   0x00000312   0x00000000   Code   RO          525    .ARM.Collect$$libinit$$00000030  c_w.l(libinit2.o)
    0x00000312   0x00000312   0x00000000   Code   RO          527    .ARM.Collect$$libinit$$00000032  c_w.l(libinit2.o)
    0x00000312   0x00000312   0x00000000   Code   RO          529    .ARM.Collect$$libinit$$00000034  c_w.l(libinit2.o)
    0x00000312   0x00000312   0x00000002   Code   RO          530    .ARM.Collect$$libinit$$00000035  c_w.l(libinit2.o)
    0x00000314   0x00000314   0x00000002   Code   RO          552    .ARM.Collect$$libshutdown$$00000000  c_w.l(libshutdown.o)
    0x00000316   0x00000316   0x00000000   Code   RO          567    .ARM.Collect$$libshutdown$$00000002  c_w.l(libshutdown2.o)
    0x00000316   0x00000316   0x00000000   Code   RO          569    .ARM.Collect$$libshutdown$$00000004  c_w.l(libshutdown2.o)
    0x00000316   0x00000316   0x00000000   Code   RO          572    .ARM.Collect$$libshutdown$$00000007  c_w.l(libshutdown2.o)
    0x00000316   0x00000316   0x00000000   Code   RO          575    .ARM.Collect$$libshutdown$$0000000A  c_w.l(libshutdown2.o)
    0x00000316   0x00000316   0x00000000   Code   RO          577    .ARM.Collect$$libshutdown$$0000000C  c_w.l(libshutdown2.o)
    0x00000316   0x00000316   0x00000000   Code   RO          580    .ARM.Collect$$libshutdown$$0000000F  c_w.l(libshutdown2.o)
    0x00000316   0x00000316   0x00000002   Code   RO          581    .ARM.Collect$$libshutdown$$00000010  c_w.l(libshutdown2.o)
    0x00000318   0x00000318   0x00000000   Code   RO          449    .ARM.Collect$$rtentry$$00000000  c_w.l(__rtentry.o)
    0x00000318   0x00000318   0x00000000   Code   RO          455    .ARM.Collect$$rtentry$$00000002  c_w.l(__rtentry2.o)
    0x00000318   0x00000318   0x00000006   Code   RO          467    .ARM.Collect$$rtentry$$00000004  c_w.l(__rtentry4.o)
    0x0000031e   0x0000031e   0x00000000   Code   RO          457    .ARM.Collect$$rtentry$$00000009  c_w.l(__rtentry2.o)
    0x0000031e   0x0000031e   0x00000004   Code   RO          458    .ARM.Collect$$rtentry$$0000000A  c_w.l(__rtentry2.o)
    0x00000322   0x00000322   0x00000000   Code   RO          460    .ARM.Collect$$rtentry$$0000000C  c_w.l(__rtentry2.o)
    0x00000322   0x00000322   0x00000008   Code   RO          461    .ARM.Collect$$rtentry$$0000000D  c_w.l(__rtentry2.o)
    0x0000032a   0x0000032a   0x00000002   Code   RO          482    .ARM.Collect$$rtexit$$00000000  c_w.l(rtexit.o)
    0x0000032c   0x0000032c   0x00000000   Code   RO          532    .ARM.Collect$$rtexit$$00000002  c_w.l(rtexit2.o)
    0x0000032c   0x0000032c   0x00000004   Code   RO          533    .ARM.Collect$$rtexit$$00000003  c_w.l(rtexit2.o)
    0x00000330   0x00000330   0x00000006   Code   RO          534    .ARM.Collect$$rtexit$$00000004  c_w.l(rtexit2.o)
    0x00000336   0x00000336   0x00000002   PAD
    0x00000338   0x00000338   0x00000114   Code   RO           79  * .text               startup_tm4c123.o
    0x0000044c   0x0000044c   0x0000008a   Code   RO          439    .text               c_w.l(rt_memcpy_v6.o)
    0x000004d6   0x000004d6   0x00000010   Code   RO          441    .text               c_w.l(aeabi_memset4.o)
    0x000004e6   0x000004e6   0x00000044   Code   RO          443    .text               c_w.l(rt_memclr.o)
    0x0000052a   0x0000052a   0x00000006   Code   RO          445    .text               c_w.l(heapauxi.o)
    0x00000530   0x00000530   0x00000064   Code   RO          450    .text               c_w.l(rt_memcpy_w.o)
    0x00000594   0x00000594   0x0000004e   Code   RO          452    .text               c_w.l(rt_memclr_w.o)
    0x000005e2   0x000005e2   0x0000004a   Code   RO          469    .text               c_w.l(sys_stackheap_outer.o)
    0x0000062c   0x0000062c   0x00000012   Code   RO          471    .text               c_w.l(exit.o)
    0x0000063e   0x0000063e   0x00000002   PAD
    0x00000640   0x00000640   0x00000008   Code   RO          479    .text               c_w.l(libspace.o)
    0x00000648   0x00000648   0x0000000c   Code   RO          542    .text               c_w.l(sys_exit.o)
    0x00000654   0x00000654   0x00000002   Code   RO          557    .text               c_w.l(use_no_semi.o)
    0x00000656   0x00000656   0x00000000   Code   RO          559    .text               c_w.l(indicate_semi.o)
    0x00000656   0x00000656   0x00000002   PAD
    0x00000658   0x00000658   0x000000d8   Code   RO           61    .text.DIO_DIR       dio.o
    0x00000730   0x00000730   0x00000018   Code   RO           59    .text.DIO_Init      dio.o
    0x00000748   0x00000748   0x00000098   Code   RO           22    .text.DriverListner  main.o
    0x000007e0   0x000007e0   0x00000060   Code   RO           34    .text.GPIOA_Handler  main.o
    0x00000840   0x00000840   0x0000009c   Code   RO           32    .text.GPIOF_Handler  main.o
    0x000008dc   0x000008dc   0x00000012   Code   RO           26    .text.Init          main.o
    0x000008ee   0x000008ee   0x00000002   PAD
    0x000008f0   0x000008f0   0x00000094   Code   RO           18    .text.MotorDriver   main.o
    0x00000984   0x00000984   0x00000008   Code   RO           38    .text.OUTLINED_FUNCTION_0  main.o
    0x0000098c   0x0000098c   0x00000006   Code   RO          247    .text.OUTLINED_FUNCTION_0  queue.o
    0x00000992   0x00000992   0x00000008   Code   RO           40    .text.OUTLINED_FUNCTION_1  main.o
    0x0000099a   0x0000099a   0x00000008   Code   RO          249    .text.OUTLINED_FUNCTION_1  queue.o
    0x000009a2   0x000009a2   0x00000008   Code   RO          399    .text.OUTLINED_FUNCTION_1  tasks.o
    0x000009aa   0x000009aa   0x0000000e   Code   RO          417    .text.OUTLINED_FUNCTION_10  tasks.o
    0x000009b8   0x000009b8   0x0000000e   Code   RO          419    .text.OUTLINED_FUNCTION_11  tasks.o
    0x000009c6   0x000009c6   0x0000000e   Code   RO          421    .text.OUTLINED_FUNCTION_12  tasks.o
    0x000009d4   0x000009d4   0x0000000a   Code   RO           42    .text.OUTLINED_FUNCTION_2  main.o
    0x000009de   0x000009de   0x00000006   Code   RO          251    .text.OUTLINED_FUNCTION_2  queue.o
    0x000009e4   0x000009e4   0x00000020   Code   RO          401    .text.OUTLINED_FUNCTION_2  tasks.o
    0x00000a04   0x00000a04   0x00000006   Code   RO          253    .text.OUTLINED_FUNCTION_3  queue.o
    0x00000a0a   0x00000a0a   0x0000001a   Code   RO          403    .text.OUTLINED_FUNCTION_3  tasks.o
    0x00000a24   0x00000a24   0x00000010   Code   RO          255    .text.OUTLINED_FUNCTION_4  queue.o
    0x00000a34   0x00000a34   0x00000008   Code   RO          405    .text.OUTLINED_FUNCTION_4  tasks.o
    0x00000a3c   0x00000a3c   0x00000006   Code   RO          257    .text.OUTLINED_FUNCTION_5  queue.o
    0x00000a42   0x00000a42   0x0000000a   Code   RO          407    .text.OUTLINED_FUNCTION_5  tasks.o
    0x00000a4c   0x00000a4c   0x00000008   Code   RO          259    .text.OUTLINED_FUNCTION_6  queue.o
    0x00000a54   0x00000a54   0x00000006   Code   RO          261    .text.OUTLINED_FUNCTION_7  queue.o
    0x00000a5a   0x00000a5a   0x00000002   PAD
    0x00000a5c   0x00000a5c   0x0000003c   Code   RO           30    .text.PORTA_Interrupt_Enable  main.o
    0x00000a98   0x00000a98   0x00000050   Code   RO           28    .text.PORTF_Interrupt_Enable  main.o
    0x00000ae8   0x00000ae8   0x000000c4   Code   RO           20    .text.PassengerLisnter  main.o
    0x00000bac   0x00000bac   0x00000004   PAD
    0x00000bb0   0x00000bb0   0x00000064   Code   RO          141    .text.PendSV_Handler  port.o
    0x00000c14   0x00000c14   0x0000000c   PAD
    0x00000c20   0x00000c20   0x00000024   Code   RO          125    .text.SVC_Handler   port.o
    0x00000c44   0x00000c44   0x0000002c   Code   RO          143    .text.SysTick_Handler  port.o
    0x00000c70   0x00000c70   0x00000060   Code   RO           90    .text.SystemInit    system_tm4c123.o
    0x00000cd0   0x00000cd0   0x00000024   Code   RO          357    .text.eTaskConfirmSleepModeStatus  tasks.o
    0x00000cf4   0x00000cf4   0x0000009c   Code   RO           36    .text.main          main.o
    0x00000d90   0x00000d90   0x00000098   Code   RO          283    .text.prvAddCurrentTaskToDelayedList  tasks.o
    0x00000e28   0x00000e28   0x00000024   Code   RO          209    .text.prvCopyDataFromQueue  queue.o
    0x00000e4c   0x00000e4c   0x00000070   Code   RO          197    .text.prvCopyDataToQueue  queue.o
    0x00000ebc   0x00000ebc   0x00000014   Code   RO          277    .text.prvDeleteTCB  tasks.o
    0x00000ed0   0x00000ed0   0x0000002c   Code   RO          395    .text.prvGetExpectedIdleTime  tasks.o
    0x00000efc   0x00000efc   0x0000008c   Code   RO          307    .text.prvIdleTask   tasks.o
    0x00000f88   0x00000f88   0x00000016   Code   RO          211    .text.prvIsQueueEmpty  queue.o
    0x00000f9e   0x00000f9e   0x00000090   Code   RO          199    .text.prvNotifyQueueSetContainer  queue.o
    0x0000102e   0x0000102e   0x00000002   PAD
    0x00001030   0x00001030   0x00000028   Code   RO          133    .text.prvPortStartFirstTask  port.o
    0x00001058   0x00001058   0x0000001c   Code   RO          275    .text.prvResetNextTaskUnblockTime  tasks.o
    0x00001074   0x00001074   0x0000002c   Code   RO          123    .text.prvTaskExitError  port.o
    0x000010a0   0x000010a0   0x0000006e   Code   RO          201    .text.prvUnlockQueue  queue.o
    0x0000110e   0x0000110e   0x00000002   PAD
    0x00001110   0x00001110   0x00000074   Code   RO           24    .text.psh_btn_init  main.o
    0x00001184   0x00001184   0x00000058   Code   RO          159    .text.pvPortMalloc  heap_1.o
    0x000011dc   0x000011dc   0x00000018   Code   RO          379    .text.pvTaskIncrementMutexHeldCount  tasks.o
    0x000011f4   0x000011f4   0x00000024   Code   RO          121    .text.pxPortInitialiseStack  port.o
    0x00001218   0x00001218   0x00000022   Code   RO          111    .text.uxListRemove  list.o
    0x0000123a   0x0000123a   0x00000002   PAD
    0x0000123c   0x0000123c   0x0000000c   Code   RO          317    .text.uxTaskGetNumberOfTasks  tasks.o
    0x00001248   0x00001248   0x00000016   Code   RO          103    .text.vListInitialise  list.o
    0x0000125e   0x0000125e   0x00000006   Code   RO          105    .text.vListInitialiseItem  list.o
    0x00001264   0x00001264   0x0000002e   Code   RO          109    .text.vListInsert   list.o
    0x00001292   0x00001292   0x00000002   PAD
    0x00001294   0x00001294   0x00000014   Code   RO          131    .text.vPortEnableVFP  port.o
    0x000012a8   0x000012a8   0x0000003c   Code   RO          137    .text.vPortEnterCritical  port.o
    0x000012e4   0x000012e4   0x0000002c   Code   RO          139    .text.vPortExitCritical  port.o
    0x00001310   0x00001310   0x00000016   Code   RO          161    .text.vPortFree     heap_1.o
    0x00001326   0x00001326   0x00000002   PAD
    0x00001328   0x00001328   0x0000003c   Code   RO          129    .text.vPortSetupTimerInterrupt  port.o
    0x00001364   0x00001364   0x000000e4   Code   RO          145    .text.vPortSuppressTicksAndSleep  port.o
    0x00001448   0x00001448   0x00000044   Code   RO          287    .text.vTaskDelay    tasks.o
    0x0000148c   0x0000148c   0x0000000c   Code   RO          347    .text.vTaskInternalSetTimeOutState  tasks.o
    0x00001498   0x00001498   0x00000008   Code   RO          351    .text.vTaskMissedYield  tasks.o
    0x000014a0   0x000014a0   0x00000030   Code   RO          337    .text.vTaskPlaceOnEventList  tasks.o
    0x000014d0   0x000014d0   0x00000094   Code   RO          375    .text.vTaskPriorityDisinheritAfterTimeout  tasks.o
    0x00001564   0x00001564   0x00000074   Code   RO          305    .text.vTaskStartScheduler  tasks.o
    0x000015d8   0x000015d8   0x00000070   Code   RO          331    .text.vTaskStepTick  tasks.o
    0x00001648   0x00001648   0x0000000c   Code   RO          281    .text.vTaskSuspendAll  tasks.o
    0x00001654   0x00001654   0x00000064   Code   RO          299    .text.vTaskSwitchContext  tasks.o
    0x000016b8   0x000016b8   0x000000e4   Code   RO          127    .text.xPortStartScheduler  port.o
    0x0000179c   0x0000179c   0x00000028   Code   RO          181    .text.xQueueCreateMutex  queue.o
    0x000017c4   0x000017c4   0x00000058   Code   RO          179    .text.xQueueGenericCreate  queue.o
    0x0000181c   0x0000181c   0x00000098   Code   RO          177    .text.xQueueGenericReset  queue.o
    0x000018b4   0x000018b4   0x00000194   Code   RO          189    .text.xQueueGenericSend  queue.o
    0x00001a48   0x00001a48   0x00000134   Code   RO          207    .text.xQueueReceive  queue.o
    0x00001b7c   0x00001b7c   0x00000174   Code   RO          193    .text.xQueueSemaphoreTake  queue.o
    0x00001cf0   0x00001cf0   0x00000084   Code   RO          349    .text.xTaskCheckForTimeOut  tasks.o
    0x00001d74   0x00001d74   0x00000194   Code   RO          271    .text.xTaskCreate   tasks.o
    0x00001f08   0x00001f08   0x00000018   Code   RO          369    .text.xTaskGetSchedulerState  tasks.o
    0x00001f20   0x00001f20   0x00000120   Code   RO          311    .text.xTaskIncrementTick  tasks.o
    0x00002040   0x00002040   0x00000098   Code   RO          373    .text.xTaskPriorityDisinherit  tasks.o
    0x000020d8   0x000020d8   0x00000090   Code   RO          371    .text.xTaskPriorityInherit  tasks.o
    0x00002168   0x00002168   0x000000c4   Code   RO          341    .text.xTaskRemoveFromEventList  tasks.o
    0x0000222c   0x0000222c   0x0000011c   Code   RO          285    .text.xTaskResumeAll  tasks.o
    0x00002348   0x00002348   0x0000001a   Code   RO          540    x$fpl$fpinit        fz_wm.l(fpinit.o)
    0x00002362   0x00002362   0x00000007   Data   RO           47    .rodata.str1.1      main.o
    0x00002369   0x00002369   0x00000003   PAD
    0x0000236c   0x0000236c   0x00000004   Data   RO          424    .rodata.uxTopUsedPriority  tasks.o
    0x00002370   0x00002370   0x00000020   Data   RO          615    Region$$Table       anon$$obj.o


    Execution Region ER_RW (Exec base: 0x20000000, Load base: 0x00002390, Size: 0x00000010, Max: 0xffffffff, ABSOLUTE)

    Exec Addr    Load Addr    Size         Type   Attr      Idx    E Section Name        Object

    0x20000000   0x00002390   0x00000002   Data   RW           49    .data..L_MergedGlobals  main.o
    0x20000002   0x00002392   0x00000002   PAD
    0x20000004   0x00002394   0x00000004   Data   RW           92    .data.SystemCoreClock  system_tm4c123.o
    0x20000008   0x00002398   0x00000004   Data   RW          149    .data.uxCriticalNesting  port.o
    0x2000000c   0x0000239c   0x00000001   Data   RW           46    .data.windowActive  main.o


    Execution Region ER_ZI (Exec base: 0x20000010, Load base: 0x000023a0, Size: 0x00001398, Max: 0xffffffff, ABSOLUTE)

    Exec Addr    Load Addr    Size         Type   Attr      Idx    E Section Name        Object

    0x20000010        -       0x00000060   Zero   RW          480    .bss                c_w.l(libspace.o)
    0x20000070        -       0x00000014   Zero   RW          150    .bss..L_MergedGlobals  port.o
    0x20000084        -       0x00000008   Zero   RW          168    .bss..L_MergedGlobals  heap_1.o
    0x2000008c        -       0x00000074   Zero   RW          426    .bss..L_MergedGlobals  tasks.o
    0x20000100        -       0x00000028   Zero   RW          427    .bss..L_MergedGlobals.1  tasks.o
    0x20000128        -       0x00000018   Zero   RW           50    .bss..L_MergedGlobals.2  main.o
    0x20000140        -       0x00000004   Zero   RW          423    .bss.pxCurrentTCB   tasks.o
    0x20000144        -       0x00000064   Zero   RW          425    .bss.pxReadyTasksLists  tasks.o
    0x200001a8        -       0x00001000   Zero   RW          167    .bss.ucHeap         heap_1.o
    0x200011a8        -       0x00000000   Zero   RW           77    HEAP                startup_tm4c123.o
    0x200011a8        -       0x00000200   Zero   RW           76    STACK               startup_tm4c123.o


==============================================================================

Image component sizes


      Code (inc. data)   RO Data    RW Data    ZI Data      Debug   Object Name

       240         42          0          0          0       2666   dio.o
       110          8          0          0       4104       1886   heap_1.o
       108          0          0          0          0       2383   list.o
      1204         88          7          3         24       5100   main.o
       940         68          0          4         20       5312   port.o
      1850          8          0          0          0      21562   queue.o
       276         24        620          0        512       5500   startup_tm4c123.o
        96         28          0          4          0       6500   system_tm4c123.o
      2830        112          4          0        260      35121   tasks.o

    ----------------------------------------------------------------------
      7684        394        666         16       4920      86030   Object Totals
         0          0         32          0          0          0   (incl. Generated)
        30         16          3          5          0          0   (incl. Padding)

    ----------------------------------------------------------------------

      Code (inc. data)   RO Data    RW Data    ZI Data      Debug   Library Member Name

         8          0          0          0          0         68   __main.o
         0          0          0          0          0          0   __rtentry.o
        12          0          0          0          0          0   __rtentry2.o
         6          0          0          0          0          0   __rtentry4.o
        94          8          0          0          0          0   __scatter.o
        26          0          0          0          0          0   __scatter_copy.o
        28          0          0          0          0          0   __scatter_zi.o
        16          0          0          0          0         68   aeabi_memset4.o
        18          0          0          0          0         80   exit.o
         6          0          0          0          0        152   heapauxi.o
         0          0          0          0          0          0   indicate_semi.o
         2          0          0          0          0          0   libinit.o
         6          0          0          0          0          0   libinit2.o
         2          0          0          0          0          0   libshutdown.o
         2          0          0          0          0          0   libshutdown2.o
         8          4          0          0         96         68   libspace.o
        68          0          0          0          0         68   rt_memclr.o
        78          0          0          0          0         80   rt_memclr_w.o
       138          0          0          0          0         68   rt_memcpy_v6.o
       100          0          0          0          0         80   rt_memcpy_w.o
         2          0          0          0          0          0   rtexit.o
        10          0          0          0          0          0   rtexit2.o
        12          4          0          0          0         68   sys_exit.o
        74          0          0          0          0         80   sys_stackheap_outer.o
         2          0          0          0          0         68   use_no_semi.o
        26          0          0          0          0        116   fpinit.o

    ----------------------------------------------------------------------
       754         16          0          0         96       1064   Library Totals
        10          0          0          0          0          0   (incl. Padding)

    ----------------------------------------------------------------------

      Code (inc. data)   RO Data    RW Data    ZI Data      Debug   Library Name

       718         16          0          0         96        948   c_w.l
        26          0          0          0          0        116   fz_wm.l

    ----------------------------------------------------------------------
       754         16          0          0         96       1064   Library Totals

    ----------------------------------------------------------------------

==============================================================================


      Code (inc. data)   RO Data    RW Data    ZI Data      Debug   

      8438        410        666         16       5016      86606   Grand Totals
      8438        410        666         16       5016      86606   ELF Image Totals
      8438        410        666         16          0          0   ROM Totals

==============================================================================

    Total RO  Size (Code + RO Data)                 9104 (   8.89kB)
    Total RW  Size (RW Data + ZI Data)              5032 (   4.91kB)
    Total ROM Size (Code + RO Data + RW Data)       9120 (   8.91kB)

==============================================================================

