Component: Arm Compiler for Embedded 6.21 Tool: armlink [5ec1fa00]

==============================================================================

Section Cross References

    main.o(.text.buttonTask) refers to tasks.o(.text.xTaskGetTickCount) for xTaskGetTickCount
    main.o(.text.buttonTask) refers to tasks.o(.text.vTaskDelay) for vTaskDelay
    main.o(.text.buttonTask) refers to main.o(.bss..L_MergedGlobals) for [Anonymous Symbol]
    main.o(.ARM.exidx.text.buttonTask) refers to main.o(.text.buttonTask) for [Anonymous Symbol]
    main.o(.text.buttonTimerCallback) refers to tasks.o(.text.xTaskGetTickCount) for xTaskGetTickCount
    main.o(.text.buttonTimerCallback) refers to main.o(.bss..L_MergedGlobals) for [Anonymous Symbol]
    main.o(.ARM.exidx.text.buttonTimerCallback) refers to main.o(.text.buttonTimerCallback) for [Anonymous Symbol]
    main.o(.text.timerTask) refers to tasks.o(.text.xTaskGetTickCount) for xTaskGetTickCount
    main.o(.text.timerTask) refers to tasks.o(.text.vTaskDelay) for vTaskDelay
    main.o(.text.timerTask) refers to main.o(.text.buttonTimerCallback) for buttonTimerCallback
    main.o(.text.timerTask) refers to main.o(.bss..L_MergedGlobals) for [Anonymous Symbol]
    main.o(.ARM.exidx.text.timerTask) refers to main.o(.text.timerTask) for [Anonymous Symbol]
    main.o(.ARM.exidx.text.raiseUp) refers to main.o(.text.raiseUp) for [Anonymous Symbol]
    main.o(.text.MotorDriver) refers to queue.o(.text.xQueueReceive) for xQueueReceive
    main.o(.text.MotorDriver) refers to main.o(.bss..L_MergedGlobals) for [Anonymous Symbol]
    main.o(.ARM.exidx.text.MotorDriver) refers to main.o(.text.MotorDriver) for [Anonymous Symbol]
    main.o(.ARM.exidx.text.AutoUp) refers to main.o(.text.AutoUp) for [Anonymous Symbol]
    main.o(.text.PassengerListner) refers to queue.o(.text.xQueueGenericSend) for xQueueGenericSend
    main.o(.text.PassengerListner) refers to tasks.o(.text.vTaskDelay) for vTaskDelay
    main.o(.text.PassengerListner) refers to main.o(.bss..L_MergedGlobals) for [Anonymous Symbol]
    main.o(.ARM.exidx.text.PassengerListner) refers to main.o(.text.PassengerListner) for [Anonymous Symbol]
    main.o(.text.DriverListner) refers to tasks.o(.text.vTaskDelay) for vTaskDelay
    main.o(.ARM.exidx.text.DriverListner) refers to main.o(.text.DriverListner) for [Anonymous Symbol]
    main.o(.ARM.exidx.text.LimitSwitchListner) refers to main.o(.text.LimitSwitchListner) for [Anonymous Symbol]
    main.o(.ARM.exidx.text.psh_btn_init) refers to main.o(.text.psh_btn_init) for [Anonymous Symbol]
    main.o(.text.Init) refers to main.o(.text.psh_btn_init) for psh_btn_init
    main.o(.ARM.exidx.text.Init) refers to main.o(.text.Init) for [Anonymous Symbol]
    main.o(.text.main) refers to main.o(.text.psh_btn_init) for psh_btn_init
    main.o(.text.main) refers to queue.o(.text.xQueueGenericCreate) for xQueueGenericCreate
    main.o(.text.main) refers to tasks.o(.text.xTaskCreate) for xTaskCreate
    main.o(.text.main) refers to tasks.o(.text.vTaskStartScheduler) for vTaskStartScheduler
    main.o(.text.main) refers to main.o(.bss..L_MergedGlobals) for [Anonymous Symbol]
    main.o(.text.main) refers to main.o(.text.buttonTask) for buttonTask
    main.o(.text.main) refers to main.o(.text.timerTask) for timerTask
    main.o(.ARM.exidx.text.main) refers to main.o(.text.main) for [Anonymous Symbol]
    dio.o(.text.LED_Init) refers to dio.o(.text.DIO_DIR) for DIO_DIR
    dio.o(.ARM.exidx.text.LED_Init) refers to dio.o(.text.LED_Init) for [Anonymous Symbol]
    dio.o(.ARM.exidx.text.DIO_Init) refers to dio.o(.text.DIO_Init) for [Anonymous Symbol]
    dio.o(.ARM.exidx.text.DIO_DIR) refers to dio.o(.text.DIO_DIR) for [Anonymous Symbol]
    dio.o(.ARM.exidx.text.DIO_togglepin) refers to dio.o(.text.DIO_togglepin) for [Anonymous Symbol]
    dio.o(.ARM.exidx.text.DIO_WritePin) refers to dio.o(.text.DIO_WritePin) for [Anonymous Symbol]
    dio.o(.ARM.exidx.text.DIO_WritePort) refers to dio.o(.text.DIO_WritePort) for [Anonymous Symbol]
    startup_tm4c123.o(STACK) refers (Special) to heapauxi.o(.text) for __use_two_region_memory
    startup_tm4c123.o(HEAP) refers (Special) to heapauxi.o(.text) for __use_two_region_memory
    startup_tm4c123.o(RESET) refers (Special) to heapauxi.o(.text) for __use_two_region_memory
    startup_tm4c123.o(RESET) refers to startup_tm4c123.o(STACK) for __initial_sp
    startup_tm4c123.o(RESET) refers to startup_tm4c123.o(.text) for Reset_Handler
    startup_tm4c123.o(RESET) refers to port.o(.text.SVC_Handler) for SVC_Handler
    startup_tm4c123.o(RESET) refers to port.o(.text.PendSV_Handler) for PendSV_Handler
    startup_tm4c123.o(RESET) refers to port.o(.text.SysTick_Handler) for SysTick_Handler
    startup_tm4c123.o(.text) refers (Special) to heapauxi.o(.text) for __use_two_region_memory
    startup_tm4c123.o(.text) refers to system_tm4c123.o(.text.SystemInit) for SystemInit
    startup_tm4c123.o(.text) refers to __main.o(!!!main) for __main
    startup_tm4c123.o(.text) refers to startup_tm4c123.o(HEAP) for Heap_Mem
    startup_tm4c123.o(.text) refers to startup_tm4c123.o(STACK) for Stack_Mem
    system_tm4c123.o(.text.SystemCoreClockUpdate) refers to system_tm4c123.o(.text.getOscClk) for getOscClk
    system_tm4c123.o(.text.SystemCoreClockUpdate) refers to system_tm4c123.o(.data.SystemCoreClock) for SystemCoreClock
    system_tm4c123.o(.ARM.exidx.text.SystemCoreClockUpdate) refers to system_tm4c123.o(.text.SystemCoreClockUpdate) for [Anonymous Symbol]
    system_tm4c123.o(.text.getOscClk) refers to system_tm4c123.o(.rodata..Lswitch.table.getOscClk) for [Anonymous Symbol]
    system_tm4c123.o(.ARM.exidx.text.getOscClk) refers to system_tm4c123.o(.text.getOscClk) for [Anonymous Symbol]
    system_tm4c123.o(.ARM.exidx.text.SystemInit) refers to system_tm4c123.o(.text.SystemInit) for [Anonymous Symbol]
    list.o(.ARM.exidx.text.vListInitialise) refers to list.o(.text.vListInitialise) for [Anonymous Symbol]
    list.o(.ARM.exidx.text.vListInitialiseItem) refers to list.o(.text.vListInitialiseItem) for [Anonymous Symbol]
    list.o(.ARM.exidx.text.vListInsertEnd) refers to list.o(.text.vListInsertEnd) for [Anonymous Symbol]
    list.o(.ARM.exidx.text.vListInsert) refers to list.o(.text.vListInsert) for [Anonymous Symbol]
    list.o(.ARM.exidx.text.uxListRemove) refers to list.o(.text.uxListRemove) for [Anonymous Symbol]
    port.o(.text.pxPortInitialiseStack) refers to port.o(.text.prvTaskExitError) for prvTaskExitError
    port.o(.ARM.exidx.text.pxPortInitialiseStack) refers to port.o(.text.pxPortInitialiseStack) for [Anonymous Symbol]
    port.o(.text.prvTaskExitError) refers to port.o(.data.uxCriticalNesting) for [Anonymous Symbol]
    port.o(.ARM.exidx.text.prvTaskExitError) refers to port.o(.text.prvTaskExitError) for [Anonymous Symbol]
    port.o(.text.SVC_Handler) refers to tasks.o(.bss.pxCurrentTCB) for pxCurrentTCB
    port.o(.ARM.exidx.text.SVC_Handler) refers to port.o(.text.SVC_Handler) for [Anonymous Symbol]
    port.o(.text.xPortStartScheduler) refers to port.o(.text.vPortSetupTimerInterrupt) for vPortSetupTimerInterrupt
    port.o(.text.xPortStartScheduler) refers to port.o(.text.vPortEnableVFP) for vPortEnableVFP
    port.o(.text.xPortStartScheduler) refers to port.o(.text.prvPortStartFirstTask) for prvPortStartFirstTask
    port.o(.text.xPortStartScheduler) refers to tasks.o(.text.vTaskSwitchContext) for vTaskSwitchContext
    port.o(.text.xPortStartScheduler) refers to port.o(.text.prvTaskExitError) for prvTaskExitError
    port.o(.text.xPortStartScheduler) refers to port.o(.bss..L_MergedGlobals) for [Anonymous Symbol]
    port.o(.text.xPortStartScheduler) refers to port.o(.data.uxCriticalNesting) for [Anonymous Symbol]
    port.o(.ARM.exidx.text.xPortStartScheduler) refers to port.o(.text.xPortStartScheduler) for [Anonymous Symbol]
    port.o(.text.vPortSetupTimerInterrupt) refers to port.o(.bss..L_MergedGlobals) for [Anonymous Symbol]
    port.o(.text.vPortSetupTimerInterrupt) refers to system_tm4c123.o(.data.SystemCoreClock) for SystemCoreClock
    port.o(.ARM.exidx.text.vPortSetupTimerInterrupt) refers to port.o(.text.vPortSetupTimerInterrupt) for [Anonymous Symbol]
    port.o(.ARM.exidx.text.vPortEnableVFP) refers to port.o(.text.vPortEnableVFP) for [Anonymous Symbol]
    port.o(.ARM.exidx.text.prvPortStartFirstTask) refers to port.o(.text.prvPortStartFirstTask) for [Anonymous Symbol]
    port.o(.text.vPortEndScheduler) refers to port.o(.data.uxCriticalNesting) for [Anonymous Symbol]
    port.o(.ARM.exidx.text.vPortEndScheduler) refers to port.o(.text.vPortEndScheduler) for [Anonymous Symbol]
    port.o(.text.vPortEnterCritical) refers to port.o(.data.uxCriticalNesting) for [Anonymous Symbol]
    port.o(.ARM.exidx.text.vPortEnterCritical) refers to port.o(.text.vPortEnterCritical) for [Anonymous Symbol]
    port.o(.text.vPortExitCritical) refers to port.o(.data.uxCriticalNesting) for [Anonymous Symbol]
    port.o(.ARM.exidx.text.vPortExitCritical) refers to port.o(.text.vPortExitCritical) for [Anonymous Symbol]
    port.o(.text.PendSV_Handler) refers to tasks.o(.text.vTaskSwitchContext) for vTaskSwitchContext
    port.o(.text.PendSV_Handler) refers to tasks.o(.bss.pxCurrentTCB) for pxCurrentTCB
    port.o(.ARM.exidx.text.PendSV_Handler) refers to port.o(.text.PendSV_Handler) for [Anonymous Symbol]
    port.o(.text.SysTick_Handler) refers to tasks.o(.text.xTaskIncrementTick) for xTaskIncrementTick
    port.o(.ARM.exidx.text.SysTick_Handler) refers to port.o(.text.SysTick_Handler) for [Anonymous Symbol]
    port.o(.text.vPortSuppressTicksAndSleep) refers to tasks.o(.text.eTaskConfirmSleepModeStatus) for eTaskConfirmSleepModeStatus
    port.o(.text.vPortSuppressTicksAndSleep) refers to tasks.o(.text.vTaskStepTick) for vTaskStepTick
    port.o(.text.vPortSuppressTicksAndSleep) refers to port.o(.bss..L_MergedGlobals) for [Anonymous Symbol]
    port.o(.ARM.exidx.text.vPortSuppressTicksAndSleep) refers to port.o(.text.vPortSuppressTicksAndSleep) for [Anonymous Symbol]
    port.o(.text.vPortValidateInterruptPriority) refers to port.o(.bss..L_MergedGlobals) for [Anonymous Symbol]
    port.o(.ARM.exidx.text.vPortValidateInterruptPriority) refers to port.o(.text.vPortValidateInterruptPriority) for [Anonymous Symbol]
    heap_1.o(.text.pvPortMalloc) refers to tasks.o(.text.vTaskSuspendAll) for vTaskSuspendAll
    heap_1.o(.text.pvPortMalloc) refers to tasks.o(.text.xTaskResumeAll) for xTaskResumeAll
    heap_1.o(.text.pvPortMalloc) refers to heap_1.o(.bss..L_MergedGlobals) for [Anonymous Symbol]
    heap_1.o(.text.pvPortMalloc) refers to heap_1.o(.bss.ucHeap) for [Anonymous Symbol]
    heap_1.o(.ARM.exidx.text.pvPortMalloc) refers to heap_1.o(.text.pvPortMalloc) for [Anonymous Symbol]
    heap_1.o(.ARM.exidx.text.vPortFree) refers to heap_1.o(.text.vPortFree) for [Anonymous Symbol]
    heap_1.o(.text.vPortInitialiseBlocks) refers to heap_1.o(.bss..L_MergedGlobals) for [Anonymous Symbol]
    heap_1.o(.ARM.exidx.text.vPortInitialiseBlocks) refers to heap_1.o(.text.vPortInitialiseBlocks) for [Anonymous Symbol]
    heap_1.o(.text.xPortGetFreeHeapSize) refers to heap_1.o(.bss..L_MergedGlobals) for [Anonymous Symbol]
    heap_1.o(.ARM.exidx.text.xPortGetFreeHeapSize) refers to heap_1.o(.text.xPortGetFreeHeapSize) for [Anonymous Symbol]
    queue.o(.text.xQueueGenericReset) refers to port.o(.text.vPortEnterCritical) for vPortEnterCritical
    queue.o(.text.xQueueGenericReset) refers to list.o(.text.vListInitialise) for vListInitialise
    queue.o(.text.xQueueGenericReset) refers to tasks.o(.text.xTaskRemoveFromEventList) for xTaskRemoveFromEventList
    queue.o(.text.xQueueGenericReset) refers to port.o(.text.vPortExitCritical) for vPortExitCritical
    queue.o(.ARM.exidx.text.xQueueGenericReset) refers to queue.o(.text.xQueueGenericReset) for [Anonymous Symbol]
    queue.o(.text.xQueueGenericCreate) refers to heap_1.o(.text.pvPortMalloc) for pvPortMalloc
    queue.o(.text.xQueueGenericCreate) refers to queue.o(.text.xQueueGenericReset) for xQueueGenericReset
    queue.o(.ARM.exidx.text.xQueueGenericCreate) refers to queue.o(.text.xQueueGenericCreate) for [Anonymous Symbol]
    queue.o(.text.xQueueCreateMutex) refers to queue.o(.text.xQueueGenericCreate) for xQueueGenericCreate
    queue.o(.text.xQueueCreateMutex) refers to queue.o(.text.xQueueGenericSend) for xQueueGenericSend
    queue.o(.ARM.exidx.text.xQueueCreateMutex) refers to queue.o(.text.xQueueCreateMutex) for [Anonymous Symbol]
    queue.o(.text.xQueueGetMutexHolder) refers to queue.o(.text.OUTLINED_FUNCTION_3) for OUTLINED_FUNCTION_3
    queue.o(.text.xQueueGetMutexHolder) refers to port.o(.text.vPortExitCritical) for vPortExitCritical
    queue.o(.ARM.exidx.text.xQueueGetMutexHolder) refers to queue.o(.text.xQueueGetMutexHolder) for [Anonymous Symbol]
    queue.o(.ARM.exidx.text.xQueueGetMutexHolderFromISR) refers to queue.o(.text.xQueueGetMutexHolderFromISR) for [Anonymous Symbol]
    queue.o(.text.xQueueGiveMutexRecursive) refers to tasks.o(.text.xTaskGetCurrentTaskHandle) for xTaskGetCurrentTaskHandle
    queue.o(.text.xQueueGiveMutexRecursive) refers to queue.o(.text.xQueueGenericSend) for xQueueGenericSend
    queue.o(.ARM.exidx.text.xQueueGiveMutexRecursive) refers to queue.o(.text.xQueueGiveMutexRecursive) for [Anonymous Symbol]
    queue.o(.text.xQueueGenericSend) refers to tasks.o(.text.xTaskGetSchedulerState) for xTaskGetSchedulerState
    queue.o(.text.xQueueGenericSend) refers to port.o(.text.vPortEnterCritical) for vPortEnterCritical
    queue.o(.text.xQueueGenericSend) refers to tasks.o(.text.vTaskInternalSetTimeOutState) for vTaskInternalSetTimeOutState
    queue.o(.text.xQueueGenericSend) refers to port.o(.text.vPortExitCritical) for vPortExitCritical
    queue.o(.text.xQueueGenericSend) refers to tasks.o(.text.vTaskSuspendAll) for vTaskSuspendAll
    queue.o(.text.xQueueGenericSend) refers to queue.o(.text.OUTLINED_FUNCTION_9) for OUTLINED_FUNCTION_9
    queue.o(.text.xQueueGenericSend) refers to queue.o(.text.OUTLINED_FUNCTION_8) for OUTLINED_FUNCTION_8
    queue.o(.text.xQueueGenericSend) refers to tasks.o(.text.xTaskCheckForTimeOut) for xTaskCheckForTimeOut
    queue.o(.text.xQueueGenericSend) refers to queue.o(.text.OUTLINED_FUNCTION_1) for OUTLINED_FUNCTION_1
    queue.o(.text.xQueueGenericSend) refers to queue.o(.text.OUTLINED_FUNCTION_0) for OUTLINED_FUNCTION_0
    queue.o(.text.xQueueGenericSend) refers to tasks.o(.text.xTaskResumeAll) for xTaskResumeAll
    queue.o(.text.xQueueGenericSend) refers to queue.o(.text.prvCopyDataToQueue) for prvCopyDataToQueue
    queue.o(.text.xQueueGenericSend) refers to queue.o(.text.prvNotifyQueueSetContainer) for prvNotifyQueueSetContainer
    queue.o(.text.xQueueGenericSend) refers to queue.o(.text.OUTLINED_FUNCTION_6) for OUTLINED_FUNCTION_6
    queue.o(.text.xQueueGenericSend) refers to queue.o(.text.OUTLINED_FUNCTION_7) for OUTLINED_FUNCTION_7
    queue.o(.ARM.exidx.text.xQueueGenericSend) refers to queue.o(.text.xQueueGenericSend) for [Anonymous Symbol]
    queue.o(.text.xQueueTakeMutexRecursive) refers to tasks.o(.text.xTaskGetCurrentTaskHandle) for xTaskGetCurrentTaskHandle
    queue.o(.text.xQueueTakeMutexRecursive) refers to queue.o(.text.xQueueSemaphoreTake) for xQueueSemaphoreTake
    queue.o(.ARM.exidx.text.xQueueTakeMutexRecursive) refers to queue.o(.text.xQueueTakeMutexRecursive) for [Anonymous Symbol]
    queue.o(.text.xQueueSemaphoreTake) refers to tasks.o(.text.xTaskGetSchedulerState) for xTaskGetSchedulerState
    queue.o(.text.xQueueSemaphoreTake) refers to port.o(.text.vPortEnterCritical) for vPortEnterCritical
    queue.o(.text.xQueueSemaphoreTake) refers to tasks.o(.text.vTaskInternalSetTimeOutState) for vTaskInternalSetTimeOutState
    queue.o(.text.xQueueSemaphoreTake) refers to port.o(.text.vPortExitCritical) for vPortExitCritical
    queue.o(.text.xQueueSemaphoreTake) refers to tasks.o(.text.vTaskSuspendAll) for vTaskSuspendAll
    queue.o(.text.xQueueSemaphoreTake) refers to queue.o(.text.OUTLINED_FUNCTION_9) for OUTLINED_FUNCTION_9
    queue.o(.text.xQueueSemaphoreTake) refers to queue.o(.text.OUTLINED_FUNCTION_8) for OUTLINED_FUNCTION_8
    queue.o(.text.xQueueSemaphoreTake) refers to tasks.o(.text.xTaskCheckForTimeOut) for xTaskCheckForTimeOut
    queue.o(.text.xQueueSemaphoreTake) refers to queue.o(.text.OUTLINED_FUNCTION_0) for OUTLINED_FUNCTION_0
    queue.o(.text.xQueueSemaphoreTake) refers to tasks.o(.text.xTaskResumeAll) for xTaskResumeAll
    queue.o(.text.xQueueSemaphoreTake) refers to queue.o(.text.OUTLINED_FUNCTION_2) for OUTLINED_FUNCTION_2
    queue.o(.text.xQueueSemaphoreTake) refers to tasks.o(.text.xTaskPriorityInherit) for xTaskPriorityInherit
    queue.o(.text.xQueueSemaphoreTake) refers to queue.o(.text.OUTLINED_FUNCTION_1) for OUTLINED_FUNCTION_1
    queue.o(.text.xQueueSemaphoreTake) refers to tasks.o(.text.pvTaskIncrementMutexHeldCount) for pvTaskIncrementMutexHeldCount
    queue.o(.text.xQueueSemaphoreTake) refers to queue.o(.text.OUTLINED_FUNCTION_7) for OUTLINED_FUNCTION_7
    queue.o(.text.xQueueSemaphoreTake) refers to tasks.o(.text.vTaskPriorityDisinheritAfterTimeout) for vTaskPriorityDisinheritAfterTimeout
    queue.o(.ARM.exidx.text.xQueueSemaphoreTake) refers to queue.o(.text.xQueueSemaphoreTake) for [Anonymous Symbol]
    queue.o(.text.xQueueCreateCountingSemaphore) refers to queue.o(.text.xQueueGenericCreate) for xQueueGenericCreate
    queue.o(.ARM.exidx.text.xQueueCreateCountingSemaphore) refers to queue.o(.text.xQueueCreateCountingSemaphore) for [Anonymous Symbol]
    queue.o(.text.prvCopyDataToQueue) refers to rt_memcpy_v6.o(.text) for __aeabi_memcpy
    queue.o(.text.prvCopyDataToQueue) refers to tasks.o(.text.xTaskPriorityDisinherit) for xTaskPriorityDisinherit
    queue.o(.ARM.exidx.text.prvCopyDataToQueue) refers to queue.o(.text.prvCopyDataToQueue) for [Anonymous Symbol]
    queue.o(.text.prvNotifyQueueSetContainer) refers to queue.o(.text.prvCopyDataToQueue) for prvCopyDataToQueue
    queue.o(.text.prvNotifyQueueSetContainer) refers to tasks.o(.text.uxTaskGetNumberOfTasks) for uxTaskGetNumberOfTasks
    queue.o(.text.prvNotifyQueueSetContainer) refers to queue.o(.text.OUTLINED_FUNCTION_7) for OUTLINED_FUNCTION_7
    queue.o(.ARM.exidx.text.prvNotifyQueueSetContainer) refers to queue.o(.text.prvNotifyQueueSetContainer) for [Anonymous Symbol]
    queue.o(.text.prvUnlockQueue) refers to queue.o(.text.OUTLINED_FUNCTION_3) for OUTLINED_FUNCTION_3
    queue.o(.text.prvUnlockQueue) refers to queue.o(.text.prvNotifyQueueSetContainer) for prvNotifyQueueSetContainer
    queue.o(.text.prvUnlockQueue) refers to queue.o(.text.OUTLINED_FUNCTION_4) for OUTLINED_FUNCTION_4
    queue.o(.text.prvUnlockQueue) refers to tasks.o(.text.vTaskMissedYield) for vTaskMissedYield
    queue.o(.text.prvUnlockQueue) refers to port.o(.text.vPortExitCritical) for vPortExitCritical
    queue.o(.text.prvUnlockQueue) refers to port.o(.text.vPortEnterCritical) for vPortEnterCritical
    queue.o(.ARM.exidx.text.prvUnlockQueue) refers to queue.o(.text.prvUnlockQueue) for [Anonymous Symbol]
    queue.o(.text.xQueueGenericSendFromISR) refers to port.o(.text.vPortValidateInterruptPriority) for vPortValidateInterruptPriority
    queue.o(.text.xQueueGenericSendFromISR) refers to queue.o(.text.prvCopyDataToQueue) for prvCopyDataToQueue
    queue.o(.text.xQueueGenericSendFromISR) refers to tasks.o(.text.uxTaskGetNumberOfTasks) for uxTaskGetNumberOfTasks
    queue.o(.text.xQueueGenericSendFromISR) refers to queue.o(.text.prvNotifyQueueSetContainer) for prvNotifyQueueSetContainer
    queue.o(.text.xQueueGenericSendFromISR) refers to queue.o(.text.OUTLINED_FUNCTION_4) for OUTLINED_FUNCTION_4
    queue.o(.ARM.exidx.text.xQueueGenericSendFromISR) refers to queue.o(.text.xQueueGenericSendFromISR) for [Anonymous Symbol]
    queue.o(.text.xQueueGiveFromISR) refers to port.o(.text.vPortValidateInterruptPriority) for vPortValidateInterruptPriority
    queue.o(.text.xQueueGiveFromISR) refers to tasks.o(.text.uxTaskGetNumberOfTasks) for uxTaskGetNumberOfTasks
    queue.o(.text.xQueueGiveFromISR) refers to queue.o(.text.prvNotifyQueueSetContainer) for prvNotifyQueueSetContainer
    queue.o(.text.xQueueGiveFromISR) refers to queue.o(.text.OUTLINED_FUNCTION_4) for OUTLINED_FUNCTION_4
    queue.o(.ARM.exidx.text.xQueueGiveFromISR) refers to queue.o(.text.xQueueGiveFromISR) for [Anonymous Symbol]
    queue.o(.text.xQueueReceive) refers to tasks.o(.text.xTaskGetSchedulerState) for xTaskGetSchedulerState
    queue.o(.text.xQueueReceive) refers to queue.o(.text.OUTLINED_FUNCTION_5) for OUTLINED_FUNCTION_5
    queue.o(.text.xQueueReceive) refers to port.o(.text.vPortEnterCritical) for vPortEnterCritical
    queue.o(.text.xQueueReceive) refers to tasks.o(.text.vTaskInternalSetTimeOutState) for vTaskInternalSetTimeOutState
    queue.o(.text.xQueueReceive) refers to port.o(.text.vPortExitCritical) for vPortExitCritical
    queue.o(.text.xQueueReceive) refers to tasks.o(.text.vTaskSuspendAll) for vTaskSuspendAll
    queue.o(.text.xQueueReceive) refers to queue.o(.text.OUTLINED_FUNCTION_9) for OUTLINED_FUNCTION_9
    queue.o(.text.xQueueReceive) refers to queue.o(.text.OUTLINED_FUNCTION_8) for OUTLINED_FUNCTION_8
    queue.o(.text.xQueueReceive) refers to tasks.o(.text.xTaskCheckForTimeOut) for xTaskCheckForTimeOut
    queue.o(.text.xQueueReceive) refers to queue.o(.text.OUTLINED_FUNCTION_0) for OUTLINED_FUNCTION_0
    queue.o(.text.xQueueReceive) refers to tasks.o(.text.xTaskResumeAll) for xTaskResumeAll
    queue.o(.text.xQueueReceive) refers to queue.o(.text.OUTLINED_FUNCTION_2) for OUTLINED_FUNCTION_2
    queue.o(.text.xQueueReceive) refers to queue.o(.text.OUTLINED_FUNCTION_1) for OUTLINED_FUNCTION_1
    queue.o(.text.xQueueReceive) refers to queue.o(.text.prvCopyDataFromQueue) for prvCopyDataFromQueue
    queue.o(.text.xQueueReceive) refers to queue.o(.text.OUTLINED_FUNCTION_7) for OUTLINED_FUNCTION_7
    queue.o(.text.xQueueReceive) refers to queue.o(.text.OUTLINED_FUNCTION_6) for OUTLINED_FUNCTION_6
    queue.o(.ARM.exidx.text.xQueueReceive) refers to queue.o(.text.xQueueReceive) for [Anonymous Symbol]
    queue.o(.text.prvCopyDataFromQueue) refers to rt_memcpy_v6.o(.text) for __aeabi_memcpy
    queue.o(.ARM.exidx.text.prvCopyDataFromQueue) refers to queue.o(.text.prvCopyDataFromQueue) for [Anonymous Symbol]
    queue.o(.text.prvIsQueueEmpty) refers to queue.o(.text.OUTLINED_FUNCTION_3) for OUTLINED_FUNCTION_3
    queue.o(.text.prvIsQueueEmpty) refers to port.o(.text.vPortExitCritical) for vPortExitCritical
    queue.o(.ARM.exidx.text.prvIsQueueEmpty) refers to queue.o(.text.prvIsQueueEmpty) for [Anonymous Symbol]
    queue.o(.text.xQueuePeek) refers to tasks.o(.text.xTaskGetSchedulerState) for xTaskGetSchedulerState
    queue.o(.text.xQueuePeek) refers to queue.o(.text.OUTLINED_FUNCTION_5) for OUTLINED_FUNCTION_5
    queue.o(.text.xQueuePeek) refers to port.o(.text.vPortEnterCritical) for vPortEnterCritical
    queue.o(.text.xQueuePeek) refers to tasks.o(.text.vTaskInternalSetTimeOutState) for vTaskInternalSetTimeOutState
    queue.o(.text.xQueuePeek) refers to port.o(.text.vPortExitCritical) for vPortExitCritical
    queue.o(.text.xQueuePeek) refers to tasks.o(.text.vTaskSuspendAll) for vTaskSuspendAll
    queue.o(.text.xQueuePeek) refers to queue.o(.text.OUTLINED_FUNCTION_9) for OUTLINED_FUNCTION_9
    queue.o(.text.xQueuePeek) refers to queue.o(.text.OUTLINED_FUNCTION_8) for OUTLINED_FUNCTION_8
    queue.o(.text.xQueuePeek) refers to tasks.o(.text.xTaskCheckForTimeOut) for xTaskCheckForTimeOut
    queue.o(.text.xQueuePeek) refers to queue.o(.text.OUTLINED_FUNCTION_0) for OUTLINED_FUNCTION_0
    queue.o(.text.xQueuePeek) refers to tasks.o(.text.xTaskResumeAll) for xTaskResumeAll
    queue.o(.text.xQueuePeek) refers to queue.o(.text.OUTLINED_FUNCTION_2) for OUTLINED_FUNCTION_2
    queue.o(.text.xQueuePeek) refers to queue.o(.text.OUTLINED_FUNCTION_1) for OUTLINED_FUNCTION_1
    queue.o(.text.xQueuePeek) refers to queue.o(.text.prvCopyDataFromQueue) for prvCopyDataFromQueue
    queue.o(.text.xQueuePeek) refers to tasks.o(.text.xTaskRemoveFromEventList) for xTaskRemoveFromEventList
    queue.o(.text.xQueuePeek) refers to queue.o(.text.OUTLINED_FUNCTION_6) for OUTLINED_FUNCTION_6
    queue.o(.ARM.exidx.text.xQueuePeek) refers to queue.o(.text.xQueuePeek) for [Anonymous Symbol]
    queue.o(.text.xQueueReceiveFromISR) refers to port.o(.text.vPortValidateInterruptPriority) for vPortValidateInterruptPriority
    queue.o(.text.xQueueReceiveFromISR) refers to queue.o(.text.prvCopyDataFromQueue) for prvCopyDataFromQueue
    queue.o(.text.xQueueReceiveFromISR) refers to tasks.o(.text.uxTaskGetNumberOfTasks) for uxTaskGetNumberOfTasks
    queue.o(.text.xQueueReceiveFromISR) refers to queue.o(.text.OUTLINED_FUNCTION_4) for OUTLINED_FUNCTION_4
    queue.o(.ARM.exidx.text.xQueueReceiveFromISR) refers to queue.o(.text.xQueueReceiveFromISR) for [Anonymous Symbol]
    queue.o(.text.xQueuePeekFromISR) refers to port.o(.text.vPortValidateInterruptPriority) for vPortValidateInterruptPriority
    queue.o(.text.xQueuePeekFromISR) refers to queue.o(.text.prvCopyDataFromQueue) for prvCopyDataFromQueue
    queue.o(.ARM.exidx.text.xQueuePeekFromISR) refers to queue.o(.text.xQueuePeekFromISR) for [Anonymous Symbol]
    queue.o(.text.uxQueueMessagesWaiting) refers to queue.o(.text.OUTLINED_FUNCTION_3) for OUTLINED_FUNCTION_3
    queue.o(.text.uxQueueMessagesWaiting) refers to port.o(.text.vPortExitCritical) for vPortExitCritical
    queue.o(.ARM.exidx.text.uxQueueMessagesWaiting) refers to queue.o(.text.uxQueueMessagesWaiting) for [Anonymous Symbol]
    queue.o(.text.uxQueueSpacesAvailable) refers to queue.o(.text.OUTLINED_FUNCTION_3) for OUTLINED_FUNCTION_3
    queue.o(.text.uxQueueSpacesAvailable) refers to port.o(.text.vPortExitCritical) for vPortExitCritical
    queue.o(.ARM.exidx.text.uxQueueSpacesAvailable) refers to queue.o(.text.uxQueueSpacesAvailable) for [Anonymous Symbol]
    queue.o(.ARM.exidx.text.uxQueueMessagesWaitingFromISR) refers to queue.o(.text.uxQueueMessagesWaitingFromISR) for [Anonymous Symbol]
    queue.o(.text.vQueueDelete) refers to heap_1.o(.text.vPortFree) for vPortFree
    queue.o(.ARM.exidx.text.vQueueDelete) refers to queue.o(.text.vQueueDelete) for [Anonymous Symbol]
    queue.o(.ARM.exidx.text.uxQueueGetQueueNumber) refers to queue.o(.text.uxQueueGetQueueNumber) for [Anonymous Symbol]
    queue.o(.ARM.exidx.text.vQueueSetQueueNumber) refers to queue.o(.text.vQueueSetQueueNumber) for [Anonymous Symbol]
    queue.o(.ARM.exidx.text.ucQueueGetQueueType) refers to queue.o(.text.ucQueueGetQueueType) for [Anonymous Symbol]
    queue.o(.ARM.exidx.text.xQueueIsQueueEmptyFromISR) refers to queue.o(.text.xQueueIsQueueEmptyFromISR) for [Anonymous Symbol]
    queue.o(.ARM.exidx.text.xQueueIsQueueFullFromISR) refers to queue.o(.text.xQueueIsQueueFullFromISR) for [Anonymous Symbol]
    queue.o(.text.vQueueWaitForMessageRestricted) refers to queue.o(.text.OUTLINED_FUNCTION_3) for OUTLINED_FUNCTION_3
    queue.o(.text.vQueueWaitForMessageRestricted) refers to queue.o(.text.OUTLINED_FUNCTION_9) for OUTLINED_FUNCTION_9
    queue.o(.text.vQueueWaitForMessageRestricted) refers to queue.o(.text.OUTLINED_FUNCTION_8) for OUTLINED_FUNCTION_8
    queue.o(.text.vQueueWaitForMessageRestricted) refers to port.o(.text.vPortExitCritical) for vPortExitCritical
    queue.o(.text.vQueueWaitForMessageRestricted) refers to tasks.o(.text.vTaskPlaceOnEventListRestricted) for vTaskPlaceOnEventListRestricted
    queue.o(.text.vQueueWaitForMessageRestricted) refers to queue.o(.text.prvUnlockQueue) for prvUnlockQueue
    queue.o(.ARM.exidx.text.vQueueWaitForMessageRestricted) refers to queue.o(.text.vQueueWaitForMessageRestricted) for [Anonymous Symbol]
    queue.o(.text.xQueueCreateSet) refers to queue.o(.text.xQueueGenericCreate) for xQueueGenericCreate
    queue.o(.ARM.exidx.text.xQueueCreateSet) refers to queue.o(.text.xQueueCreateSet) for [Anonymous Symbol]
    queue.o(.text.xQueueAddToSet) refers to port.o(.text.vPortEnterCritical) for vPortEnterCritical
    queue.o(.text.xQueueAddToSet) refers to port.o(.text.vPortExitCritical) for vPortExitCritical
    queue.o(.ARM.exidx.text.xQueueAddToSet) refers to queue.o(.text.xQueueAddToSet) for [Anonymous Symbol]
    queue.o(.text.xQueueRemoveFromSet) refers to port.o(.text.vPortEnterCritical) for vPortEnterCritical
    queue.o(.text.xQueueRemoveFromSet) refers to port.o(.text.vPortExitCritical) for vPortExitCritical
    queue.o(.ARM.exidx.text.xQueueRemoveFromSet) refers to queue.o(.text.xQueueRemoveFromSet) for [Anonymous Symbol]
    queue.o(.text.xQueueSelectFromSet) refers to queue.o(.text.xQueueReceive) for xQueueReceive
    queue.o(.ARM.exidx.text.xQueueSelectFromSet) refers to queue.o(.text.xQueueSelectFromSet) for [Anonymous Symbol]
    queue.o(.text.xQueueSelectFromSetFromISR) refers to queue.o(.text.xQueueReceiveFromISR) for xQueueReceiveFromISR
    queue.o(.ARM.exidx.text.xQueueSelectFromSetFromISR) refers to queue.o(.text.xQueueSelectFromSetFromISR) for [Anonymous Symbol]
    queue.o(.text.OUTLINED_FUNCTION_0) refers to queue.o(.text.prvUnlockQueue) for prvUnlockQueue
    queue.o(.ARM.exidx.text.OUTLINED_FUNCTION_0) refers to queue.o(.text.OUTLINED_FUNCTION_0) for [Anonymous Symbol]
    queue.o(.text.OUTLINED_FUNCTION_1) refers to tasks.o(.text.vTaskPlaceOnEventList) for vTaskPlaceOnEventList
    queue.o(.ARM.exidx.text.OUTLINED_FUNCTION_1) refers to queue.o(.text.OUTLINED_FUNCTION_1) for [Anonymous Symbol]
    queue.o(.text.OUTLINED_FUNCTION_2) refers to queue.o(.text.prvIsQueueEmpty) for prvIsQueueEmpty
    queue.o(.ARM.exidx.text.OUTLINED_FUNCTION_2) refers to queue.o(.text.OUTLINED_FUNCTION_2) for [Anonymous Symbol]
    queue.o(.text.OUTLINED_FUNCTION_3) refers to port.o(.text.vPortEnterCritical) for vPortEnterCritical
    queue.o(.ARM.exidx.text.OUTLINED_FUNCTION_3) refers to queue.o(.text.OUTLINED_FUNCTION_3) for [Anonymous Symbol]
    queue.o(.text.OUTLINED_FUNCTION_4) refers to tasks.o(.text.xTaskRemoveFromEventList) for xTaskRemoveFromEventList
    queue.o(.ARM.exidx.text.OUTLINED_FUNCTION_4) refers to queue.o(.text.OUTLINED_FUNCTION_4) for [Anonymous Symbol]
    queue.o(.ARM.exidx.text.OUTLINED_FUNCTION_5) refers to queue.o(.text.OUTLINED_FUNCTION_5) for [Anonymous Symbol]
    queue.o(.ARM.exidx.text.OUTLINED_FUNCTION_6) refers to queue.o(.text.OUTLINED_FUNCTION_6) for [Anonymous Symbol]
    queue.o(.text.OUTLINED_FUNCTION_7) refers to tasks.o(.text.xTaskRemoveFromEventList) for xTaskRemoveFromEventList
    queue.o(.ARM.exidx.text.OUTLINED_FUNCTION_7) refers to queue.o(.text.OUTLINED_FUNCTION_7) for [Anonymous Symbol]
    queue.o(.ARM.exidx.text.OUTLINED_FUNCTION_8) refers to queue.o(.text.OUTLINED_FUNCTION_8) for [Anonymous Symbol]
    queue.o(.ARM.exidx.text.OUTLINED_FUNCTION_9) refers to queue.o(.text.OUTLINED_FUNCTION_9) for [Anonymous Symbol]
    tasks.o(.text.xTaskCreate) refers to heap_1.o(.text.pvPortMalloc) for pvPortMalloc
    tasks.o(.text.xTaskCreate) refers to rt_memclr.o(.text) for __aeabi_memclr
    tasks.o(.text.xTaskCreate) refers to aeabi_memset4.o(.text) for __aeabi_memset4
    tasks.o(.text.xTaskCreate) refers to heap_1.o(.text.vPortFree) for vPortFree
    tasks.o(.text.xTaskCreate) refers to list.o(.text.vListInitialiseItem) for vListInitialiseItem
    tasks.o(.text.xTaskCreate) refers to port.o(.text.pxPortInitialiseStack) for pxPortInitialiseStack
    tasks.o(.text.xTaskCreate) refers to port.o(.text.vPortEnterCritical) for vPortEnterCritical
    tasks.o(.text.xTaskCreate) refers to list.o(.text.vListInitialise) for vListInitialise
    tasks.o(.text.xTaskCreate) refers to tasks.o(.text.OUTLINED_FUNCTION_3) for OUTLINED_FUNCTION_3
    tasks.o(.text.xTaskCreate) refers to port.o(.text.vPortExitCritical) for vPortExitCritical
    tasks.o(.text.xTaskCreate) refers to tasks.o(.text.OUTLINED_FUNCTION_4) for OUTLINED_FUNCTION_4
    tasks.o(.text.xTaskCreate) refers to tasks.o(.bss..L_MergedGlobals) for [Anonymous Symbol]
    tasks.o(.text.xTaskCreate) refers to tasks.o(.bss.pxCurrentTCB) for pxCurrentTCB
    tasks.o(.text.xTaskCreate) refers to tasks.o(.bss.pxReadyTasksLists) for [Anonymous Symbol]
    tasks.o(.text.xTaskCreate) refers to tasks.o(.bss..L_MergedGlobals.1) for [Anonymous Symbol]
    tasks.o(.ARM.exidx.text.xTaskCreate) refers to tasks.o(.text.xTaskCreate) for [Anonymous Symbol]
    tasks.o(.text.vTaskDelete) refers to tasks.o(.text.OUTLINED_FUNCTION_8) for OUTLINED_FUNCTION_8
    tasks.o(.text.vTaskDelete) refers to tasks.o(.text.OUTLINED_FUNCTION_1) for OUTLINED_FUNCTION_1
    tasks.o(.text.vTaskDelete) refers to tasks.o(.text.OUTLINED_FUNCTION_5) for OUTLINED_FUNCTION_5
    tasks.o(.text.vTaskDelete) refers to tasks.o(.text.OUTLINED_FUNCTION_7) for OUTLINED_FUNCTION_7
    tasks.o(.text.vTaskDelete) refers to tasks.o(.text.prvResetNextTaskUnblockTime) for prvResetNextTaskUnblockTime
    tasks.o(.text.vTaskDelete) refers to list.o(.text.vListInsertEnd) for vListInsertEnd
    tasks.o(.text.vTaskDelete) refers to port.o(.text.vPortExitCritical) for vPortExitCritical
    tasks.o(.text.vTaskDelete) refers to tasks.o(.text.prvDeleteTCB) for prvDeleteTCB
    tasks.o(.text.vTaskDelete) refers to tasks.o(.text.OUTLINED_FUNCTION_4) for OUTLINED_FUNCTION_4
    tasks.o(.text.vTaskDelete) refers to tasks.o(.bss.pxCurrentTCB) for pxCurrentTCB
    tasks.o(.text.vTaskDelete) refers to tasks.o(.bss.pxReadyTasksLists) for [Anonymous Symbol]
    tasks.o(.text.vTaskDelete) refers to tasks.o(.bss..L_MergedGlobals) for [Anonymous Symbol]
    tasks.o(.ARM.exidx.text.vTaskDelete) refers to tasks.o(.text.vTaskDelete) for [Anonymous Symbol]
    tasks.o(.text.prvResetNextTaskUnblockTime) refers to tasks.o(.bss..L_MergedGlobals) for [Anonymous Symbol]
    tasks.o(.ARM.exidx.text.prvResetNextTaskUnblockTime) refers to tasks.o(.text.prvResetNextTaskUnblockTime) for [Anonymous Symbol]
    tasks.o(.text.prvDeleteTCB) refers to heap_1.o(.text.vPortFree) for vPortFree
    tasks.o(.ARM.exidx.text.prvDeleteTCB) refers to tasks.o(.text.prvDeleteTCB) for [Anonymous Symbol]
    tasks.o(.text.xTaskDelayUntil) refers to tasks.o(.text.prvAddCurrentTaskToDelayedList) for prvAddCurrentTaskToDelayedList
    tasks.o(.text.xTaskDelayUntil) refers to tasks.o(.text.xTaskResumeAll) for xTaskResumeAll
    tasks.o(.text.xTaskDelayUntil) refers to tasks.o(.text.OUTLINED_FUNCTION_4) for OUTLINED_FUNCTION_4
    tasks.o(.text.xTaskDelayUntil) refers to tasks.o(.bss..L_MergedGlobals) for [Anonymous Symbol]
    tasks.o(.ARM.exidx.text.xTaskDelayUntil) refers to tasks.o(.text.xTaskDelayUntil) for [Anonymous Symbol]
    tasks.o(.text.vTaskSuspendAll) refers to tasks.o(.bss..L_MergedGlobals) for [Anonymous Symbol]
    tasks.o(.ARM.exidx.text.vTaskSuspendAll) refers to tasks.o(.text.vTaskSuspendAll) for [Anonymous Symbol]
    tasks.o(.text.prvAddCurrentTaskToDelayedList) refers to list.o(.text.uxListRemove) for uxListRemove
    tasks.o(.text.prvAddCurrentTaskToDelayedList) refers to list.o(.text.vListInsert) for vListInsert
    tasks.o(.text.prvAddCurrentTaskToDelayedList) refers to tasks.o(.bss..L_MergedGlobals) for [Anonymous Symbol]
    tasks.o(.text.prvAddCurrentTaskToDelayedList) refers to tasks.o(.bss.pxCurrentTCB) for pxCurrentTCB
    tasks.o(.ARM.exidx.text.prvAddCurrentTaskToDelayedList) refers to tasks.o(.text.prvAddCurrentTaskToDelayedList) for [Anonymous Symbol]
    tasks.o(.text.xTaskResumeAll) refers to port.o(.text.vPortEnterCritical) for vPortEnterCritical
    tasks.o(.text.xTaskResumeAll) refers to port.o(.text.vPortExitCritical) for vPortExitCritical
    tasks.o(.text.xTaskResumeAll) refers to tasks.o(.text.prvResetNextTaskUnblockTime) for prvResetNextTaskUnblockTime
    tasks.o(.text.xTaskResumeAll) refers to tasks.o(.text.xTaskIncrementTick) for xTaskIncrementTick
    tasks.o(.text.xTaskResumeAll) refers to tasks.o(.bss..L_MergedGlobals) for [Anonymous Symbol]
    tasks.o(.text.xTaskResumeAll) refers to tasks.o(.bss.pxReadyTasksLists) for [Anonymous Symbol]
    tasks.o(.text.xTaskResumeAll) refers to tasks.o(.bss.pxCurrentTCB) for pxCurrentTCB
    tasks.o(.ARM.exidx.text.xTaskResumeAll) refers to tasks.o(.text.xTaskResumeAll) for [Anonymous Symbol]
    tasks.o(.text.vTaskDelay) refers to tasks.o(.text.prvAddCurrentTaskToDelayedList) for prvAddCurrentTaskToDelayedList
    tasks.o(.text.vTaskDelay) refers to tasks.o(.text.xTaskResumeAll) for xTaskResumeAll
    tasks.o(.text.vTaskDelay) refers to tasks.o(.text.OUTLINED_FUNCTION_4) for OUTLINED_FUNCTION_4
    tasks.o(.text.vTaskDelay) refers to tasks.o(.bss..L_MergedGlobals) for [Anonymous Symbol]
    tasks.o(.ARM.exidx.text.vTaskDelay) refers to tasks.o(.text.vTaskDelay) for [Anonymous Symbol]
    tasks.o(.text.eTaskGetState) refers to port.o(.text.vPortEnterCritical) for vPortEnterCritical
    tasks.o(.text.eTaskGetState) refers to port.o(.text.vPortExitCritical) for vPortExitCritical
    tasks.o(.text.eTaskGetState) refers to tasks.o(.bss.pxCurrentTCB) for pxCurrentTCB
    tasks.o(.text.eTaskGetState) refers to tasks.o(.bss..L_MergedGlobals) for [Anonymous Symbol]
    tasks.o(.ARM.exidx.text.eTaskGetState) refers to tasks.o(.text.eTaskGetState) for [Anonymous Symbol]
    tasks.o(.text.uxTaskPriorityGet) refers to tasks.o(.text.OUTLINED_FUNCTION_8) for OUTLINED_FUNCTION_8
    tasks.o(.text.uxTaskPriorityGet) refers to port.o(.text.vPortExitCritical) for vPortExitCritical
    tasks.o(.text.uxTaskPriorityGet) refers to tasks.o(.bss.pxCurrentTCB) for pxCurrentTCB
    tasks.o(.ARM.exidx.text.uxTaskPriorityGet) refers to tasks.o(.text.uxTaskPriorityGet) for [Anonymous Symbol]
    tasks.o(.text.uxTaskPriorityGetFromISR) refers to port.o(.text.vPortValidateInterruptPriority) for vPortValidateInterruptPriority
    tasks.o(.text.uxTaskPriorityGetFromISR) refers to tasks.o(.bss.pxCurrentTCB) for pxCurrentTCB
    tasks.o(.ARM.exidx.text.uxTaskPriorityGetFromISR) refers to tasks.o(.text.uxTaskPriorityGetFromISR) for [Anonymous Symbol]
    tasks.o(.text.vTaskPrioritySet) refers to tasks.o(.text.OUTLINED_FUNCTION_8) for OUTLINED_FUNCTION_8
    tasks.o(.text.vTaskPrioritySet) refers to tasks.o(.text.OUTLINED_FUNCTION_1) for OUTLINED_FUNCTION_1
    tasks.o(.text.vTaskPrioritySet) refers to tasks.o(.text.OUTLINED_FUNCTION_5) for OUTLINED_FUNCTION_5
    tasks.o(.text.vTaskPrioritySet) refers to tasks.o(.text.OUTLINED_FUNCTION_2) for OUTLINED_FUNCTION_2
    tasks.o(.text.vTaskPrioritySet) refers to tasks.o(.text.OUTLINED_FUNCTION_4) for OUTLINED_FUNCTION_4
    tasks.o(.text.vTaskPrioritySet) refers to port.o(.text.vPortExitCritical) for vPortExitCritical
    tasks.o(.text.vTaskPrioritySet) refers to tasks.o(.bss.pxCurrentTCB) for pxCurrentTCB
    tasks.o(.text.vTaskPrioritySet) refers to tasks.o(.bss.pxReadyTasksLists) for [Anonymous Symbol]
    tasks.o(.text.vTaskPrioritySet) refers to tasks.o(.bss..L_MergedGlobals) for [Anonymous Symbol]
    tasks.o(.ARM.exidx.text.vTaskPrioritySet) refers to tasks.o(.text.vTaskPrioritySet) for [Anonymous Symbol]
    tasks.o(.text.vTaskSuspend) refers to tasks.o(.text.OUTLINED_FUNCTION_8) for OUTLINED_FUNCTION_8
    tasks.o(.text.vTaskSuspend) refers to tasks.o(.text.OUTLINED_FUNCTION_1) for OUTLINED_FUNCTION_1
    tasks.o(.text.vTaskSuspend) refers to tasks.o(.text.OUTLINED_FUNCTION_5) for OUTLINED_FUNCTION_5
    tasks.o(.text.vTaskSuspend) refers to tasks.o(.text.OUTLINED_FUNCTION_7) for OUTLINED_FUNCTION_7
    tasks.o(.text.vTaskSuspend) refers to list.o(.text.vListInsertEnd) for vListInsertEnd
    tasks.o(.text.vTaskSuspend) refers to port.o(.text.vPortExitCritical) for vPortExitCritical
    tasks.o(.text.vTaskSuspend) refers to port.o(.text.vPortEnterCritical) for vPortEnterCritical
    tasks.o(.text.vTaskSuspend) refers to tasks.o(.text.prvResetNextTaskUnblockTime) for prvResetNextTaskUnblockTime
    tasks.o(.text.vTaskSuspend) refers to tasks.o(.text.OUTLINED_FUNCTION_4) for OUTLINED_FUNCTION_4
    tasks.o(.text.vTaskSuspend) refers to tasks.o(.text.vTaskSwitchContext) for vTaskSwitchContext
    tasks.o(.text.vTaskSuspend) refers to tasks.o(.bss.pxCurrentTCB) for pxCurrentTCB
    tasks.o(.text.vTaskSuspend) refers to tasks.o(.bss.pxReadyTasksLists) for [Anonymous Symbol]
    tasks.o(.text.vTaskSuspend) refers to tasks.o(.bss..L_MergedGlobals) for [Anonymous Symbol]
    tasks.o(.ARM.exidx.text.vTaskSuspend) refers to tasks.o(.text.vTaskSuspend) for [Anonymous Symbol]
    tasks.o(.text.vTaskSwitchContext) refers to tasks.o(.bss..L_MergedGlobals) for [Anonymous Symbol]
    tasks.o(.text.vTaskSwitchContext) refers to tasks.o(.bss.pxReadyTasksLists) for [Anonymous Symbol]
    tasks.o(.text.vTaskSwitchContext) refers to tasks.o(.bss.pxCurrentTCB) for pxCurrentTCB
    tasks.o(.ARM.exidx.text.vTaskSwitchContext) refers to tasks.o(.text.vTaskSwitchContext) for [Anonymous Symbol]
    tasks.o(.text.vTaskResume) refers to port.o(.text.vPortEnterCritical) for vPortEnterCritical
    tasks.o(.text.vTaskResume) refers to tasks.o(.text.OUTLINED_FUNCTION_1) for OUTLINED_FUNCTION_1
    tasks.o(.text.vTaskResume) refers to tasks.o(.text.OUTLINED_FUNCTION_0) for OUTLINED_FUNCTION_0
    tasks.o(.text.vTaskResume) refers to tasks.o(.text.OUTLINED_FUNCTION_4) for OUTLINED_FUNCTION_4
    tasks.o(.text.vTaskResume) refers to port.o(.text.vPortExitCritical) for vPortExitCritical
    tasks.o(.text.vTaskResume) refers to tasks.o(.bss.pxCurrentTCB) for pxCurrentTCB
    tasks.o(.text.vTaskResume) refers to tasks.o(.bss..L_MergedGlobals) for [Anonymous Symbol]
    tasks.o(.text.vTaskResume) refers to tasks.o(.bss.pxReadyTasksLists) for [Anonymous Symbol]
    tasks.o(.ARM.exidx.text.vTaskResume) refers to tasks.o(.text.vTaskResume) for [Anonymous Symbol]
    tasks.o(.text.xTaskResumeFromISR) refers to port.o(.text.vPortValidateInterruptPriority) for vPortValidateInterruptPriority
    tasks.o(.text.xTaskResumeFromISR) refers to list.o(.text.vListInsertEnd) for vListInsertEnd
    tasks.o(.text.xTaskResumeFromISR) refers to list.o(.text.uxListRemove) for uxListRemove
    tasks.o(.text.xTaskResumeFromISR) refers to tasks.o(.text.OUTLINED_FUNCTION_3) for OUTLINED_FUNCTION_3
    tasks.o(.text.xTaskResumeFromISR) refers to tasks.o(.bss..L_MergedGlobals) for [Anonymous Symbol]
    tasks.o(.text.xTaskResumeFromISR) refers to tasks.o(.bss.pxCurrentTCB) for pxCurrentTCB
    tasks.o(.text.xTaskResumeFromISR) refers to tasks.o(.bss.pxReadyTasksLists) for [Anonymous Symbol]
    tasks.o(.ARM.exidx.text.xTaskResumeFromISR) refers to tasks.o(.text.xTaskResumeFromISR) for [Anonymous Symbol]
    tasks.o(.text.vTaskStartScheduler) refers to tasks.o(.text.xTaskCreate) for xTaskCreate
    tasks.o(.text.vTaskStartScheduler) refers to port.o(.text.xPortStartScheduler) for xPortStartScheduler
    tasks.o(.text.vTaskStartScheduler) refers to tasks.o(.bss..L_MergedGlobals) for [Anonymous Symbol]
    tasks.o(.text.vTaskStartScheduler) refers to tasks.o(.text.prvIdleTask) for prvIdleTask
    tasks.o(.text.vTaskStartScheduler) refers to tasks.o(.rodata.uxTopUsedPriority) for uxTopUsedPriority
    tasks.o(.ARM.exidx.text.vTaskStartScheduler) refers to tasks.o(.text.vTaskStartScheduler) for [Anonymous Symbol]
    tasks.o(.text.prvIdleTask) refers to port.o(.text.vPortEnterCritical) for vPortEnterCritical
    tasks.o(.text.prvIdleTask) refers to list.o(.text.uxListRemove) for uxListRemove
    tasks.o(.text.prvIdleTask) refers to port.o(.text.vPortExitCritical) for vPortExitCritical
    tasks.o(.text.prvIdleTask) refers to tasks.o(.text.prvDeleteTCB) for prvDeleteTCB
    tasks.o(.text.prvIdleTask) refers to tasks.o(.text.prvGetExpectedIdleTime) for prvGetExpectedIdleTime
    tasks.o(.text.prvIdleTask) refers to port.o(.text.vPortSuppressTicksAndSleep) for vPortSuppressTicksAndSleep
    tasks.o(.text.prvIdleTask) refers to tasks.o(.text.xTaskResumeAll) for xTaskResumeAll
    tasks.o(.text.prvIdleTask) refers to tasks.o(.bss..L_MergedGlobals) for [Anonymous Symbol]
    tasks.o(.text.prvIdleTask) refers to tasks.o(.bss.pxReadyTasksLists) for [Anonymous Symbol]
    tasks.o(.ARM.exidx.text.prvIdleTask) refers to tasks.o(.text.prvIdleTask) for [Anonymous Symbol]
    tasks.o(.text.vTaskEndScheduler) refers to port.o(.text.vPortEndScheduler) for vPortEndScheduler
    tasks.o(.text.vTaskEndScheduler) refers to tasks.o(.bss..L_MergedGlobals) for [Anonymous Symbol]
    tasks.o(.ARM.exidx.text.vTaskEndScheduler) refers to tasks.o(.text.vTaskEndScheduler) for [Anonymous Symbol]
    tasks.o(.text.xTaskIncrementTick) refers to tasks.o(.text.prvResetNextTaskUnblockTime) for prvResetNextTaskUnblockTime
    tasks.o(.text.xTaskIncrementTick) refers to tasks.o(.bss..L_MergedGlobals) for [Anonymous Symbol]
    tasks.o(.text.xTaskIncrementTick) refers to tasks.o(.bss.pxReadyTasksLists) for [Anonymous Symbol]
    tasks.o(.text.xTaskIncrementTick) refers to tasks.o(.bss.pxCurrentTCB) for pxCurrentTCB
    tasks.o(.ARM.exidx.text.xTaskIncrementTick) refers to tasks.o(.text.xTaskIncrementTick) for [Anonymous Symbol]
    tasks.o(.text.xTaskGetTickCount) refers to tasks.o(.bss..L_MergedGlobals) for [Anonymous Symbol]
    tasks.o(.ARM.exidx.text.xTaskGetTickCount) refers to tasks.o(.text.xTaskGetTickCount) for [Anonymous Symbol]
    tasks.o(.text.xTaskGetTickCountFromISR) refers to port.o(.text.vPortValidateInterruptPriority) for vPortValidateInterruptPriority
    tasks.o(.text.xTaskGetTickCountFromISR) refers to tasks.o(.bss..L_MergedGlobals) for [Anonymous Symbol]
    tasks.o(.ARM.exidx.text.xTaskGetTickCountFromISR) refers to tasks.o(.text.xTaskGetTickCountFromISR) for [Anonymous Symbol]
    tasks.o(.text.uxTaskGetNumberOfTasks) refers to tasks.o(.bss..L_MergedGlobals) for [Anonymous Symbol]
    tasks.o(.ARM.exidx.text.uxTaskGetNumberOfTasks) refers to tasks.o(.text.uxTaskGetNumberOfTasks) for [Anonymous Symbol]
    tasks.o(.text.pcTaskGetName) refers to tasks.o(.bss.pxCurrentTCB) for pxCurrentTCB
    tasks.o(.ARM.exidx.text.pcTaskGetName) refers to tasks.o(.text.pcTaskGetName) for [Anonymous Symbol]
    tasks.o(.text.xTaskGetHandle) refers to strlen.o(.text) for strlen
    tasks.o(.text.xTaskGetHandle) refers to tasks.o(.text.OUTLINED_FUNCTION_9) for OUTLINED_FUNCTION_9
    tasks.o(.text.xTaskGetHandle) refers to tasks.o(.text.xTaskResumeAll) for xTaskResumeAll
    tasks.o(.text.xTaskGetHandle) refers to tasks.o(.bss..L_MergedGlobals) for [Anonymous Symbol]
    tasks.o(.text.xTaskGetHandle) refers to tasks.o(.bss.pxReadyTasksLists) for [Anonymous Symbol]
    tasks.o(.ARM.exidx.text.xTaskGetHandle) refers to tasks.o(.text.xTaskGetHandle) for [Anonymous Symbol]
    tasks.o(.ARM.exidx.text.prvSearchForNameWithinSingleList) refers to tasks.o(.text.prvSearchForNameWithinSingleList) for [Anonymous Symbol]
    tasks.o(.text.uxTaskGetSystemState) refers to tasks.o(.text.prvListTasksWithinSingleList) for prvListTasksWithinSingleList
    tasks.o(.text.uxTaskGetSystemState) refers to tasks.o(.text.OUTLINED_FUNCTION_6) for OUTLINED_FUNCTION_6
    tasks.o(.text.uxTaskGetSystemState) refers to tasks.o(.text.xTaskResumeAll) for xTaskResumeAll
    tasks.o(.text.uxTaskGetSystemState) refers to tasks.o(.bss..L_MergedGlobals) for [Anonymous Symbol]
    tasks.o(.text.uxTaskGetSystemState) refers to tasks.o(.bss.pxReadyTasksLists) for [Anonymous Symbol]
    tasks.o(.ARM.exidx.text.uxTaskGetSystemState) refers to tasks.o(.text.uxTaskGetSystemState) for [Anonymous Symbol]
    tasks.o(.text.prvListTasksWithinSingleList) refers to tasks.o(.text.vTaskGetInfo) for vTaskGetInfo
    tasks.o(.ARM.exidx.text.prvListTasksWithinSingleList) refers to tasks.o(.text.prvListTasksWithinSingleList) for [Anonymous Symbol]
    tasks.o(.text.xTaskGetIdleTaskHandle) refers to tasks.o(.bss..L_MergedGlobals) for [Anonymous Symbol]
    tasks.o(.ARM.exidx.text.xTaskGetIdleTaskHandle) refers to tasks.o(.text.xTaskGetIdleTaskHandle) for [Anonymous Symbol]
    tasks.o(.text.vTaskStepTick) refers to port.o(.text.vPortEnterCritical) for vPortEnterCritical
    tasks.o(.text.vTaskStepTick) refers to port.o(.text.vPortExitCritical) for vPortExitCritical
    tasks.o(.text.vTaskStepTick) refers to tasks.o(.bss..L_MergedGlobals) for [Anonymous Symbol]
    tasks.o(.ARM.exidx.text.vTaskStepTick) refers to tasks.o(.text.vTaskStepTick) for [Anonymous Symbol]
    tasks.o(.text.xTaskCatchUpTicks) refers to port.o(.text.vPortEnterCritical) for vPortEnterCritical
    tasks.o(.text.xTaskCatchUpTicks) refers to port.o(.text.vPortExitCritical) for vPortExitCritical
    tasks.o(.text.xTaskCatchUpTicks) refers to tasks.o(.text.xTaskResumeAll) for xTaskResumeAll
    tasks.o(.text.xTaskCatchUpTicks) refers to tasks.o(.bss..L_MergedGlobals) for [Anonymous Symbol]
    tasks.o(.ARM.exidx.text.xTaskCatchUpTicks) refers to tasks.o(.text.xTaskCatchUpTicks) for [Anonymous Symbol]
    tasks.o(.text.xTaskAbortDelay) refers to tasks.o(.text.eTaskGetState) for eTaskGetState
    tasks.o(.text.xTaskAbortDelay) refers to tasks.o(.text.OUTLINED_FUNCTION_1) for OUTLINED_FUNCTION_1
    tasks.o(.text.xTaskAbortDelay) refers to port.o(.text.vPortEnterCritical) for vPortEnterCritical
    tasks.o(.text.xTaskAbortDelay) refers to tasks.o(.text.OUTLINED_FUNCTION_7) for OUTLINED_FUNCTION_7
    tasks.o(.text.xTaskAbortDelay) refers to port.o(.text.vPortExitCritical) for vPortExitCritical
    tasks.o(.text.xTaskAbortDelay) refers to tasks.o(.text.OUTLINED_FUNCTION_0) for OUTLINED_FUNCTION_0
    tasks.o(.text.xTaskAbortDelay) refers to tasks.o(.text.xTaskResumeAll) for xTaskResumeAll
    tasks.o(.text.xTaskAbortDelay) refers to tasks.o(.bss..L_MergedGlobals) for [Anonymous Symbol]
    tasks.o(.text.xTaskAbortDelay) refers to tasks.o(.bss.pxReadyTasksLists) for [Anonymous Symbol]
    tasks.o(.text.xTaskAbortDelay) refers to tasks.o(.bss.pxCurrentTCB) for pxCurrentTCB
    tasks.o(.ARM.exidx.text.xTaskAbortDelay) refers to tasks.o(.text.xTaskAbortDelay) for [Anonymous Symbol]
    tasks.o(.text.vTaskPlaceOnEventList) refers to list.o(.text.vListInsert) for vListInsert
    tasks.o(.text.vTaskPlaceOnEventList) refers to tasks.o(.text.prvAddCurrentTaskToDelayedList) for prvAddCurrentTaskToDelayedList
    tasks.o(.text.vTaskPlaceOnEventList) refers to tasks.o(.bss.pxCurrentTCB) for pxCurrentTCB
    tasks.o(.ARM.exidx.text.vTaskPlaceOnEventList) refers to tasks.o(.text.vTaskPlaceOnEventList) for [Anonymous Symbol]
    tasks.o(.text.vTaskPlaceOnUnorderedEventList) refers to tasks.o(.text.prvAddCurrentTaskToDelayedList) for prvAddCurrentTaskToDelayedList
    tasks.o(.text.vTaskPlaceOnUnorderedEventList) refers to tasks.o(.bss..L_MergedGlobals) for [Anonymous Symbol]
    tasks.o(.text.vTaskPlaceOnUnorderedEventList) refers to tasks.o(.bss.pxCurrentTCB) for pxCurrentTCB
    tasks.o(.ARM.exidx.text.vTaskPlaceOnUnorderedEventList) refers to tasks.o(.text.vTaskPlaceOnUnorderedEventList) for [Anonymous Symbol]
    tasks.o(.text.vTaskPlaceOnEventListRestricted) refers to tasks.o(.text.prvAddCurrentTaskToDelayedList) for prvAddCurrentTaskToDelayedList
    tasks.o(.text.vTaskPlaceOnEventListRestricted) refers to tasks.o(.bss.pxCurrentTCB) for pxCurrentTCB
    tasks.o(.ARM.exidx.text.vTaskPlaceOnEventListRestricted) refers to tasks.o(.text.vTaskPlaceOnEventListRestricted) for [Anonymous Symbol]
    tasks.o(.text.xTaskRemoveFromEventList) refers to tasks.o(.text.OUTLINED_FUNCTION_10) for OUTLINED_FUNCTION_10
    tasks.o(.text.xTaskRemoveFromEventList) refers to tasks.o(.text.prvResetNextTaskUnblockTime) for prvResetNextTaskUnblockTime
    tasks.o(.text.xTaskRemoveFromEventList) refers to tasks.o(.bss..L_MergedGlobals) for [Anonymous Symbol]
    tasks.o(.text.xTaskRemoveFromEventList) refers to tasks.o(.bss.pxReadyTasksLists) for [Anonymous Symbol]
    tasks.o(.text.xTaskRemoveFromEventList) refers to tasks.o(.bss.pxCurrentTCB) for pxCurrentTCB
    tasks.o(.ARM.exidx.text.xTaskRemoveFromEventList) refers to tasks.o(.text.xTaskRemoveFromEventList) for [Anonymous Symbol]
    tasks.o(.text.vTaskRemoveFromUnorderedEventList) refers to tasks.o(.text.prvResetNextTaskUnblockTime) for prvResetNextTaskUnblockTime
    tasks.o(.text.vTaskRemoveFromUnorderedEventList) refers to tasks.o(.bss..L_MergedGlobals) for [Anonymous Symbol]
    tasks.o(.text.vTaskRemoveFromUnorderedEventList) refers to tasks.o(.bss.pxReadyTasksLists) for [Anonymous Symbol]
    tasks.o(.text.vTaskRemoveFromUnorderedEventList) refers to tasks.o(.bss.pxCurrentTCB) for pxCurrentTCB
    tasks.o(.ARM.exidx.text.vTaskRemoveFromUnorderedEventList) refers to tasks.o(.text.vTaskRemoveFromUnorderedEventList) for [Anonymous Symbol]
    tasks.o(.text.vTaskSetTimeOutState) refers to tasks.o(.text.OUTLINED_FUNCTION_8) for OUTLINED_FUNCTION_8
    tasks.o(.text.vTaskSetTimeOutState) refers to port.o(.text.vPortExitCritical) for vPortExitCritical
    tasks.o(.text.vTaskSetTimeOutState) refers to tasks.o(.bss..L_MergedGlobals) for [Anonymous Symbol]
    tasks.o(.ARM.exidx.text.vTaskSetTimeOutState) refers to tasks.o(.text.vTaskSetTimeOutState) for [Anonymous Symbol]
    tasks.o(.text.vTaskInternalSetTimeOutState) refers to tasks.o(.bss..L_MergedGlobals) for [Anonymous Symbol]
    tasks.o(.ARM.exidx.text.vTaskInternalSetTimeOutState) refers to tasks.o(.text.vTaskInternalSetTimeOutState) for [Anonymous Symbol]
    tasks.o(.text.xTaskCheckForTimeOut) refers to port.o(.text.vPortEnterCritical) for vPortEnterCritical
    tasks.o(.text.xTaskCheckForTimeOut) refers to port.o(.text.vPortExitCritical) for vPortExitCritical
    tasks.o(.text.xTaskCheckForTimeOut) refers to tasks.o(.bss..L_MergedGlobals) for [Anonymous Symbol]
    tasks.o(.text.xTaskCheckForTimeOut) refers to tasks.o(.bss.pxCurrentTCB) for pxCurrentTCB
    tasks.o(.ARM.exidx.text.xTaskCheckForTimeOut) refers to tasks.o(.text.xTaskCheckForTimeOut) for [Anonymous Symbol]
    tasks.o(.text.vTaskMissedYield) refers to tasks.o(.bss..L_MergedGlobals) for [Anonymous Symbol]
    tasks.o(.ARM.exidx.text.vTaskMissedYield) refers to tasks.o(.text.vTaskMissedYield) for [Anonymous Symbol]
    tasks.o(.ARM.exidx.text.uxTaskGetTaskNumber) refers to tasks.o(.text.uxTaskGetTaskNumber) for [Anonymous Symbol]
    tasks.o(.ARM.exidx.text.vTaskSetTaskNumber) refers to tasks.o(.text.vTaskSetTaskNumber) for [Anonymous Symbol]
    tasks.o(.text.eTaskConfirmSleepModeStatus) refers to tasks.o(.bss..L_MergedGlobals) for [Anonymous Symbol]
    tasks.o(.ARM.exidx.text.eTaskConfirmSleepModeStatus) refers to tasks.o(.text.eTaskConfirmSleepModeStatus) for [Anonymous Symbol]
    tasks.o(.text.vTaskGetInfo) refers to tasks.o(.text.eTaskGetState) for eTaskGetState
    tasks.o(.text.vTaskGetInfo) refers to tasks.o(.text.xTaskResumeAll) for xTaskResumeAll
    tasks.o(.text.vTaskGetInfo) refers to tasks.o(.text.prvTaskCheckFreeStackSpace) for prvTaskCheckFreeStackSpace
    tasks.o(.text.vTaskGetInfo) refers to tasks.o(.bss.pxCurrentTCB) for pxCurrentTCB
    tasks.o(.text.vTaskGetInfo) refers to tasks.o(.bss..L_MergedGlobals) for [Anonymous Symbol]
    tasks.o(.ARM.exidx.text.vTaskGetInfo) refers to tasks.o(.text.vTaskGetInfo) for [Anonymous Symbol]
    tasks.o(.ARM.exidx.text.prvTaskCheckFreeStackSpace) refers to tasks.o(.text.prvTaskCheckFreeStackSpace) for [Anonymous Symbol]
    tasks.o(.text.uxTaskGetStackHighWaterMark2) refers to tasks.o(.text.prvTaskCheckFreeStackSpace) for prvTaskCheckFreeStackSpace
    tasks.o(.text.uxTaskGetStackHighWaterMark2) refers to tasks.o(.bss.pxCurrentTCB) for pxCurrentTCB
    tasks.o(.ARM.exidx.text.uxTaskGetStackHighWaterMark2) refers to tasks.o(.text.uxTaskGetStackHighWaterMark2) for [Anonymous Symbol]
    tasks.o(.text.uxTaskGetStackHighWaterMark) refers to tasks.o(.text.prvTaskCheckFreeStackSpace) for prvTaskCheckFreeStackSpace
    tasks.o(.text.uxTaskGetStackHighWaterMark) refers to tasks.o(.bss.pxCurrentTCB) for pxCurrentTCB
    tasks.o(.ARM.exidx.text.uxTaskGetStackHighWaterMark) refers to tasks.o(.text.uxTaskGetStackHighWaterMark) for [Anonymous Symbol]
    tasks.o(.text.xTaskGetCurrentTaskHandle) refers to tasks.o(.bss.pxCurrentTCB) for pxCurrentTCB
    tasks.o(.ARM.exidx.text.xTaskGetCurrentTaskHandle) refers to tasks.o(.text.xTaskGetCurrentTaskHandle) for [Anonymous Symbol]
    tasks.o(.text.xTaskGetSchedulerState) refers to tasks.o(.bss..L_MergedGlobals) for [Anonymous Symbol]
    tasks.o(.ARM.exidx.text.xTaskGetSchedulerState) refers to tasks.o(.text.xTaskGetSchedulerState) for [Anonymous Symbol]
    tasks.o(.text.xTaskPriorityInherit) refers to tasks.o(.text.OUTLINED_FUNCTION_1) for OUTLINED_FUNCTION_1
    tasks.o(.text.xTaskPriorityInherit) refers to tasks.o(.text.OUTLINED_FUNCTION_5) for OUTLINED_FUNCTION_5
    tasks.o(.text.xTaskPriorityInherit) refers to tasks.o(.text.OUTLINED_FUNCTION_11) for OUTLINED_FUNCTION_11
    tasks.o(.text.xTaskPriorityInherit) refers to tasks.o(.text.OUTLINED_FUNCTION_12) for OUTLINED_FUNCTION_12
    tasks.o(.text.xTaskPriorityInherit) refers to tasks.o(.bss.pxCurrentTCB) for pxCurrentTCB
    tasks.o(.text.xTaskPriorityInherit) refers to tasks.o(.bss.pxReadyTasksLists) for [Anonymous Symbol]
    tasks.o(.text.xTaskPriorityInherit) refers to tasks.o(.bss..L_MergedGlobals) for [Anonymous Symbol]
    tasks.o(.ARM.exidx.text.xTaskPriorityInherit) refers to tasks.o(.text.xTaskPriorityInherit) for [Anonymous Symbol]
    tasks.o(.text.xTaskPriorityDisinherit) refers to tasks.o(.text.OUTLINED_FUNCTION_1) for OUTLINED_FUNCTION_1
    tasks.o(.text.xTaskPriorityDisinherit) refers to tasks.o(.text.OUTLINED_FUNCTION_5) for OUTLINED_FUNCTION_5
    tasks.o(.text.xTaskPriorityDisinherit) refers to tasks.o(.text.OUTLINED_FUNCTION_11) for OUTLINED_FUNCTION_11
    tasks.o(.text.xTaskPriorityDisinherit) refers to tasks.o(.text.OUTLINED_FUNCTION_12) for OUTLINED_FUNCTION_12
    tasks.o(.text.xTaskPriorityDisinherit) refers to tasks.o(.bss.pxCurrentTCB) for pxCurrentTCB
    tasks.o(.text.xTaskPriorityDisinherit) refers to tasks.o(.bss..L_MergedGlobals) for [Anonymous Symbol]
    tasks.o(.text.xTaskPriorityDisinherit) refers to tasks.o(.bss.pxReadyTasksLists) for [Anonymous Symbol]
    tasks.o(.ARM.exidx.text.xTaskPriorityDisinherit) refers to tasks.o(.text.xTaskPriorityDisinherit) for [Anonymous Symbol]
    tasks.o(.text.vTaskPriorityDisinheritAfterTimeout) refers to tasks.o(.text.OUTLINED_FUNCTION_1) for OUTLINED_FUNCTION_1
    tasks.o(.text.vTaskPriorityDisinheritAfterTimeout) refers to tasks.o(.text.OUTLINED_FUNCTION_2) for OUTLINED_FUNCTION_2
    tasks.o(.text.vTaskPriorityDisinheritAfterTimeout) refers to tasks.o(.bss.pxCurrentTCB) for pxCurrentTCB
    tasks.o(.text.vTaskPriorityDisinheritAfterTimeout) refers to tasks.o(.bss.pxReadyTasksLists) for [Anonymous Symbol]
    tasks.o(.text.vTaskPriorityDisinheritAfterTimeout) refers to tasks.o(.bss..L_MergedGlobals) for [Anonymous Symbol]
    tasks.o(.ARM.exidx.text.vTaskPriorityDisinheritAfterTimeout) refers to tasks.o(.text.vTaskPriorityDisinheritAfterTimeout) for [Anonymous Symbol]
    tasks.o(.text.uxTaskResetEventItemValue) refers to tasks.o(.bss.pxCurrentTCB) for pxCurrentTCB
    tasks.o(.ARM.exidx.text.uxTaskResetEventItemValue) refers to tasks.o(.text.uxTaskResetEventItemValue) for [Anonymous Symbol]
    tasks.o(.text.pvTaskIncrementMutexHeldCount) refers to tasks.o(.bss.pxCurrentTCB) for pxCurrentTCB
    tasks.o(.ARM.exidx.text.pvTaskIncrementMutexHeldCount) refers to tasks.o(.text.pvTaskIncrementMutexHeldCount) for [Anonymous Symbol]
    tasks.o(.text.ulTaskGenericNotifyTake) refers to port.o(.text.vPortEnterCritical) for vPortEnterCritical
    tasks.o(.text.ulTaskGenericNotifyTake) refers to tasks.o(.text.prvAddCurrentTaskToDelayedList) for prvAddCurrentTaskToDelayedList
    tasks.o(.text.ulTaskGenericNotifyTake) refers to tasks.o(.text.OUTLINED_FUNCTION_4) for OUTLINED_FUNCTION_4
    tasks.o(.text.ulTaskGenericNotifyTake) refers to port.o(.text.vPortExitCritical) for vPortExitCritical
    tasks.o(.text.ulTaskGenericNotifyTake) refers to tasks.o(.bss.pxCurrentTCB) for pxCurrentTCB
    tasks.o(.ARM.exidx.text.ulTaskGenericNotifyTake) refers to tasks.o(.text.ulTaskGenericNotifyTake) for [Anonymous Symbol]
    tasks.o(.text.xTaskGenericNotifyWait) refers to port.o(.text.vPortEnterCritical) for vPortEnterCritical
    tasks.o(.text.xTaskGenericNotifyWait) refers to tasks.o(.text.prvAddCurrentTaskToDelayedList) for prvAddCurrentTaskToDelayedList
    tasks.o(.text.xTaskGenericNotifyWait) refers to tasks.o(.text.OUTLINED_FUNCTION_4) for OUTLINED_FUNCTION_4
    tasks.o(.text.xTaskGenericNotifyWait) refers to port.o(.text.vPortExitCritical) for vPortExitCritical
    tasks.o(.text.xTaskGenericNotifyWait) refers to tasks.o(.bss.pxCurrentTCB) for pxCurrentTCB
    tasks.o(.ARM.exidx.text.xTaskGenericNotifyWait) refers to tasks.o(.text.xTaskGenericNotifyWait) for [Anonymous Symbol]
    tasks.o(.text.xTaskGenericNotify) refers to port.o(.text.vPortEnterCritical) for vPortEnterCritical
    tasks.o(.text.xTaskGenericNotify) refers to tasks.o(.text.OUTLINED_FUNCTION_10) for OUTLINED_FUNCTION_10
    tasks.o(.text.xTaskGenericNotify) refers to tasks.o(.text.prvResetNextTaskUnblockTime) for prvResetNextTaskUnblockTime
    tasks.o(.text.xTaskGenericNotify) refers to tasks.o(.text.OUTLINED_FUNCTION_4) for OUTLINED_FUNCTION_4
    tasks.o(.text.xTaskGenericNotify) refers to port.o(.text.vPortExitCritical) for vPortExitCritical
    tasks.o(.text.xTaskGenericNotify) refers to tasks.o(.bss..L_MergedGlobals) for [Anonymous Symbol]
    tasks.o(.text.xTaskGenericNotify) refers to tasks.o(.bss.pxReadyTasksLists) for [Anonymous Symbol]
    tasks.o(.text.xTaskGenericNotify) refers to tasks.o(.bss.pxCurrentTCB) for pxCurrentTCB
    tasks.o(.ARM.exidx.text.xTaskGenericNotify) refers to tasks.o(.text.xTaskGenericNotify) for [Anonymous Symbol]
    tasks.o(.text.xTaskGenericNotifyFromISR) refers to port.o(.text.vPortValidateInterruptPriority) for vPortValidateInterruptPriority
    tasks.o(.text.xTaskGenericNotifyFromISR) refers to tasks.o(.bss..L_MergedGlobals) for [Anonymous Symbol]
    tasks.o(.text.xTaskGenericNotifyFromISR) refers to tasks.o(.bss.pxReadyTasksLists) for [Anonymous Symbol]
    tasks.o(.text.xTaskGenericNotifyFromISR) refers to tasks.o(.bss.pxCurrentTCB) for pxCurrentTCB
    tasks.o(.ARM.exidx.text.xTaskGenericNotifyFromISR) refers to tasks.o(.text.xTaskGenericNotifyFromISR) for [Anonymous Symbol]
    tasks.o(.text.vTaskGenericNotifyGiveFromISR) refers to port.o(.text.vPortValidateInterruptPriority) for vPortValidateInterruptPriority
    tasks.o(.text.vTaskGenericNotifyGiveFromISR) refers to tasks.o(.bss..L_MergedGlobals) for [Anonymous Symbol]
    tasks.o(.text.vTaskGenericNotifyGiveFromISR) refers to tasks.o(.bss.pxReadyTasksLists) for [Anonymous Symbol]
    tasks.o(.text.vTaskGenericNotifyGiveFromISR) refers to tasks.o(.bss.pxCurrentTCB) for pxCurrentTCB
    tasks.o(.ARM.exidx.text.vTaskGenericNotifyGiveFromISR) refers to tasks.o(.text.vTaskGenericNotifyGiveFromISR) for [Anonymous Symbol]
    tasks.o(.text.xTaskGenericNotifyStateClear) refers to port.o(.text.vPortEnterCritical) for vPortEnterCritical
    tasks.o(.text.xTaskGenericNotifyStateClear) refers to port.o(.text.vPortExitCritical) for vPortExitCritical
    tasks.o(.text.xTaskGenericNotifyStateClear) refers to tasks.o(.bss.pxCurrentTCB) for pxCurrentTCB
    tasks.o(.ARM.exidx.text.xTaskGenericNotifyStateClear) refers to tasks.o(.text.xTaskGenericNotifyStateClear) for [Anonymous Symbol]
    tasks.o(.text.ulTaskGenericNotifyValueClear) refers to port.o(.text.vPortEnterCritical) for vPortEnterCritical
    tasks.o(.text.ulTaskGenericNotifyValueClear) refers to port.o(.text.vPortExitCritical) for vPortExitCritical
    tasks.o(.text.ulTaskGenericNotifyValueClear) refers to tasks.o(.bss.pxCurrentTCB) for pxCurrentTCB
    tasks.o(.ARM.exidx.text.ulTaskGenericNotifyValueClear) refers to tasks.o(.text.ulTaskGenericNotifyValueClear) for [Anonymous Symbol]
    tasks.o(.text.prvGetExpectedIdleTime) refers to tasks.o(.bss..L_MergedGlobals) for [Anonymous Symbol]
    tasks.o(.text.prvGetExpectedIdleTime) refers to tasks.o(.bss.pxCurrentTCB) for pxCurrentTCB
    tasks.o(.text.prvGetExpectedIdleTime) refers to tasks.o(.bss.pxReadyTasksLists) for [Anonymous Symbol]
    tasks.o(.ARM.exidx.text.prvGetExpectedIdleTime) refers to tasks.o(.text.prvGetExpectedIdleTime) for [Anonymous Symbol]
    tasks.o(.ARM.exidx.text.OUTLINED_FUNCTION_0) refers to tasks.o(.text.OUTLINED_FUNCTION_0) for [Anonymous Symbol]
    tasks.o(.text.OUTLINED_FUNCTION_1) refers to list.o(.text.uxListRemove) for uxListRemove
    tasks.o(.ARM.exidx.text.OUTLINED_FUNCTION_1) refers to tasks.o(.text.OUTLINED_FUNCTION_1) for [Anonymous Symbol]
    tasks.o(.ARM.exidx.text.OUTLINED_FUNCTION_2) refers to tasks.o(.text.OUTLINED_FUNCTION_2) for [Anonymous Symbol]
    tasks.o(.ARM.exidx.text.OUTLINED_FUNCTION_3) refers to tasks.o(.text.OUTLINED_FUNCTION_3) for [Anonymous Symbol]
    tasks.o(.ARM.exidx.text.OUTLINED_FUNCTION_4) refers to tasks.o(.text.OUTLINED_FUNCTION_4) for [Anonymous Symbol]
    tasks.o(.ARM.exidx.text.OUTLINED_FUNCTION_5) refers to tasks.o(.text.OUTLINED_FUNCTION_5) for [Anonymous Symbol]
    tasks.o(.ARM.exidx.text.OUTLINED_FUNCTION_6) refers to tasks.o(.text.OUTLINED_FUNCTION_6) for [Anonymous Symbol]
    tasks.o(.text.OUTLINED_FUNCTION_7) refers to list.o(.text.uxListRemove) for uxListRemove
    tasks.o(.ARM.exidx.text.OUTLINED_FUNCTION_7) refers to tasks.o(.text.OUTLINED_FUNCTION_7) for [Anonymous Symbol]
    tasks.o(.text.OUTLINED_FUNCTION_8) refers to port.o(.text.vPortEnterCritical) for vPortEnterCritical
    tasks.o(.ARM.exidx.text.OUTLINED_FUNCTION_8) refers to tasks.o(.text.OUTLINED_FUNCTION_8) for [Anonymous Symbol]
    tasks.o(.text.OUTLINED_FUNCTION_9) refers to tasks.o(.text.prvSearchForNameWithinSingleList) for prvSearchForNameWithinSingleList
    tasks.o(.ARM.exidx.text.OUTLINED_FUNCTION_9) refers to tasks.o(.text.OUTLINED_FUNCTION_9) for [Anonymous Symbol]
    tasks.o(.ARM.exidx.text.OUTLINED_FUNCTION_10) refers to tasks.o(.text.OUTLINED_FUNCTION_10) for [Anonymous Symbol]
    tasks.o(.ARM.exidx.text.OUTLINED_FUNCTION_11) refers to tasks.o(.text.OUTLINED_FUNCTION_11) for [Anonymous Symbol]
    tasks.o(.ARM.exidx.text.OUTLINED_FUNCTION_12) refers to tasks.o(.text.OUTLINED_FUNCTION_12) for [Anonymous Symbol]
    rt_memcpy_v6.o(.text) refers to rt_memcpy_w.o(.text) for __aeabi_memcpy4
    aeabi_memset4.o(.text) refers to rt_memclr_w.o(.text) for _memset_w
    rt_memclr.o(.text) refers to rt_memclr_w.o(.text) for _memset_w
    __main.o(!!!main) refers to __rtentry.o(.ARM.Collect$$rtentry$$00000000) for __rt_entry
    __rtentry.o(.ARM.Collect$$rtentry$$00000000) refers (Special) to __rtentry2.o(.ARM.Collect$$rtentry$$0000000A) for __rt_entry_li
    __rtentry.o(.ARM.Collect$$rtentry$$00000000) refers (Special) to __rtentry2.o(.ARM.Collect$$rtentry$$0000000D) for __rt_entry_main
    __rtentry.o(.ARM.Collect$$rtentry$$00000000) refers (Special) to __rtentry2.o(.ARM.Collect$$rtentry$$0000000C) for __rt_entry_postli_1
    __rtentry.o(.ARM.Collect$$rtentry$$00000000) refers (Special) to __rtentry2.o(.ARM.Collect$$rtentry$$00000009) for __rt_entry_postsh_1
    __rtentry.o(.ARM.Collect$$rtentry$$00000000) refers (Special) to __rtentry2.o(.ARM.Collect$$rtentry$$00000002) for __rt_entry_presh_1
    __rtentry.o(.ARM.Collect$$rtentry$$00000000) refers (Special) to __rtentry4.o(.ARM.Collect$$rtentry$$00000004) for __rt_entry_sh
    __rtentry2.o(.ARM.Collect$$rtentry$$00000008) refers to boardinit2.o(.text) for _platform_post_stackheap_init
    __rtentry2.o(.ARM.Collect$$rtentry$$0000000A) refers to libinit.o(.ARM.Collect$$libinit$$00000000) for __rt_lib_init
    __rtentry2.o(.ARM.Collect$$rtentry$$0000000B) refers to boardinit3.o(.text) for _platform_post_lib_init
    __rtentry2.o(.ARM.Collect$$rtentry$$0000000D) refers to main.o(.text.main) for main
    __rtentry2.o(.ARM.Collect$$rtentry$$0000000D) refers to exit.o(.text) for exit
    __rtentry2.o(.ARM.exidx) refers to __rtentry2.o(.ARM.Collect$$rtentry$$00000001) for .ARM.Collect$$rtentry$$00000001
    __rtentry2.o(.ARM.exidx) refers to __rtentry2.o(.ARM.Collect$$rtentry$$00000008) for .ARM.Collect$$rtentry$$00000008
    __rtentry2.o(.ARM.exidx) refers to __rtentry2.o(.ARM.Collect$$rtentry$$0000000A) for .ARM.Collect$$rtentry$$0000000A
    __rtentry2.o(.ARM.exidx) refers to __rtentry2.o(.ARM.Collect$$rtentry$$0000000B) for .ARM.Collect$$rtentry$$0000000B
    __rtentry2.o(.ARM.exidx) refers to __rtentry2.o(.ARM.Collect$$rtentry$$0000000D) for .ARM.Collect$$rtentry$$0000000D
    __rtentry4.o(.ARM.Collect$$rtentry$$00000004) refers to sys_stackheap_outer.o(.text) for __user_setup_stackheap
    __rtentry4.o(.ARM.exidx) refers to __rtentry4.o(.ARM.Collect$$rtentry$$00000004) for .ARM.Collect$$rtentry$$00000004
    sys_stackheap_outer.o(.text) refers to libspace.o(.text) for __user_perproc_libspace
    sys_stackheap_outer.o(.text) refers to startup_tm4c123.o(.text) for __user_initial_stackheap
    exit.o(.text) refers to rtexit.o(.ARM.Collect$$rtexit$$00000000) for __rt_exit
    libinit.o(.ARM.Collect$$libinit$$00000000) refers (Special) to libinit2.o(.ARM.Collect$$libinit$$00000030) for __rt_lib_init_alloca_1
    libinit.o(.ARM.Collect$$libinit$$00000000) refers (Special) to libinit2.o(.ARM.Collect$$libinit$$0000002E) for __rt_lib_init_argv_1
    libinit.o(.ARM.Collect$$libinit$$00000000) refers (Special) to libinit2.o(.ARM.Collect$$libinit$$0000001D) for __rt_lib_init_atexit_1
    libinit.o(.ARM.Collect$$libinit$$00000000) refers (Special) to libinit2.o(.ARM.Collect$$libinit$$00000023) for __rt_lib_init_clock_1
    libinit.o(.ARM.Collect$$libinit$$00000000) refers (Special) to libinit2.o(.ARM.Collect$$libinit$$00000034) for __rt_lib_init_cpp_1
    libinit.o(.ARM.Collect$$libinit$$00000000) refers (Special) to libinit2.o(.ARM.Collect$$libinit$$00000032) for __rt_lib_init_exceptions_1
    libinit.o(.ARM.Collect$$libinit$$00000000) refers (Special) to libinit2.o(.ARM.Collect$$libinit$$00000001) for __rt_lib_init_fp_1
    libinit.o(.ARM.Collect$$libinit$$00000000) refers (Special) to libinit2.o(.ARM.Collect$$libinit$$00000021) for __rt_lib_init_fp_trap_1
    libinit.o(.ARM.Collect$$libinit$$00000000) refers (Special) to libinit2.o(.ARM.Collect$$libinit$$00000025) for __rt_lib_init_getenv_1
    libinit.o(.ARM.Collect$$libinit$$00000000) refers (Special) to libinit2.o(.ARM.Collect$$libinit$$0000000C) for __rt_lib_init_heap_1
    libinit.o(.ARM.Collect$$libinit$$00000000) refers (Special) to libinit2.o(.ARM.Collect$$libinit$$00000013) for __rt_lib_init_lc_collate_1
    libinit.o(.ARM.Collect$$libinit$$00000000) refers (Special) to libinit2.o(.ARM.Collect$$libinit$$00000015) for __rt_lib_init_lc_ctype_1
    libinit.o(.ARM.Collect$$libinit$$00000000) refers (Special) to libinit2.o(.ARM.Collect$$libinit$$00000017) for __rt_lib_init_lc_monetary_1
    libinit.o(.ARM.Collect$$libinit$$00000000) refers (Special) to libinit2.o(.ARM.Collect$$libinit$$00000019) for __rt_lib_init_lc_numeric_1
    libinit.o(.ARM.Collect$$libinit$$00000000) refers (Special) to libinit2.o(.ARM.Collect$$libinit$$0000001B) for __rt_lib_init_lc_time_1
    libinit.o(.ARM.Collect$$libinit$$00000000) refers (Special) to libinit2.o(.ARM.Collect$$libinit$$00000006) for __rt_lib_init_preinit_1
    libinit.o(.ARM.Collect$$libinit$$00000000) refers (Special) to libinit2.o(.ARM.Collect$$libinit$$00000010) for __rt_lib_init_rand_1
    libinit.o(.ARM.Collect$$libinit$$00000000) refers (Special) to libinit2.o(.ARM.Collect$$libinit$$00000004) for __rt_lib_init_relocate_pie_1
    libinit.o(.ARM.Collect$$libinit$$00000000) refers (Special) to libinit2.o(.ARM.Collect$$libinit$$00000035) for __rt_lib_init_return
    libinit.o(.ARM.Collect$$libinit$$00000000) refers (Special) to libinit2.o(.ARM.Collect$$libinit$$0000001F) for __rt_lib_init_signal_1
    libinit.o(.ARM.Collect$$libinit$$00000000) refers (Special) to libinit2.o(.ARM.Collect$$libinit$$00000027) for __rt_lib_init_stdio_1
    libinit.o(.ARM.Collect$$libinit$$00000000) refers (Special) to libinit2.o(.ARM.Collect$$libinit$$0000000E) for __rt_lib_init_user_alloc_1
    libspace.o(.text) refers to libspace.o(.bss) for __libspace_start
    rtexit.o(.ARM.Collect$$rtexit$$00000000) refers (Special) to rtexit2.o(.ARM.Collect$$rtexit$$00000004) for __rt_exit_exit
    rtexit.o(.ARM.Collect$$rtexit$$00000000) refers (Special) to rtexit2.o(.ARM.Collect$$rtexit$$00000003) for __rt_exit_ls
    rtexit.o(.ARM.Collect$$rtexit$$00000000) refers (Special) to rtexit2.o(.ARM.Collect$$rtexit$$00000002) for __rt_exit_prels_1
    rtexit.o(.ARM.exidx) refers (Special) to rtexit2.o(.ARM.Collect$$rtexit$$00000004) for __rt_exit_exit
    rtexit.o(.ARM.exidx) refers (Special) to rtexit2.o(.ARM.Collect$$rtexit$$00000003) for __rt_exit_ls
    rtexit.o(.ARM.exidx) refers (Special) to rtexit2.o(.ARM.Collect$$rtexit$$00000002) for __rt_exit_prels_1
    rtexit.o(.ARM.exidx) refers to rtexit.o(.ARM.Collect$$rtexit$$00000000) for .ARM.Collect$$rtexit$$00000000
    libinit2.o(.ARM.Collect$$libinit$$00000001) refers to fpinit.o(x$fpl$fpinit) for _fp_init
    libinit2.o(.ARM.Collect$$libinit$$00000012) refers to libinit2.o(.ARM.Collect$$libinit$$00000011) for .ARM.Collect$$libinit$$00000011
    libinit2.o(.ARM.Collect$$libinit$$00000014) refers to libinit2.o(.ARM.Collect$$libinit$$00000011) for .ARM.Collect$$libinit$$00000011
    libinit2.o(.ARM.Collect$$libinit$$00000016) refers to libinit2.o(.ARM.Collect$$libinit$$00000011) for .ARM.Collect$$libinit$$00000011
    libinit2.o(.ARM.Collect$$libinit$$00000018) refers to libinit2.o(.ARM.Collect$$libinit$$00000011) for .ARM.Collect$$libinit$$00000011
    libinit2.o(.ARM.Collect$$libinit$$0000001A) refers to libinit2.o(.ARM.Collect$$libinit$$00000011) for .ARM.Collect$$libinit$$00000011
    libinit2.o(.ARM.Collect$$libinit$$00000028) refers to argv_veneer.o(.emb_text) for __ARM_argv_veneer
    libinit2.o(.ARM.Collect$$libinit$$00000029) refers to argv_veneer.o(.emb_text) for __ARM_argv_veneer
    rtexit2.o(.ARM.Collect$$rtexit$$00000003) refers to libshutdown.o(.ARM.Collect$$libshutdown$$00000000) for __rt_lib_shutdown
    rtexit2.o(.ARM.Collect$$rtexit$$00000004) refers to sys_exit.o(.text) for _sys_exit
    rtexit2.o(.ARM.exidx) refers to rtexit2.o(.ARM.Collect$$rtexit$$00000001) for .ARM.Collect$$rtexit$$00000001
    rtexit2.o(.ARM.exidx) refers to rtexit2.o(.ARM.Collect$$rtexit$$00000003) for .ARM.Collect$$rtexit$$00000003
    rtexit2.o(.ARM.exidx) refers to rtexit2.o(.ARM.Collect$$rtexit$$00000004) for .ARM.Collect$$rtexit$$00000004
    argv_veneer.o(.emb_text) refers to no_argv.o(.text) for __ARM_get_argv
    sys_exit.o(.text) refers (Special) to use_no_semi.o(.text) for __I$use$semihosting
    sys_exit.o(.text) refers (Special) to indicate_semi.o(.text) for __semihosting_library_function
    sys_exit_hlt.o(.text) refers (Special) to use_no_semi.o(.text) for __I$use$semihosting
    sys_exit_hlt.o(.text) refers (Special) to indicate_semi.o(.text) for __semihosting_library_function
    _get_argv_nomalloc.o(.text) refers (Special) to hrguard.o(.text) for __heap_region$guard
    _get_argv_nomalloc.o(.text) refers to defsig_rtmem_outer.o(.text) for __rt_SIGRTMEM
    _get_argv_nomalloc.o(.text) refers to sys_command.o(.text) for _sys_command_string
    libshutdown.o(.ARM.Collect$$libshutdown$$00000000) refers (Special) to libshutdown2.o(.ARM.Collect$$libshutdown$$00000002) for __rt_lib_shutdown_cpp_1
    libshutdown.o(.ARM.Collect$$libshutdown$$00000000) refers (Special) to libshutdown2.o(.ARM.Collect$$libshutdown$$00000007) for __rt_lib_shutdown_fp_trap_1
    libshutdown.o(.ARM.Collect$$libshutdown$$00000000) refers (Special) to libshutdown2.o(.ARM.Collect$$libshutdown$$0000000F) for __rt_lib_shutdown_heap_1
    libshutdown.o(.ARM.Collect$$libshutdown$$00000000) refers (Special) to libshutdown2.o(.ARM.Collect$$libshutdown$$00000010) for __rt_lib_shutdown_return
    libshutdown.o(.ARM.Collect$$libshutdown$$00000000) refers (Special) to libshutdown2.o(.ARM.Collect$$libshutdown$$0000000A) for __rt_lib_shutdown_signal_1
    libshutdown.o(.ARM.Collect$$libshutdown$$00000000) refers (Special) to libshutdown2.o(.ARM.Collect$$libshutdown$$00000004) for __rt_lib_shutdown_stdio_1
    libshutdown.o(.ARM.Collect$$libshutdown$$00000000) refers (Special) to libshutdown2.o(.ARM.Collect$$libshutdown$$0000000C) for __rt_lib_shutdown_user_alloc_1
    sys_command.o(.text) refers (Special) to use_no_semi.o(.text) for __I$use$semihosting
    sys_command.o(.text) refers (Special) to indicate_semi.o(.text) for __semihosting_library_function
    sys_command_hlt.o(.text) refers (Special) to use_no_semi.o(.text) for __I$use$semihosting
    sys_command_hlt.o(.text) refers (Special) to indicate_semi.o(.text) for __semihosting_library_function
    defsig_rtmem_outer.o(.text) refers to defsig_rtmem_inner.o(.text) for __rt_SIGRTMEM_inner
    defsig_rtmem_outer.o(.text) refers to defsig_exit.o(.text) for __sig_exit
    defsig_rtmem_formal.o(.text) refers to rt_raise.o(.text) for __rt_raise
    rt_raise.o(.text) refers to __raise.o(.text) for __raise
    rt_raise.o(.text) refers to sys_exit.o(.text) for _sys_exit
    defsig_exit.o(.text) refers to sys_exit.o(.text) for _sys_exit
    defsig_rtmem_inner.o(.text) refers to defsig_general.o(.text) for __default_signal_display
    __raise.o(.text) refers to defsig.o(CL$$defsig) for __default_signal_handler
    defsig_general.o(.text) refers to sys_wrch.o(.text) for _ttywrch
    sys_wrch.o(.text) refers (Special) to use_no_semi.o(.text) for __I$use$semihosting
    sys_wrch.o(.text) refers (Special) to indicate_semi.o(.text) for __semihosting_library_function
    sys_wrch_hlt.o(.text) refers (Special) to use_no_semi.o(.text) for __I$use$semihosting
    sys_wrch_hlt.o(.text) refers (Special) to indicate_semi.o(.text) for __semihosting_library_function
    defsig.o(CL$$defsig) refers to defsig_rtmem_inner.o(.text) for __rt_SIGRTMEM_inner
    defsig_abrt_inner.o(.text) refers to defsig_general.o(.text) for __default_signal_display
    defsig_fpe_inner.o(.text) refers to defsig_general.o(.text) for __default_signal_display
    defsig_rtred_inner.o(.text) refers to defsig_general.o(.text) for __default_signal_display
    defsig_stak_inner.o(.text) refers to defsig_general.o(.text) for __default_signal_display
    defsig_pvfn_inner.o(.text) refers to defsig_general.o(.text) for __default_signal_display
    defsig_cppl_inner.o(.text) refers to defsig_general.o(.text) for __default_signal_display
    defsig_segv_inner.o(.text) refers to defsig_general.o(.text) for __default_signal_display
    defsig_other.o(.text) refers to defsig_general.o(.text) for __default_signal_display


==============================================================================

Removing Unused input sections from the image.

    Removing main.o(.text), (0 bytes).
    Removing main.o(.ARM.exidx.text.buttonTask), (8 bytes).
    Removing main.o(.ARM.exidx.text.buttonTimerCallback), (8 bytes).
    Removing main.o(.ARM.exidx.text.timerTask), (8 bytes).
    Removing main.o(.text.raiseUp), (2 bytes).
    Removing main.o(.ARM.exidx.text.raiseUp), (8 bytes).
    Removing main.o(.text.MotorDriver), (24 bytes).
    Removing main.o(.ARM.exidx.text.MotorDriver), (8 bytes).
    Removing main.o(.text.AutoUp), (2 bytes).
    Removing main.o(.ARM.exidx.text.AutoUp), (8 bytes).
    Removing main.o(.text.PassengerListner), (60 bytes).
    Removing main.o(.ARM.exidx.text.PassengerListner), (8 bytes).
    Removing main.o(.text.DriverListner), (36 bytes).
    Removing main.o(.ARM.exidx.text.DriverListner), (8 bytes).
    Removing main.o(.text.LimitSwitchListner), (20 bytes).
    Removing main.o(.ARM.exidx.text.LimitSwitchListner), (8 bytes).
    Removing main.o(.ARM.exidx.text.psh_btn_init), (8 bytes).
    Removing main.o(.text.Init), (4 bytes).
    Removing main.o(.ARM.exidx.text.Init), (8 bytes).
    Removing main.o(.ARM.exidx.text.main), (8 bytes).
    Removing main.o(.ARM.use_no_argv), (4 bytes).
    Removing dio.o(.text), (0 bytes).
    Removing dio.o(.text.LED_Init), (56 bytes).
    Removing dio.o(.ARM.exidx.text.LED_Init), (8 bytes).
    Removing dio.o(.text.DIO_Init), (24 bytes).
    Removing dio.o(.ARM.exidx.text.DIO_Init), (8 bytes).
    Removing dio.o(.text.DIO_DIR), (216 bytes).
    Removing dio.o(.ARM.exidx.text.DIO_DIR), (8 bytes).
    Removing dio.o(.text.DIO_togglepin), (84 bytes).
    Removing dio.o(.ARM.exidx.text.DIO_togglepin), (8 bytes).
    Removing dio.o(.text.DIO_WritePin), (92 bytes).
    Removing dio.o(.ARM.exidx.text.DIO_WritePin), (8 bytes).
    Removing dio.o(.text.DIO_WritePort), (52 bytes).
    Removing dio.o(.ARM.exidx.text.DIO_WritePort), (8 bytes).
    Removing system_tm4c123.o(.text), (0 bytes).
    Removing system_tm4c123.o(.text.SystemCoreClockUpdate), (136 bytes).
    Removing system_tm4c123.o(.ARM.exidx.text.SystemCoreClockUpdate), (8 bytes).
    Removing system_tm4c123.o(.text.getOscClk), (48 bytes).
    Removing system_tm4c123.o(.ARM.exidx.text.getOscClk), (8 bytes).
    Removing system_tm4c123.o(.ARM.exidx.text.SystemInit), (8 bytes).
    Removing system_tm4c123.o(.rodata..Lswitch.table.getOscClk), (92 bytes).
    Removing freertos_evr.o(.text), (0 bytes).
    Removing list.o(.text), (0 bytes).
    Removing list.o(.ARM.exidx.text.vListInitialise), (8 bytes).
    Removing list.o(.ARM.exidx.text.vListInitialiseItem), (8 bytes).
    Removing list.o(.text.vListInsertEnd), (26 bytes).
    Removing list.o(.ARM.exidx.text.vListInsertEnd), (8 bytes).
    Removing list.o(.ARM.exidx.text.vListInsert), (8 bytes).
    Removing list.o(.ARM.exidx.text.uxListRemove), (8 bytes).
    Removing port.o(.text), (0 bytes).
    Removing port.o(.ARM.exidx.text.pxPortInitialiseStack), (8 bytes).
    Removing port.o(.ARM.exidx.text.prvTaskExitError), (8 bytes).
    Removing port.o(.ARM.exidx.text.SVC_Handler), (8 bytes).
    Removing port.o(.ARM.exidx.text.xPortStartScheduler), (8 bytes).
    Removing port.o(.ARM.exidx.text.vPortSetupTimerInterrupt), (8 bytes).
    Removing port.o(.ARM.exidx.text.vPortEnableVFP), (8 bytes).
    Removing port.o(.ARM.exidx.text.prvPortStartFirstTask), (8 bytes).
    Removing port.o(.text.vPortEndScheduler), (36 bytes).
    Removing port.o(.ARM.exidx.text.vPortEndScheduler), (8 bytes).
    Removing port.o(.ARM.exidx.text.vPortEnterCritical), (8 bytes).
    Removing port.o(.ARM.exidx.text.vPortExitCritical), (8 bytes).
    Removing port.o(.ARM.exidx.text.PendSV_Handler), (8 bytes).
    Removing port.o(.ARM.exidx.text.SysTick_Handler), (8 bytes).
    Removing port.o(.ARM.exidx.text.vPortSuppressTicksAndSleep), (8 bytes).
    Removing port.o(.text.vPortValidateInterruptPriority), (88 bytes).
    Removing port.o(.ARM.exidx.text.vPortValidateInterruptPriority), (8 bytes).
    Removing heap_1.o(.text), (0 bytes).
    Removing heap_1.o(.ARM.exidx.text.pvPortMalloc), (8 bytes).
    Removing heap_1.o(.ARM.exidx.text.vPortFree), (8 bytes).
    Removing heap_1.o(.text.vPortInitialiseBlocks), (12 bytes).
    Removing heap_1.o(.ARM.exidx.text.vPortInitialiseBlocks), (8 bytes).
    Removing heap_1.o(.text.xPortGetFreeHeapSize), (16 bytes).
    Removing heap_1.o(.ARM.exidx.text.xPortGetFreeHeapSize), (8 bytes).
    Removing queue.o(.text), (0 bytes).
    Removing queue.o(.ARM.exidx.text.xQueueGenericReset), (8 bytes).
    Removing queue.o(.ARM.exidx.text.xQueueGenericCreate), (8 bytes).
    Removing queue.o(.text.xQueueCreateMutex), (40 bytes).
    Removing queue.o(.ARM.exidx.text.xQueueCreateMutex), (8 bytes).
    Removing queue.o(.text.xQueueGetMutexHolder), (44 bytes).
    Removing queue.o(.ARM.exidx.text.xQueueGetMutexHolder), (8 bytes).
    Removing queue.o(.text.xQueueGetMutexHolderFromISR), (32 bytes).
    Removing queue.o(.ARM.exidx.text.xQueueGetMutexHolderFromISR), (8 bytes).
    Removing queue.o(.text.xQueueGiveMutexRecursive), (62 bytes).
    Removing queue.o(.ARM.exidx.text.xQueueGiveMutexRecursive), (8 bytes).
    Removing queue.o(.text.xQueueGenericSend), (404 bytes).
    Removing queue.o(.ARM.exidx.text.xQueueGenericSend), (8 bytes).
    Removing queue.o(.text.xQueueTakeMutexRecursive), (60 bytes).
    Removing queue.o(.ARM.exidx.text.xQueueTakeMutexRecursive), (8 bytes).
    Removing queue.o(.text.xQueueSemaphoreTake), (368 bytes).
    Removing queue.o(.ARM.exidx.text.xQueueSemaphoreTake), (8 bytes).
    Removing queue.o(.text.xQueueCreateCountingSemaphore), (42 bytes).
    Removing queue.o(.ARM.exidx.text.xQueueCreateCountingSemaphore), (8 bytes).
    Removing queue.o(.text.prvCopyDataToQueue), (112 bytes).
    Removing queue.o(.ARM.exidx.text.prvCopyDataToQueue), (8 bytes).
    Removing queue.o(.text.prvNotifyQueueSetContainer), (144 bytes).
    Removing queue.o(.ARM.exidx.text.prvNotifyQueueSetContainer), (8 bytes).
    Removing queue.o(.text.prvUnlockQueue), (110 bytes).
    Removing queue.o(.ARM.exidx.text.prvUnlockQueue), (8 bytes).
    Removing queue.o(.text.xQueueGenericSendFromISR), (248 bytes).
    Removing queue.o(.ARM.exidx.text.xQueueGenericSendFromISR), (8 bytes).
    Removing queue.o(.text.xQueueGiveFromISR), (210 bytes).
    Removing queue.o(.ARM.exidx.text.xQueueGiveFromISR), (8 bytes).
    Removing queue.o(.text.xQueueReceive), (304 bytes).
    Removing queue.o(.ARM.exidx.text.xQueueReceive), (8 bytes).
    Removing queue.o(.text.prvCopyDataFromQueue), (36 bytes).
    Removing queue.o(.ARM.exidx.text.prvCopyDataFromQueue), (8 bytes).
    Removing queue.o(.text.prvIsQueueEmpty), (22 bytes).
    Removing queue.o(.ARM.exidx.text.prvIsQueueEmpty), (8 bytes).
    Removing queue.o(.text.xQueuePeek), (300 bytes).
    Removing queue.o(.ARM.exidx.text.xQueuePeek), (8 bytes).
    Removing queue.o(.text.xQueueReceiveFromISR), (186 bytes).
    Removing queue.o(.ARM.exidx.text.xQueueReceiveFromISR), (8 bytes).
    Removing queue.o(.text.xQueuePeekFromISR), (122 bytes).
    Removing queue.o(.ARM.exidx.text.xQueuePeekFromISR), (8 bytes).
    Removing queue.o(.text.uxQueueMessagesWaiting), (36 bytes).
    Removing queue.o(.ARM.exidx.text.uxQueueMessagesWaiting), (8 bytes).
    Removing queue.o(.text.uxQueueSpacesAvailable), (40 bytes).
    Removing queue.o(.ARM.exidx.text.uxQueueSpacesAvailable), (8 bytes).
    Removing queue.o(.text.uxQueueMessagesWaitingFromISR), (24 bytes).
    Removing queue.o(.ARM.exidx.text.uxQueueMessagesWaitingFromISR), (8 bytes).
    Removing queue.o(.text.vQueueDelete), (24 bytes).
    Removing queue.o(.ARM.exidx.text.vQueueDelete), (8 bytes).
    Removing queue.o(.text.uxQueueGetQueueNumber), (4 bytes).
    Removing queue.o(.ARM.exidx.text.uxQueueGetQueueNumber), (8 bytes).
    Removing queue.o(.text.vQueueSetQueueNumber), (4 bytes).
    Removing queue.o(.ARM.exidx.text.vQueueSetQueueNumber), (8 bytes).
    Removing queue.o(.text.ucQueueGetQueueType), (6 bytes).
    Removing queue.o(.ARM.exidx.text.ucQueueGetQueueType), (8 bytes).
    Removing queue.o(.text.xQueueIsQueueEmptyFromISR), (30 bytes).
    Removing queue.o(.ARM.exidx.text.xQueueIsQueueEmptyFromISR), (8 bytes).
    Removing queue.o(.text.xQueueIsQueueFullFromISR), (34 bytes).
    Removing queue.o(.ARM.exidx.text.xQueueIsQueueFullFromISR), (8 bytes).
    Removing queue.o(.text.vQueueWaitForMessageRestricted), (64 bytes).
    Removing queue.o(.ARM.exidx.text.vQueueWaitForMessageRestricted), (8 bytes).
    Removing queue.o(.text.xQueueCreateSet), (8 bytes).
    Removing queue.o(.ARM.exidx.text.xQueueCreateSet), (8 bytes).
    Removing queue.o(.text.xQueueAddToSet), (34 bytes).
    Removing queue.o(.ARM.exidx.text.xQueueAddToSet), (8 bytes).
    Removing queue.o(.text.xQueueRemoveFromSet), (36 bytes).
    Removing queue.o(.ARM.exidx.text.xQueueRemoveFromSet), (8 bytes).
    Removing queue.o(.text.xQueueSelectFromSet), (18 bytes).
    Removing queue.o(.ARM.exidx.text.xQueueSelectFromSet), (8 bytes).
    Removing queue.o(.text.xQueueSelectFromSetFromISR), (18 bytes).
    Removing queue.o(.ARM.exidx.text.xQueueSelectFromSetFromISR), (8 bytes).
    Removing queue.o(.text.OUTLINED_FUNCTION_0), (6 bytes).
    Removing queue.o(.ARM.exidx.text.OUTLINED_FUNCTION_0), (8 bytes).
    Removing queue.o(.text.OUTLINED_FUNCTION_1), (8 bytes).
    Removing queue.o(.ARM.exidx.text.OUTLINED_FUNCTION_1), (8 bytes).
    Removing queue.o(.text.OUTLINED_FUNCTION_2), (6 bytes).
    Removing queue.o(.ARM.exidx.text.OUTLINED_FUNCTION_2), (8 bytes).
    Removing queue.o(.text.OUTLINED_FUNCTION_3), (6 bytes).
    Removing queue.o(.ARM.exidx.text.OUTLINED_FUNCTION_3), (8 bytes).
    Removing queue.o(.text.OUTLINED_FUNCTION_4), (6 bytes).
    Removing queue.o(.ARM.exidx.text.OUTLINED_FUNCTION_4), (8 bytes).
    Removing queue.o(.text.OUTLINED_FUNCTION_5), (16 bytes).
    Removing queue.o(.ARM.exidx.text.OUTLINED_FUNCTION_5), (8 bytes).
    Removing queue.o(.text.OUTLINED_FUNCTION_6), (8 bytes).
    Removing queue.o(.ARM.exidx.text.OUTLINED_FUNCTION_6), (8 bytes).
    Removing queue.o(.text.OUTLINED_FUNCTION_7), (6 bytes).
    Removing queue.o(.ARM.exidx.text.OUTLINED_FUNCTION_7), (8 bytes).
    Removing queue.o(.text.OUTLINED_FUNCTION_8), (8 bytes).
    Removing queue.o(.ARM.exidx.text.OUTLINED_FUNCTION_8), (8 bytes).
    Removing queue.o(.text.OUTLINED_FUNCTION_9), (8 bytes).
    Removing queue.o(.ARM.exidx.text.OUTLINED_FUNCTION_9), (8 bytes).
    Removing tasks.o(.text), (0 bytes).
    Removing tasks.o(.ARM.exidx.text.xTaskCreate), (8 bytes).
    Removing tasks.o(.text.vTaskDelete), (180 bytes).
    Removing tasks.o(.ARM.exidx.text.vTaskDelete), (8 bytes).
    Removing tasks.o(.ARM.exidx.text.prvResetNextTaskUnblockTime), (8 bytes).
    Removing tasks.o(.ARM.exidx.text.prvDeleteTCB), (8 bytes).
    Removing tasks.o(.text.xTaskDelayUntil), (148 bytes).
    Removing tasks.o(.ARM.exidx.text.xTaskDelayUntil), (8 bytes).
    Removing tasks.o(.ARM.exidx.text.vTaskSuspendAll), (8 bytes).
    Removing tasks.o(.ARM.exidx.text.prvAddCurrentTaskToDelayedList), (8 bytes).
    Removing tasks.o(.ARM.exidx.text.xTaskResumeAll), (8 bytes).
    Removing tasks.o(.ARM.exidx.text.vTaskDelay), (8 bytes).
    Removing tasks.o(.text.eTaskGetState), (140 bytes).
    Removing tasks.o(.ARM.exidx.text.eTaskGetState), (8 bytes).
    Removing tasks.o(.text.uxTaskPriorityGet), (28 bytes).
    Removing tasks.o(.ARM.exidx.text.uxTaskPriorityGet), (8 bytes).
    Removing tasks.o(.text.uxTaskPriorityGetFromISR), (48 bytes).
    Removing tasks.o(.ARM.exidx.text.uxTaskPriorityGetFromISR), (8 bytes).
    Removing tasks.o(.text.vTaskPrioritySet), (196 bytes).
    Removing tasks.o(.ARM.exidx.text.vTaskPrioritySet), (8 bytes).
    Removing tasks.o(.text.vTaskSuspend), (188 bytes).
    Removing tasks.o(.ARM.exidx.text.vTaskSuspend), (8 bytes).
    Removing tasks.o(.ARM.exidx.text.vTaskSwitchContext), (8 bytes).
    Removing tasks.o(.text.vTaskResume), (120 bytes).
    Removing tasks.o(.ARM.exidx.text.vTaskResume), (8 bytes).
    Removing tasks.o(.text.xTaskResumeFromISR), (168 bytes).
    Removing tasks.o(.ARM.exidx.text.xTaskResumeFromISR), (8 bytes).
    Removing tasks.o(.ARM.exidx.text.vTaskStartScheduler), (8 bytes).
    Removing tasks.o(.ARM.exidx.text.prvIdleTask), (8 bytes).
    Removing tasks.o(.text.vTaskEndScheduler), (32 bytes).
    Removing tasks.o(.ARM.exidx.text.vTaskEndScheduler), (8 bytes).
    Removing tasks.o(.ARM.exidx.text.xTaskIncrementTick), (8 bytes).
    Removing tasks.o(.ARM.exidx.text.xTaskGetTickCount), (8 bytes).
    Removing tasks.o(.text.xTaskGetTickCountFromISR), (16 bytes).
    Removing tasks.o(.ARM.exidx.text.xTaskGetTickCountFromISR), (8 bytes).
    Removing tasks.o(.text.uxTaskGetNumberOfTasks), (12 bytes).
    Removing tasks.o(.ARM.exidx.text.uxTaskGetNumberOfTasks), (8 bytes).
    Removing tasks.o(.text.pcTaskGetName), (36 bytes).
    Removing tasks.o(.ARM.exidx.text.pcTaskGetName), (8 bytes).
    Removing tasks.o(.text.xTaskGetHandle), (136 bytes).
    Removing tasks.o(.ARM.exidx.text.xTaskGetHandle), (8 bytes).
    Removing tasks.o(.text.prvSearchForNameWithinSingleList), (82 bytes).
    Removing tasks.o(.ARM.exidx.text.prvSearchForNameWithinSingleList), (8 bytes).
    Removing tasks.o(.text.uxTaskGetSystemState), (156 bytes).
    Removing tasks.o(.ARM.exidx.text.uxTaskGetSystemState), (8 bytes).
    Removing tasks.o(.text.prvListTasksWithinSingleList), (84 bytes).
    Removing tasks.o(.ARM.exidx.text.prvListTasksWithinSingleList), (8 bytes).
    Removing tasks.o(.text.xTaskGetIdleTaskHandle), (32 bytes).
    Removing tasks.o(.ARM.exidx.text.xTaskGetIdleTaskHandle), (8 bytes).
    Removing tasks.o(.ARM.exidx.text.vTaskStepTick), (8 bytes).
    Removing tasks.o(.text.xTaskCatchUpTicks), (60 bytes).
    Removing tasks.o(.ARM.exidx.text.xTaskCatchUpTicks), (8 bytes).
    Removing tasks.o(.text.xTaskAbortDelay), (124 bytes).
    Removing tasks.o(.ARM.exidx.text.xTaskAbortDelay), (8 bytes).
    Removing tasks.o(.text.vTaskPlaceOnEventList), (52 bytes).
    Removing tasks.o(.ARM.exidx.text.vTaskPlaceOnEventList), (8 bytes).
    Removing tasks.o(.text.vTaskPlaceOnUnorderedEventList), (116 bytes).
    Removing tasks.o(.ARM.exidx.text.vTaskPlaceOnUnorderedEventList), (8 bytes).
    Removing tasks.o(.text.vTaskPlaceOnEventListRestricted), (84 bytes).
    Removing tasks.o(.ARM.exidx.text.vTaskPlaceOnEventListRestricted), (8 bytes).
    Removing tasks.o(.ARM.exidx.text.xTaskRemoveFromEventList), (8 bytes).
    Removing tasks.o(.text.vTaskRemoveFromUnorderedEventList), (196 bytes).
    Removing tasks.o(.ARM.exidx.text.vTaskRemoveFromUnorderedEventList), (8 bytes).
    Removing tasks.o(.text.vTaskSetTimeOutState), (48 bytes).
    Removing tasks.o(.ARM.exidx.text.vTaskSetTimeOutState), (8 bytes).
    Removing tasks.o(.text.vTaskInternalSetTimeOutState), (16 bytes).
    Removing tasks.o(.ARM.exidx.text.vTaskInternalSetTimeOutState), (8 bytes).
    Removing tasks.o(.text.xTaskCheckForTimeOut), (140 bytes).
    Removing tasks.o(.ARM.exidx.text.xTaskCheckForTimeOut), (8 bytes).
    Removing tasks.o(.text.vTaskMissedYield), (12 bytes).
    Removing tasks.o(.ARM.exidx.text.vTaskMissedYield), (8 bytes).
    Removing tasks.o(.text.uxTaskGetTaskNumber), (10 bytes).
    Removing tasks.o(.ARM.exidx.text.uxTaskGetTaskNumber), (8 bytes).
    Removing tasks.o(.text.vTaskSetTaskNumber), (6 bytes).
    Removing tasks.o(.ARM.exidx.text.vTaskSetTaskNumber), (8 bytes).
    Removing tasks.o(.ARM.exidx.text.eTaskConfirmSleepModeStatus), (8 bytes).
    Removing tasks.o(.text.vTaskGetInfo), (120 bytes).
    Removing tasks.o(.ARM.exidx.text.vTaskGetInfo), (8 bytes).
    Removing tasks.o(.text.prvTaskCheckFreeStackSpace), (18 bytes).
    Removing tasks.o(.ARM.exidx.text.prvTaskCheckFreeStackSpace), (8 bytes).
    Removing tasks.o(.text.uxTaskGetStackHighWaterMark2), (16 bytes).
    Removing tasks.o(.ARM.exidx.text.uxTaskGetStackHighWaterMark2), (8 bytes).
    Removing tasks.o(.text.uxTaskGetStackHighWaterMark), (20 bytes).
    Removing tasks.o(.ARM.exidx.text.uxTaskGetStackHighWaterMark), (8 bytes).
    Removing tasks.o(.text.xTaskGetCurrentTaskHandle), (12 bytes).
    Removing tasks.o(.ARM.exidx.text.xTaskGetCurrentTaskHandle), (8 bytes).
    Removing tasks.o(.text.xTaskGetSchedulerState), (28 bytes).
    Removing tasks.o(.ARM.exidx.text.xTaskGetSchedulerState), (8 bytes).
    Removing tasks.o(.text.xTaskPriorityInherit), (152 bytes).
    Removing tasks.o(.ARM.exidx.text.xTaskPriorityInherit), (8 bytes).
    Removing tasks.o(.text.xTaskPriorityDisinherit), (156 bytes).
    Removing tasks.o(.ARM.exidx.text.xTaskPriorityDisinherit), (8 bytes).
    Removing tasks.o(.text.vTaskPriorityDisinheritAfterTimeout), (156 bytes).
    Removing tasks.o(.ARM.exidx.text.vTaskPriorityDisinheritAfterTimeout), (8 bytes).
    Removing tasks.o(.text.uxTaskResetEventItemValue), (24 bytes).
    Removing tasks.o(.ARM.exidx.text.uxTaskResetEventItemValue), (8 bytes).
    Removing tasks.o(.text.pvTaskIncrementMutexHeldCount), (24 bytes).
    Removing tasks.o(.ARM.exidx.text.pvTaskIncrementMutexHeldCount), (8 bytes).
    Removing tasks.o(.text.ulTaskGenericNotifyTake), (120 bytes).
    Removing tasks.o(.ARM.exidx.text.ulTaskGenericNotifyTake), (8 bytes).
    Removing tasks.o(.text.xTaskGenericNotifyWait), (148 bytes).
    Removing tasks.o(.ARM.exidx.text.xTaskGenericNotifyWait), (8 bytes).
    Removing tasks.o(.text.xTaskGenericNotify), (284 bytes).
    Removing tasks.o(.ARM.exidx.text.xTaskGenericNotify), (8 bytes).
    Removing tasks.o(.text.xTaskGenericNotifyFromISR), (340 bytes).
    Removing tasks.o(.ARM.exidx.text.xTaskGenericNotifyFromISR), (8 bytes).
    Removing tasks.o(.text.vTaskGenericNotifyGiveFromISR), (276 bytes).
    Removing tasks.o(.ARM.exidx.text.vTaskGenericNotifyGiveFromISR), (8 bytes).
    Removing tasks.o(.text.xTaskGenericNotifyStateClear), (64 bytes).
    Removing tasks.o(.ARM.exidx.text.xTaskGenericNotifyStateClear), (8 bytes).
    Removing tasks.o(.text.ulTaskGenericNotifyValueClear), (40 bytes).
    Removing tasks.o(.ARM.exidx.text.ulTaskGenericNotifyValueClear), (8 bytes).
    Removing tasks.o(.ARM.exidx.text.prvGetExpectedIdleTime), (8 bytes).
    Removing tasks.o(.text.OUTLINED_FUNCTION_0), (38 bytes).
    Removing tasks.o(.ARM.exidx.text.OUTLINED_FUNCTION_0), (8 bytes).
    Removing tasks.o(.text.OUTLINED_FUNCTION_1), (8 bytes).
    Removing tasks.o(.ARM.exidx.text.OUTLINED_FUNCTION_1), (8 bytes).
    Removing tasks.o(.text.OUTLINED_FUNCTION_2), (32 bytes).
    Removing tasks.o(.ARM.exidx.text.OUTLINED_FUNCTION_2), (8 bytes).
    Removing tasks.o(.ARM.exidx.text.OUTLINED_FUNCTION_3), (8 bytes).
    Removing tasks.o(.ARM.exidx.text.OUTLINED_FUNCTION_4), (8 bytes).
    Removing tasks.o(.text.OUTLINED_FUNCTION_5), (10 bytes).
    Removing tasks.o(.ARM.exidx.text.OUTLINED_FUNCTION_5), (8 bytes).
    Removing tasks.o(.text.OUTLINED_FUNCTION_6), (10 bytes).
    Removing tasks.o(.ARM.exidx.text.OUTLINED_FUNCTION_6), (8 bytes).
    Removing tasks.o(.text.OUTLINED_FUNCTION_7), (8 bytes).
    Removing tasks.o(.ARM.exidx.text.OUTLINED_FUNCTION_7), (8 bytes).
    Removing tasks.o(.text.OUTLINED_FUNCTION_8), (6 bytes).
    Removing tasks.o(.ARM.exidx.text.OUTLINED_FUNCTION_8), (8 bytes).
    Removing tasks.o(.text.OUTLINED_FUNCTION_9), (6 bytes).
    Removing tasks.o(.ARM.exidx.text.OUTLINED_FUNCTION_9), (8 bytes).
    Removing tasks.o(.ARM.exidx.text.OUTLINED_FUNCTION_10), (8 bytes).
    Removing tasks.o(.text.OUTLINED_FUNCTION_11), (14 bytes).
    Removing tasks.o(.ARM.exidx.text.OUTLINED_FUNCTION_11), (8 bytes).
    Removing tasks.o(.text.OUTLINED_FUNCTION_12), (14 bytes).
    Removing tasks.o(.ARM.exidx.text.OUTLINED_FUNCTION_12), (8 bytes).

300 unused section(s) (total 10580 bytes) removed from the image.
