Component: Arm Compiler for Embedded 6.21 Tool: armlink [5ec1fa00]

==============================================================================

Section Cross References

    main.o(.text) refers (Special) to _printf_percent.o(.ARM.Collect$$_printf_percent$$00000000) for _printf_percent
    main.o(.text) refers (Special) to _printf_d.o(.ARM.Collect$$_printf_percent$$00000009) for _printf_d
    main.o(.text) refers (Special) to _printf_dec.o(.text) for _printf_int_dec
    main.o(.text.itoa) refers (Special) to _printf_percent.o(.ARM.Collect$$_printf_percent$$00000000) for _printf_percent
    main.o(.text.itoa) refers (Special) to _printf_d.o(.ARM.Collect$$_printf_percent$$00000009) for _printf_d
    main.o(.text.itoa) refers (Special) to _printf_dec.o(.text) for _printf_int_dec
    main.o(.ARM.exidx.text.itoa) refers (Special) to _printf_percent.o(.ARM.Collect$$_printf_percent$$00000000) for _printf_percent
    main.o(.ARM.exidx.text.itoa) refers (Special) to _printf_d.o(.ARM.Collect$$_printf_percent$$00000009) for _printf_d
    main.o(.ARM.exidx.text.itoa) refers (Special) to _printf_dec.o(.text) for _printf_int_dec
    main.o(.ARM.exidx.text.itoa) refers to main.o(.text.itoa) for [Anonymous Symbol]
    main.o(.text.UART5_init) refers (Special) to _printf_percent.o(.ARM.Collect$$_printf_percent$$00000000) for _printf_percent
    main.o(.text.UART5_init) refers (Special) to _printf_d.o(.ARM.Collect$$_printf_percent$$00000009) for _printf_d
    main.o(.text.UART5_init) refers (Special) to _printf_dec.o(.text) for _printf_int_dec
    main.o(.ARM.exidx.text.UART5_init) refers (Special) to _printf_percent.o(.ARM.Collect$$_printf_percent$$00000000) for _printf_percent
    main.o(.ARM.exidx.text.UART5_init) refers (Special) to _printf_d.o(.ARM.Collect$$_printf_percent$$00000009) for _printf_d
    main.o(.ARM.exidx.text.UART5_init) refers (Special) to _printf_dec.o(.text) for _printf_int_dec
    main.o(.ARM.exidx.text.UART5_init) refers to main.o(.text.UART5_init) for [Anonymous Symbol]
    main.o(.text.UART0_init) refers (Special) to _printf_percent.o(.ARM.Collect$$_printf_percent$$00000000) for _printf_percent
    main.o(.text.UART0_init) refers (Special) to _printf_d.o(.ARM.Collect$$_printf_percent$$00000009) for _printf_d
    main.o(.text.UART0_init) refers (Special) to _printf_dec.o(.text) for _printf_int_dec
    main.o(.ARM.exidx.text.UART0_init) refers (Special) to _printf_percent.o(.ARM.Collect$$_printf_percent$$00000000) for _printf_percent
    main.o(.ARM.exidx.text.UART0_init) refers (Special) to _printf_d.o(.ARM.Collect$$_printf_percent$$00000009) for _printf_d
    main.o(.ARM.exidx.text.UART0_init) refers (Special) to _printf_dec.o(.text) for _printf_int_dec
    main.o(.ARM.exidx.text.UART0_init) refers to main.o(.text.UART0_init) for [Anonymous Symbol]
    main.o(.text.Task1) refers (Special) to _printf_percent.o(.ARM.Collect$$_printf_percent$$00000000) for _printf_percent
    main.o(.text.Task1) refers (Special) to _printf_d.o(.ARM.Collect$$_printf_percent$$00000009) for _printf_d
    main.o(.text.Task1) refers (Special) to _printf_dec.o(.text) for _printf_int_dec
    main.o(.text.Task1) refers to tasks.o(.text.vTaskDelay) for vTaskDelay
    main.o(.text.Task1) refers to main.o(.bss..L_MergedGlobals) for [Anonymous Symbol]
    main.o(.ARM.exidx.text.Task1) refers (Special) to _printf_percent.o(.ARM.Collect$$_printf_percent$$00000000) for _printf_percent
    main.o(.ARM.exidx.text.Task1) refers (Special) to _printf_d.o(.ARM.Collect$$_printf_percent$$00000009) for _printf_d
    main.o(.ARM.exidx.text.Task1) refers (Special) to _printf_dec.o(.text) for _printf_int_dec
    main.o(.ARM.exidx.text.Task1) refers to main.o(.text.Task1) for [Anonymous Symbol]
    main.o(.text.Task2) refers (Special) to _printf_percent.o(.ARM.Collect$$_printf_percent$$00000000) for _printf_percent
    main.o(.text.Task2) refers (Special) to _printf_d.o(.ARM.Collect$$_printf_percent$$00000009) for _printf_d
    main.o(.text.Task2) refers (Special) to _printf_dec.o(.text) for _printf_int_dec
    main.o(.text.Task2) refers to queue.o(.text.xQueueGenericSend) for xQueueGenericSend
    main.o(.text.Task2) refers to tasks.o(.text.vTaskDelay) for vTaskDelay
    main.o(.text.Task2) refers to main.o(.bss..L_MergedGlobals) for [Anonymous Symbol]
    main.o(.ARM.exidx.text.Task2) refers (Special) to _printf_percent.o(.ARM.Collect$$_printf_percent$$00000000) for _printf_percent
    main.o(.ARM.exidx.text.Task2) refers (Special) to _printf_d.o(.ARM.Collect$$_printf_percent$$00000009) for _printf_d
    main.o(.ARM.exidx.text.Task2) refers (Special) to _printf_dec.o(.text) for _printf_int_dec
    main.o(.ARM.exidx.text.Task2) refers to main.o(.text.Task2) for [Anonymous Symbol]
    main.o(.text.UART_Write) refers (Special) to _printf_percent.o(.ARM.Collect$$_printf_percent$$00000000) for _printf_percent
    main.o(.text.UART_Write) refers (Special) to _printf_d.o(.ARM.Collect$$_printf_percent$$00000009) for _printf_d
[...]
262 unused section(s) (total 8786 bytes) removed from the image.

==============================================================================

Image Symbol Table

    Local Symbols

    Symbol Name                              Value     Ov Type        Size  Object(Section)

    ../clib/angel/boardlib.s                 0x00000000   Number         0  boardinit1.o ABSOLUTE
    ../clib/angel/boardlib.s                 0x00000000   Number         0  boardinit2.o ABSOLUTE
    ../clib/angel/boardlib.s                 0x00000000   Number         0  boardinit3.o ABSOLUTE
    ../clib/angel/boardlib.s                 0x00000000   Number         0  boardshut.o ABSOLUTE
    ../clib/angel/handlers.s                 0x00000000   Number         0  __scatter_copy.o ABSOLUTE
    ../clib/angel/handlers.s                 0x00000000   Number         0  __scatter_zi.o ABSOLUTE
    ../clib/angel/kernel.s                   0x00000000   Number         0  __rtentry.o ABSOLUTE
    ../clib/angel/kernel.s                   0x00000000   Number         0  __rtentry2.o ABSOLUTE
    ../clib/angel/kernel.s                   0x00000000   Number         0  __rtentry4.o ABSOLUTE
    ../clib/angel/kernel.s                   0x00000000   Number         0  rtexit.o ABSOLUTE
    ../clib/angel/kernel.s                   0x00000000   Number         0  rtexit2.o ABSOLUTE
    ../clib/angel/rt.s                       0x00000000   Number         0  rt_raise.o ABSOLUTE
    ../clib/angel/scatter.s                  0x00000000   Number         0  __scatter.o ABSOLUTE
    ../clib/angel/startup.s                  0x00000000   Number         0  __main.o ABSOLUTE
    ../clib/angel/sys.s                      0x00000000   Number         0  sys_stackheap_outer.o ABSOLUTE
    ../clib/angel/sys.s                      0x00000000   Number         0  libspace.o ABSOLUTE
    ../clib/angel/sys.s                      0x00000000   Number         0  use_no_semi.o ABSOLUTE
    ../clib/angel/sys.s                      0x00000000   Number         0  indicate_semi.o ABSOLUTE
    ../clib/angel/sysapp.c                   0x00000000   Number         0  sys_exit.o ABSOLUTE
    ../clib/angel/sysapp.c                   0x00000000   Number         0  sys_exit_hlt.o ABSOLUTE
    ../clib/angel/sysapp.c                   0x00000000   Number         0  sys_command.o ABSOLUTE
    ../clib/angel/sysapp.c                   0x00000000   Number         0  sys_command_hlt.o ABSOLUTE
    ../clib/angel/sysapp.c                   0x00000000   Number         0  sys_wrch.o ABSOLUTE
    ../clib/angel/sysapp.c                   0x00000000   Number         0  sys_wrch_hlt.o ABSOLUTE
    ../clib/armsys.c                         0x00000000   Number         0  argv_veneer.o ABSOLUTE
    ../clib/armsys.c                         0x00000000   Number         0  argv_veneer.o ABSOLUTE
    ../clib/armsys.c                         0x00000000   Number         0  _get_argv_nomalloc.o ABSOLUTE
    ../clib/armsys.c                         0x00000000   Number         0  no_argv.o ABSOLUTE
    ../clib/heapalloc.c                      0x00000000   Number         0  hrguard.o ABSOLUTE
    ../clib/heapaux.c                        0x00000000   Number         0  heapauxi.o ABSOLUTE
    ../clib/libinit.s                        0x00000000   Number         0  libinit.o ABSOLUTE
    ../clib/libinit.s                        0x00000000   Number         0  libinit2.o ABSOLUTE
    ../clib/libinit.s                        0x00000000   Number         0  libshutdown.o ABSOLUTE
    ../clib/libinit.s                        0x00000000   Number         0  libshutdown2.o ABSOLUTE
    ../clib/memcpset.s                       0x00000000   Number         0  rt_memcpy_v6.o ABSOLUTE
    ../clib/memcpset.s                       0x00000000   Number         0  aeabi_memset4.o ABSOLUTE
    ../clib/memcpset.s                       0x00000000   Number         0  rt_memclr.o ABSOLUTE
    ../clib/memcpset.s                       0x00000000   Number         0  rt_memcpy_w.o ABSOLUTE
    ../clib/memcpset.s                       0x00000000   Number         0  rt_memclr_w.o ABSOLUTE
    ../clib/printf.c                         0x00000000   Number         0  __2sprintf.o ABSOLUTE
    ../clib/printf.c                         0x00000000   Number         0  noretval__2sprintf.o ABSOLUTE
    ../clib/printf.c                         0x00000000   Number         0  __printf.o ABSOLUTE
    ../clib/printf.c                         0x00000000   Number         0  _printf_dec.o ABSOLUTE
    ../clib/printf.c                         0x00000000   Number         0  __printf_flags.o ABSOLUTE
    ../clib/printf.c                         0x00000000   Number         0  __printf_ss.o ABSOLUTE
    ../clib/printf.c                         0x00000000   Number         0  __printf_flags_ss.o ABSOLUTE
    ../clib/printf.c                         0x00000000   Number         0  __printf_wp.o ABSOLUTE
    ../clib/printf.c                         0x00000000   Number         0  __printf_flags_wp.o ABSOLUTE
    ../clib/printf.c                         0x00000000   Number         0  __printf_ss_wp.o ABSOLUTE
    ../clib/printf.c                         0x00000000   Number         0  __printf_flags_ss_wp.o ABSOLUTE
    ../clib/printf.c                         0x00000000   Number         0  _printf_intcommon.o ABSOLUTE
    ../clib/printf.c                         0x00000000   Number         0  _printf_char_common.o ABSOLUTE
    ../clib/printf.c                         0x00000000   Number         0  _sputc.o ABSOLUTE
    ../clib/printf.c                         0x00000000   Number         0  __printf_nopercent.o ABSOLUTE
    ../clib/printf_percent.s                 0x00000000   Number         0  _printf_d.o ABSOLUTE
    ../clib/printf_percent.s                 0x00000000   Number         0  _printf_percent.o ABSOLUTE
    ../clib/printf_percent.s                 0x00000000   Number         0  _printf_percent_end.o ABSOLUTE
    ../clib/signal.c                         0x00000000   Number         0  defsig_rtmem_outer.o ABSOLUTE
    ../clib/signal.c                         0x00000000   Number         0  defsig_rtmem_formal.o ABSOLUTE
    ../clib/signal.c                         0x00000000   Number         0  defsig_exit.o ABSOLUTE
    ../clib/signal.c                         0x00000000   Number         0  defsig_rtmem_inner.o ABSOLUTE
    ../clib/signal.c                         0x00000000   Number         0  __raise.o ABSOLUTE
    ../clib/signal.c                         0x00000000   Number         0  defsig_general.o ABSOLUTE
    ../clib/signal.c                         0x00000000   Number         0  defsig_abrt_inner.o ABSOLUTE
    ../clib/signal.c                         0x00000000   Number         0  defsig_fpe_inner.o ABSOLUTE
    ../clib/signal.c                         0x00000000   Number         0  defsig_rtred_inner.o ABSOLUTE
    ../clib/signal.c                         0x00000000   Number         0  defsig_stak_inner.o ABSOLUTE
    ../clib/signal.c                         0x00000000   Number         0  defsig_pvfn_inner.o ABSOLUTE
    ../clib/signal.c                         0x00000000   Number         0  defsig_cppl_inner.o ABSOLUTE
    ../clib/signal.c                         0x00000000   Number         0  defsig_segv_inner.o ABSOLUTE
    ../clib/signal.c                         0x00000000   Number         0  defsig_other.o ABSOLUTE
    ../clib/signal.s                         0x00000000   Number         0  defsig.o ABSOLUTE
    ../clib/stdlib.c                         0x00000000   Number         0  exit.o ABSOLUTE
    ../clib/string.c                         0x00000000   Number         0  strlen.o ABSOLUTE
    ../fplib/fpinit.s                        0x00000000   Number         0  fpinit.o ABSOLUTE
    DIO.c                                    0x00000000   Number         0  dio.o ABSOLUTE
    RTE/Device/TM4C123GH6PM/startup_TM4C123.s 0x00000000   Number         0  startup_tm4c123.o ABSOLUTE
    dc.s                                     0x00000000   Number         0  dc.o ABSOLUTE
    freertos_evr.c                           0x00000000   Number         0  freertos_evr.o ABSOLUTE
    heap_1.c                                 0x00000000   Number         0  heap_1.o ABSOLUTE
    list.c                                   0x00000000   Number         0  list.o ABSOLUTE
    main.c                                   0x00000000   Number         0  main.o ABSOLUTE
    port.c                                   0x00000000   Number         0  port.o ABSOLUTE
    queue.c                                  0x00000000   Number         0  queue.o ABSOLUTE
    system_TM4C123.c                         0x00000000   Number         0  system_tm4c123.o ABSOLUTE
    tasks.c                                  0x00000000   Number         0  tasks.o ABSOLUTE
    RESET                                    0x00000000   Section      620  startup_tm4c123.o(RESET)
    !!!main                                  0x0000026c   Section        8  __main.o(!!!main)
    !!!scatter                               0x00000274   Section       92  __scatter.o(!!!scatter)
    !!handler_copy                           0x000002d0   Section       26  __scatter_copy.o(!!handler_copy)
    !!handler_null                           0x000002ec   Section        2  __scatter.o(!!handler_null)
    !!handler_zi                             0x000002f0   Section       28  __scatter_zi.o(!!handler_zi)
    .ARM.Collect$$_printf_percent$$00000000  0x0000030c   Section        0  _printf_percent.o(.ARM.Collect$$_printf_percent$$00000000)
    .ARM.Collect$$_printf_percent$$00000009  0x0000030c   Section        6  _printf_d.o(.ARM.Collect$$_printf_percent$$00000009)
    .ARM.Collect$$_printf_percent$$00000017  0x00000312   Section        4  _printf_percent_end.o(.ARM.Collect$$_printf_percent$$00000017)
    .ARM.Collect$$libinit$$00000000          0x00000316   Section        2  libinit.o(.ARM.Collect$$libinit$$00000000)
    .ARM.Collect$$libinit$$00000001          0x00000318   Section        4  libinit2.o(.ARM.Collect$$libinit$$00000001)
    .ARM.Collect$$libinit$$00000004          0x0000031c   Section        0  libinit2.o(.ARM.Collect$$libinit$$00000004)
    .ARM.Collect$$libinit$$00000006          0x0000031c   Section        0  libinit2.o(.ARM.Collect$$libinit$$00000006)
    .ARM.Collect$$libinit$$0000000C          0x0000031c   Section        0  libinit2.o(.ARM.Collect$$libinit$$0000000C)
    .ARM.Collect$$libinit$$0000000E          0x0000031c   Section        0  libinit2.o(.ARM.Collect$$libinit$$0000000E)
    .ARM.Collect$$libinit$$00000010          0x0000031c   Section        0  libinit2.o(.ARM.Collect$$libinit$$00000010)
    .ARM.Collect$$libinit$$00000013          0x0000031c   Section        0  libinit2.o(.ARM.Collect$$libinit$$00000013)
    .ARM.Collect$$libinit$$00000015          0x0000031c   Section        0  libinit2.o(.ARM.Collect$$libinit$$00000015)
    .ARM.Collect$$libinit$$00000017          0x0000031c   Section        0  libinit2.o(.ARM.Collect$$libinit$$00000017)
    .ARM.Collect$$libinit$$00000019          0x0000031c   Section        0  libinit2.o(.ARM.Collect$$libinit$$00000019)
    .ARM.Collect$$libinit$$0000001B          0x0000031c   Section        0  libinit2.o(.ARM.Collect$$libinit$$0000001B)
    .ARM.Collect$$libinit$$0000001D          0x0000031c   Section        0  libinit2.o(.ARM.Collect$$libinit$$0000001D)
    .ARM.Collect$$libinit$$0000001F          0x0000031c   Section        0  libinit2.o(.ARM.Collect$$libinit$$0000001F)
    .ARM.Collect$$libinit$$00000021          0x0000031c   Section        0  libinit2.o(.ARM.Collect$$libinit$$00000021)
    .ARM.Collect$$libinit$$00000023          0x0000031c   Section        0  libinit2.o(.ARM.Collect$$libinit$$00000023)
    .ARM.Collect$$libinit$$00000025          0x0000031c   Section        0  libinit2.o(.ARM.Collect$$libinit$$00000025)
    .ARM.Collect$$libinit$$00000027          0x0000031c   Section        0  libinit2.o(.ARM.Collect$$libinit$$00000027)
    .ARM.Collect$$libinit$$0000002E          0x0000031c   Section        0  libinit2.o(.ARM.Collect$$libinit$$0000002E)
    .ARM.Collect$$libinit$$00000030          0x0000031c   Section        0  libinit2.o(.ARM.Collect$$libinit$$00000030)
    .ARM.Collect$$libinit$$00000032          0x0000031c   Section        0  libinit2.o(.ARM.Collect$$libinit$$00000032)
    .ARM.Collect$$libinit$$00000034          0x0000031c   Section        0  libinit2.o(.ARM.Collect$$libinit$$00000034)
    .ARM.Collect$$libinit$$00000035          0x0000031c   Section        2  libinit2.o(.ARM.Collect$$libinit$$00000035)
    .ARM.Collect$$libshutdown$$00000000      0x0000031e   Section        2  libshutdown.o(.ARM.Collect$$libshutdown$$00000000)
    .ARM.Collect$$libshutdown$$00000002      0x00000320   Section        0  libshutdown2.o(.ARM.Collect$$libshutdown$$00000002)
    .ARM.Collect$$libshutdown$$00000004      0x00000320   Section        0  libshutdown2.o(.ARM.Collect$$libshutdown$$00000004)
    .ARM.Collect$$libshutdown$$00000007      0x00000320   Section        0  libshutdown2.o(.ARM.Collect$$libshutdown$$00000007)
    .ARM.Collect$$libshutdown$$0000000A      0x00000320   Section        0  libshutdown2.o(.ARM.Collect$$libshutdown$$0000000A)
    .ARM.Collect$$libshutdown$$0000000C      0x00000320   Section        0  libshutdown2.o(.ARM.Collect$$libshutdown$$0000000C)
    .ARM.Collect$$libshutdown$$0000000F      0x00000320   Section        0  libshutdown2.o(.ARM.Collect$$libshutdown$$0000000F)
    .ARM.Collect$$libshutdown$$00000010      0x00000320   Section        2  libshutdown2.o(.ARM.Collect$$libshutdown$$00000010)
    .ARM.Collect$$rtentry$$00000000          0x00000322   Section        0  __rtentry.o(.ARM.Collect$$rtentry$$00000000)
    .ARM.Collect$$rtentry$$00000002          0x00000322   Section        0  __rtentry2.o(.ARM.Collect$$rtentry$$00000002)
    .ARM.Collect$$rtentry$$00000004          0x00000322   Section        6  __rtentry4.o(.ARM.Collect$$rtentry$$00000004)
    .ARM.Collect$$rtentry$$00000009          0x00000328   Section        0  __rtentry2.o(.ARM.Collect$$rtentry$$00000009)
    .ARM.Collect$$rtentry$$0000000A          0x00000328   Section        4  __rtentry2.o(.ARM.Collect$$rtentry$$0000000A)
    .ARM.Collect$$rtentry$$0000000C          0x0000032c   Section        0  __rtentry2.o(.ARM.Collect$$rtentry$$0000000C)
    .ARM.Collect$$rtentry$$0000000D          0x0000032c   Section        8  __rtentry2.o(.ARM.Collect$$rtentry$$0000000D)
    .ARM.Collect$$rtexit$$00000000           0x00000334   Section        2  rtexit.o(.ARM.Collect$$rtexit$$00000000)
    .ARM.Collect$$rtexit$$00000002           0x00000336   Section        0  rtexit2.o(.ARM.Collect$$rtexit$$00000002)
    .ARM.Collect$$rtexit$$00000003           0x00000336   Section        4  rtexit2.o(.ARM.Collect$$rtexit$$00000003)
    .ARM.Collect$$rtexit$$00000004           0x0000033a   Section        6  rtexit2.o(.ARM.Collect$$rtexit$$00000004)
    $v0                                      0x00000340   Number         0  startup_tm4c123.o(.text)
    .text                                    0x00000340   Section      276  startup_tm4c123.o(.text)
    .text                                    0x00000454   Section        0  noretval__2sprintf.o(.text)
    .text                                    0x0000047c   Section        0  __printf.o(.text)
    .text                                    0x000004e4   Section        0  _printf_dec.o(.text)
    .text                                    0x0000055c   Section      138  rt_memcpy_v6.o(.text)
    .text                                    0x000005e6   Section       16  aeabi_memset4.o(.text)
    .text                                    0x000005f6   Section       68  rt_memclr.o(.text)
    .text                                    0x0000063a   Section        0  heapauxi.o(.text)
    .text                                    0x00000640   Section        0  _printf_intcommon.o(.text)
    _printf_input_char                       0x000006f5   Thumb Code    10  _printf_char_common.o(.text)
    .text                                    0x000006f4   Section        0  _printf_char_common.o(.text)
    .text                                    0x00000724   Section        0  _sputc.o(.text)
    .text                                    0x0000072e   Section      100  rt_memcpy_w.o(.text)
    .text                                    0x00000792   Section       78  rt_memclr_w.o(.text)
    .text                                    0x000007e0   Section       74  sys_stackheap_outer.o(.text)
    .text                                    0x0000082a   Section        0  exit.o(.text)
    .text                                    0x0000083c   Section        8  libspace.o(.text)
    .text                                    0x00000844   Section        0  sys_exit.o(.text)
    .text                                    0x00000850   Section        2  use_no_semi.o(.text)
    [Anonymous Symbol]                       0x00000852   Section        0  main.o(.text.Init)
    .text                                    0x00000852   Section        0  indicate_semi.o(.text)
    OUTLINED_FUNCTION_0                      0x00000861   Thumb Code    10  main.o(.text.OUTLINED_FUNCTION_0)
    [Anonymous Symbol]                       0x00000860   Section        0  main.o(.text.OUTLINED_FUNCTION_0)
    OUTLINED_FUNCTION_0                      0x0000086b   Thumb Code     6  queue.o(.text.OUTLINED_FUNCTION_0)
    [Anonymous Symbol]                       0x0000086a   Section        0  queue.o(.text.OUTLINED_FUNCTION_0)
    OUTLINED_FUNCTION_1                      0x00000871   Thumb Code     8  queue.o(.text.OUTLINED_FUNCTION_1)
    [Anonymous Symbol]                       0x00000870   Section        0  queue.o(.text.OUTLINED_FUNCTION_1)
    OUTLINED_FUNCTION_1                      0x00000879   Thumb Code     8  tasks.o(.text.OUTLINED_FUNCTION_1)
    [Anonymous Symbol]                       0x00000878   Section        0  tasks.o(.text.OUTLINED_FUNCTION_1)
    OUTLINED_FUNCTION_10                     0x00000881   Thumb Code    14  tasks.o(.text.OUTLINED_FUNCTION_10)
    [Anonymous Symbol]                       0x00000880   Section        0  tasks.o(.text.OUTLINED_FUNCTION_10)
    OUTLINED_FUNCTION_11                     0x0000088f   Thumb Code    14  tasks.o(.text.OUTLINED_FUNCTION_11)
    [Anonymous Symbol]                       0x0000088e   Section        0  tasks.o(.text.OUTLINED_FUNCTION_11)
    OUTLINED_FUNCTION_12                     0x0000089d   Thumb Code    14  tasks.o(.text.OUTLINED_FUNCTION_12)
    [Anonymous Symbol]                       0x0000089c   Section        0  tasks.o(.text.OUTLINED_FUNCTION_12)
    OUTLINED_FUNCTION_2                      0x000008ab   Thumb Code     6  queue.o(.text.OUTLINED_FUNCTION_2)
    [Anonymous Symbol]                       0x000008aa   Section        0  queue.o(.text.OUTLINED_FUNCTION_2)
    OUTLINED_FUNCTION_3                      0x000008b1   Thumb Code     6  queue.o(.text.OUTLINED_FUNCTION_3)
    [Anonymous Symbol]                       0x000008b0   Section        0  queue.o(.text.OUTLINED_FUNCTION_3)
    OUTLINED_FUNCTION_3                      0x000008b7   Thumb Code    26  tasks.o(.text.OUTLINED_FUNCTION_3)
    [Anonymous Symbol]                       0x000008b6   Section        0  tasks.o(.text.OUTLINED_FUNCTION_3)
    OUTLINED_FUNCTION_4                      0x000008d1   Thumb Code    16  queue.o(.text.OUTLINED_FUNCTION_4)
    [Anonymous Symbol]                       0x000008d0   Section        0  queue.o(.text.OUTLINED_FUNCTION_4)
    OUTLINED_FUNCTION_4                      0x000008e1   Thumb Code     8  tasks.o(.text.OUTLINED_FUNCTION_4)
    [Anonymous Symbol]                       0x000008e0   Section        0  tasks.o(.text.OUTLINED_FUNCTION_4)
    OUTLINED_FUNCTION_5                      0x000008e9   Thumb Code     6  queue.o(.text.OUTLINED_FUNCTION_5)
    [Anonymous Symbol]                       0x000008e8   Section        0  queue.o(.text.OUTLINED_FUNCTION_5)
    OUTLINED_FUNCTION_5                      0x000008ef   Thumb Code    10  tasks.o(.text.OUTLINED_FUNCTION_5)
    [Anonymous Symbol]                       0x000008ee   Section        0  tasks.o(.text.OUTLINED_FUNCTION_5)
    OUTLINED_FUNCTION_6                      0x000008f9   Thumb Code     8  queue.o(.text.OUTLINED_FUNCTION_6)
    [Anonymous Symbol]                       0x000008f8   Section        0  queue.o(.text.OUTLINED_FUNCTION_6)
    OUTLINED_FUNCTION_7                      0x00000901   Thumb Code     6  queue.o(.text.OUTLINED_FUNCTION_7)
    [Anonymous Symbol]                       0x00000900   Section        0  queue.o(.text.OUTLINED_FUNCTION_7)
    [Anonymous Symbol]                       0x00000910   Section        0  port.o(.text.PendSV_Handler)
    pxCurrentTCBConst                        0x00000970   Number         0  port.o(.text.PendSV_Handler)
    [Anonymous Symbol]                       0x00000980   Section        0  port.o(.text.SVC_Handler)
    pxCurrentTCBConst2                       0x000009a0   Number         0  port.o(.text.SVC_Handler)
    [Anonymous Symbol]                       0x000009a4   Section        0  port.o(.text.SysTick_Handler)
    [Anonymous Symbol]                       0x000009cc   Section        0  system_tm4c123.o(.text.SystemInit)
    __arm_cp.2_0                             0x000009d8   Number         4  system_tm4c123.o(.text.SystemInit)
    [Anonymous Symbol]                       0x000009dc   Section        0  main.o(.text.Task1)
    [Anonymous Symbol]                       0x00000a04   Section        0  main.o(.text.Task2)
    __arm_cp.4_0                             0x00000a34   Number         4  main.o(.text.Task2)
    [Anonymous Symbol]                       0x00000a38   Section        0  main.o(.text.Task3)
    __arm_cp.7_0                             0x00000a8c   Number         4  main.o(.text.Task3)
    __arm_cp.7_2                             0x00000aa0   Number         4  main.o(.text.Task3)
    [Anonymous Symbol]                       0x00000aa4   Section        0  main.o(.text.UART0_init)
    __arm_cp.2_0                             0x00000af0   Number         4  main.o(.text.UART0_init)
    __arm_cp.2_1                             0x00000af4   Number         4  main.o(.text.UART0_init)
    __arm_cp.2_2                             0x00000af8   Number         4  main.o(.text.UART0_init)
    __arm_cp.2_3                             0x00000afc   Number         4  main.o(.text.UART0_init)
    [Anonymous Symbol]                       0x00000b00   Section        0  main.o(.text.UART_Write)
    __arm_cp.5_0                             0x00000b0c   Number         4  main.o(.text.UART_Write)
    [Anonymous Symbol]                       0x00000b10   Section        0  main.o(.text.UART_Write_String)
    [Anonymous Symbol]                       0x00000b24   Section        0  tasks.o(.text.eTaskConfirmSleepModeStatus)
    [Anonymous Symbol]                       0x00000b48   Section        0  main.o(.text.main)
    __arm_cp.10_0                            0x00000b88   Number         4  main.o(.text.main)
    __arm_cp.10_1                            0x00000b8c   Number         4  main.o(.text.main)
    __arm_cp.10_3                            0x00000b94   Number         4  main.o(.text.main)
    __arm_cp.10_4                            0x00000b98   Number         4  main.o(.text.main)
    __arm_cp.10_6                            0x00000ba0   Number         4  main.o(.text.main)
    prvAddCurrentTaskToDelayedList           0x00000bad   Thumb Code   152  tasks.o(.text.prvAddCurrentTaskToDelayedList)
    [Anonymous Symbol]                       0x00000bac   Section        0  tasks.o(.text.prvAddCurrentTaskToDelayedList)
    prvCopyDataFromQueue                     0x00000c45   Thumb Code    36  queue.o(.text.prvCopyDataFromQueue)
    [Anonymous Symbol]                       0x00000c44   Section        0  queue.o(.text.prvCopyDataFromQueue)
    prvCopyDataToQueue                       0x00000c69   Thumb Code   112  queue.o(.text.prvCopyDataToQueue)
    [Anonymous Symbol]                       0x00000c68   Section        0  queue.o(.text.prvCopyDataToQueue)
    prvDeleteTCB                             0x00000cd9   Thumb Code    20  tasks.o(.text.prvDeleteTCB)
    [Anonymous Symbol]                       0x00000cd8   Section        0  tasks.o(.text.prvDeleteTCB)
    prvGetExpectedIdleTime                   0x00000ced   Thumb Code    40  tasks.o(.text.prvGetExpectedIdleTime)
    [Anonymous Symbol]                       0x00000cec   Section        0  tasks.o(.text.prvGetExpectedIdleTime)
    __arm_cp.62_1                            0x00000d14   Number         4  tasks.o(.text.prvGetExpectedIdleTime)
    prvIdleTask                              0x00000d19   Thumb Code   132  tasks.o(.text.prvIdleTask)
    [Anonymous Symbol]                       0x00000d18   Section        0  tasks.o(.text.prvIdleTask)
    __arm_cp.18_1                            0x00000d9c   Number         4  tasks.o(.text.prvIdleTask)
    __arm_cp.18_2                            0x00000da0   Number         4  tasks.o(.text.prvIdleTask)
    prvIsQueueEmpty                          0x00000da5   Thumb Code    22  queue.o(.text.prvIsQueueEmpty)
    [Anonymous Symbol]                       0x00000da4   Section        0  queue.o(.text.prvIsQueueEmpty)
    prvNotifyQueueSetContainer               0x00000dbb   Thumb Code   144  queue.o(.text.prvNotifyQueueSetContainer)
    [Anonymous Symbol]                       0x00000dba   Section        0  queue.o(.text.prvNotifyQueueSetContainer)
    prvPortStartFirstTask                    0x00000e4d   Thumb Code    40  port.o(.text.prvPortStartFirstTask)
    [Anonymous Symbol]                       0x00000e4c   Section        0  port.o(.text.prvPortStartFirstTask)
    prvResetNextTaskUnblockTime              0x00000e75   Thumb Code    24  tasks.o(.text.prvResetNextTaskUnblockTime)
    [Anonymous Symbol]                       0x00000e74   Section        0  tasks.o(.text.prvResetNextTaskUnblockTime)
    __arm_cp.2_0                             0x00000e8c   Number         4  tasks.o(.text.prvResetNextTaskUnblockTime)
    prvTaskExitError                         0x00000e91   Thumb Code    44  port.o(.text.prvTaskExitError)
    [Anonymous Symbol]                       0x00000e90   Section        0  port.o(.text.prvTaskExitError)
    prvUnlockQueue                           0x00000ebd   Thumb Code   110  queue.o(.text.prvUnlockQueue)
    [Anonymous Symbol]                       0x00000ebc   Section        0  queue.o(.text.prvUnlockQueue)
    [Anonymous Symbol]                       0x00000f2c   Section        0  main.o(.text.psh_btn_init)
    __arm_cp.8_0                             0x00000f60   Number         4  main.o(.text.psh_btn_init)
    __arm_cp.8_1                             0x00000f64   Number         4  main.o(.text.psh_btn_init)
    __arm_cp.8_2                             0x00000f68   Number         4  main.o(.text.psh_btn_init)
    __arm_cp.8_3                             0x00000f6c   Number         4  main.o(.text.psh_btn_init)
    [Anonymous Symbol]                       0x00000f70   Section        0  heap_1.o(.text.pvPortMalloc)
    __arm_cp.0_0                             0x00000fc0   Number         4  heap_1.o(.text.pvPortMalloc)
    __arm_cp.0_1                             0x00000fc4   Number         4  heap_1.o(.text.pvPortMalloc)
    [Anonymous Symbol]                       0x00000fc8   Section        0  port.o(.text.pxPortInitialiseStack)
    __arm_cp.0_0                             0x00000fe8   Number         4  port.o(.text.pxPortInitialiseStack)
    [Anonymous Symbol]                       0x00000fec   Section        0  list.o(.text.uxListRemove)
    [Anonymous Symbol]                       0x00001010   Section        0  tasks.o(.text.uxTaskGetNumberOfTasks)
    __arm_cp.23_0                            0x00001018   Number         4  tasks.o(.text.uxTaskGetNumberOfTasks)
    [Anonymous Symbol]                       0x0000101c   Section        0  list.o(.text.vListInitialise)
    [Anonymous Symbol]                       0x00001032   Section        0  list.o(.text.vListInitialiseItem)
    [Anonymous Symbol]                       0x00001038   Section        0  list.o(.text.vListInsert)
    vPortEnableVFP                           0x00001069   Thumb Code    20  port.o(.text.vPortEnableVFP)
    [Anonymous Symbol]                       0x00001068   Section        0  port.o(.text.vPortEnableVFP)
    [Anonymous Symbol]                       0x0000107c   Section        0  port.o(.text.vPortEnterCritical)
    __arm_cp.8_1                             0x000010b4   Number         4  port.o(.text.vPortEnterCritical)
    [Anonymous Symbol]                       0x000010b8   Section        0  port.o(.text.vPortExitCritical)
    __arm_cp.9_0                             0x000010e0   Number         4  port.o(.text.vPortExitCritical)
    [Anonymous Symbol]                       0x000010e4   Section        0  heap_1.o(.text.vPortFree)
    [Anonymous Symbol]                       0x000010fc   Section        0  port.o(.text.vPortSetupTimerInterrupt)
    __arm_cp.4_1                             0x00001134   Number         4  port.o(.text.vPortSetupTimerInterrupt)
    [Anonymous Symbol]                       0x00001138   Section        0  port.o(.text.vPortSuppressTicksAndSleep)
    __arm_cp.12_1                            0x00001214   Number         4  port.o(.text.vPortSuppressTicksAndSleep)
    [Anonymous Symbol]                       0x00001218   Section        0  tasks.o(.text.vTaskDelay)
    __arm_cp.8_0                             0x00001258   Number         4  tasks.o(.text.vTaskDelay)
    __arm_cp.8_1                             0x0000125c   Number         4  tasks.o(.text.vTaskDelay)
    [Anonymous Symbol]                       0x00001260   Section        0  tasks.o(.text.vTaskInternalSetTimeOutState)
    [Anonymous Symbol]                       0x0000126c   Section        0  tasks.o(.text.vTaskMissedYield)
    [Anonymous Symbol]                       0x00001274   Section        0  tasks.o(.text.vTaskPlaceOnEventList)
    [Anonymous Symbol]                       0x000012a4   Section        0  tasks.o(.text.vTaskStartScheduler)
    __arm_cp.17_0                            0x00001304   Number         4  tasks.o(.text.vTaskStartScheduler)
    __arm_cp.17_1                            0x00001308   Number         4  tasks.o(.text.vTaskStartScheduler)
    __arm_cp.17_3                            0x00001314   Number         4  tasks.o(.text.vTaskStartScheduler)
    [Anonymous Symbol]                       0x00001318   Section        0  tasks.o(.text.vTaskStepTick)
    [Anonymous Symbol]                       0x00001388   Section        0  tasks.o(.text.vTaskSuspendAll)
    __arm_cp.5_0                             0x00001394   Number         4  tasks.o(.text.vTaskSuspendAll)
    __tagsym$$used.0                         0x00001398   Number         0  tasks.o(.text.vTaskSwitchContext)
    [Anonymous Symbol]                       0x00001398   Section        0  tasks.o(.text.vTaskSwitchContext)
    __arm_cp.14_0                            0x000013f0   Number         4  tasks.o(.text.vTaskSwitchContext)
    __arm_cp.14_1                            0x000013f4   Number         4  tasks.o(.text.vTaskSwitchContext)
    __arm_cp.14_2                            0x000013f8   Number         4  tasks.o(.text.vTaskSwitchContext)
    [Anonymous Symbol]                       0x000013fc   Section        0  port.o(.text.xPortStartScheduler)
    __arm_cp.3_0                             0x000014c8   Number         4  port.o(.text.xPortStartScheduler)
    __arm_cp.3_1                             0x000014cc   Number         4  port.o(.text.xPortStartScheduler)
    __arm_cp.3_2                             0x000014d0   Number         4  port.o(.text.xPortStartScheduler)
    __arm_cp.3_3                             0x000014d4   Number         4  port.o(.text.xPortStartScheduler)
    __arm_cp.3_4                             0x000014d8   Number         4  port.o(.text.xPortStartScheduler)
    __arm_cp.3_5                             0x000014dc   Number         4  port.o(.text.xPortStartScheduler)
    [Anonymous Symbol]                       0x000014e0   Section        0  queue.o(.text.xQueueGenericCreate)
    [Anonymous Symbol]                       0x00001538   Section        0  queue.o(.text.xQueueGenericReset)
    __arm_cp.0_0                             0x000015d0   Number         4  queue.o(.text.xQueueGenericReset)
    [Anonymous Symbol]                       0x000015d4   Section        0  queue.o(.text.xQueueGenericSend)
    [Anonymous Symbol]                       0x00001768   Section        0  queue.o(.text.xQueueReceive)
    __arm_cp.15_0                            0x00001898   Number         4  queue.o(.text.xQueueReceive)
    [Anonymous Symbol]                       0x0000189c   Section        0  tasks.o(.text.xTaskCheckForTimeOut)
    [Anonymous Symbol]                       0x00001920   Section        0  tasks.o(.text.xTaskCreate)
    __arm_cp.0_3                             0x00001aa8   Number         4  tasks.o(.text.xTaskCreate)
    __arm_cp.0_4                             0x00001aac   Number         4  tasks.o(.text.xTaskCreate)
    __arm_cp.0_5                             0x00001ab0   Number         4  tasks.o(.text.xTaskCreate)
    [Anonymous Symbol]                       0x00001ab4   Section        0  tasks.o(.text.xTaskGetSchedulerState)
    [Anonymous Symbol]                       0x00001acc   Section        0  tasks.o(.text.xTaskIncrementTick)
    [Anonymous Symbol]                       0x00001bec   Section        0  tasks.o(.text.xTaskPriorityDisinherit)
    __arm_cp.51_0                            0x00001c7c   Number         4  tasks.o(.text.xTaskPriorityDisinherit)
    __arm_cp.51_1                            0x00001c80   Number         4  tasks.o(.text.xTaskPriorityDisinherit)
    [Anonymous Symbol]                       0x00001c84   Section        0  tasks.o(.text.xTaskRemoveFromEventList)
    __arm_cp.35_0                            0x00001d40   Number         4  tasks.o(.text.xTaskRemoveFromEventList)
    __arm_cp.35_1                            0x00001d44   Number         4  tasks.o(.text.xTaskRemoveFromEventList)
    [Anonymous Symbol]                       0x00001d48   Section        0  tasks.o(.text.xTaskResumeAll)
    __arm_cp.7_0                             0x00001e54   Number         4  tasks.o(.text.xTaskResumeAll)
    __arm_cp.7_1                             0x00001e58   Number         4  tasks.o(.text.xTaskResumeAll)
    __arm_cp.7_2                             0x00001e5c   Number         4  tasks.o(.text.xTaskResumeAll)
    __arm_cp.7_3                             0x00001e60   Number         4  tasks.o(.text.xTaskResumeAll)
    $v0                                      0x00001e64   Number         0  fpinit.o(x$fpl$fpinit)
    x$fpl$fpinit                             0x00001e64   Section       26  fpinit.o(x$fpl$fpinit)
    uxCriticalNesting                        0x20000004   Data           4  port.o(.data.uxCriticalNesting)
    [Anonymous Symbol]                       0x20000004   Section        0  port.o(.data.uxCriticalNesting)
    .bss                                     0x20000008   Section       96  libspace.o(.bss)
    [Anonymous Symbol]                       0x20000068   Section        0  main.o(.bss..L_MergedGlobals)
    ucMaxSysCallPriority                     0x20000070   Data           1  port.o(.bss..L_MergedGlobals)
    [Anonymous Symbol]                       0x20000070   Section        0  port.o(.bss..L_MergedGlobals)
    ulStoppedTimerCompensation               0x20000074   Data           1  port.o(.bss..L_MergedGlobals)
    ulMaxPRIGROUPValue                       0x20000078   Data           4  port.o(.bss..L_MergedGlobals)
    xMaximumPossibleSuppressedTicks          0x2000007c   Data           4  port.o(.bss..L_MergedGlobals)
    ulTimerCountsForOneTick                  0x20000080   Data           4  port.o(.bss..L_MergedGlobals)
    pvPortMalloc.pucAlignedHeap              0x20000084   Data           4  heap_1.o(.bss..L_MergedGlobals)
    [Anonymous Symbol]                       0x20000084   Section        0  heap_1.o(.bss..L_MergedGlobals)
    xNextFreeByte                            0x20000088   Data           4  heap_1.o(.bss..L_MergedGlobals)
    uxTopReadyPriority                       0x2000008c   Data           4  tasks.o(.bss..L_MergedGlobals)
    [Anonymous Symbol]                       0x2000008c   Section        0  tasks.o(.bss..L_MergedGlobals)
    uxTaskNumber                             0x20000090   Data           4  tasks.o(.bss..L_MergedGlobals)
    uxDeletedTasksWaitingCleanUp             0x20000094   Data           4  tasks.o(.bss..L_MergedGlobals)
    uxCurrentNumberOfTasks                   0x20000098   Data           4  tasks.o(.bss..L_MergedGlobals)
    xSchedulerRunning                        0x2000009c   Data           4  tasks.o(.bss..L_MergedGlobals)
    uxSchedulerSuspended                     0x200000a0   Data           4  tasks.o(.bss..L_MergedGlobals)
    xTickCount                               0x200000a4   Data           4  tasks.o(.bss..L_MergedGlobals)
    pxDelayedTaskList                        0x200000a8   Data           4  tasks.o(.bss..L_MergedGlobals)
    pxOverflowDelayedTaskList                0x200000ac   Data           4  tasks.o(.bss..L_MergedGlobals)
    xYieldPending                            0x200000b0   Data           4  tasks.o(.bss..L_MergedGlobals)
    xIdleTaskHandle                          0x200000b4   Data           4  tasks.o(.bss..L_MergedGlobals)
    xNextTaskUnblockTime                     0x200000b8   Data           4  tasks.o(.bss..L_MergedGlobals)
    xPendedTicks                             0x200000bc   Data           4  tasks.o(.bss..L_MergedGlobals)
    xNumOfOverflows                          0x200000c0   Data           4  tasks.o(.bss..L_MergedGlobals)
    xTasksWaitingTermination                 0x200000c4   Data          20  tasks.o(.bss..L_MergedGlobals)
    xSuspendedTaskList                       0x200000d8   Data          20  tasks.o(.bss..L_MergedGlobals)
    xPendingReadyList                        0x200000ec   Data          20  tasks.o(.bss..L_MergedGlobals)
    xDelayedTaskList1                        0x20000100   Data          20  tasks.o(.bss..L_MergedGlobals.1)
    [Anonymous Symbol]                       0x20000100   Section        0  tasks.o(.bss..L_MergedGlobals.1)
    xDelayedTaskList2                        0x20000114   Data          20  tasks.o(.bss..L_MergedGlobals.1)
    __tagsym$$used.1                         0x20000128   Number         0  tasks.o(.bss.pxCurrentTCB)
    pxReadyTasksLists                        0x2000012c   Data         100  tasks.o(.bss.pxReadyTasksLists)
    [Anonymous Symbol]                       0x2000012c   Section        0  tasks.o(.bss.pxReadyTasksLists)
    ucHeap                                   0x20000190   Data        4096  heap_1.o(.bss.ucHeap)
    [Anonymous Symbol]                       0x20000190   Section        0  heap_1.o(.bss.ucHeap)
    Heap_Mem                                 0x20001190   Data           0  startup_tm4c123.o(HEAP)
    Stack_Mem                                0x20001190   Data         512  startup_tm4c123.o(STACK)
    HEAP                                     0x20001190   Section        0  startup_tm4c123.o(HEAP)
    STACK                                    0x20001190   Section      512  startup_tm4c123.o(STACK)
    __initial_sp                             0x20001390   Data           0  startup_tm4c123.o(STACK)

    Global Symbols

    Symbol Name                              Value     Ov Type        Size  Object(Section)

    BuildAttributes$$THM_ISAv4$E$P$D$K$B$S$7EM$VFPi3$EXTD16$VFPS$VFMA$PE$A:L22UL41UL21$X:L11$S22US41US21$IEEE1$IW$~IW$USESV6$~STKCKD$USESV7$~SHL$OSPACE$ROPI$EBA8$UX$STANDARDLIB$REQ8$PRES8$EABIv2 0x00000000   Number         0  anon$$obj.o ABSOLUTE
    __Vectors                                0x00000000   Data           4  startup_tm4c123.o(RESET)
    __ARM_exceptions_init                     - Undefined Weak Reference
    __alloca_initialize                       - Undefined Weak Reference
    __arm_preinit_                            - Undefined Weak Reference
    __arm_relocate_pie_                       - Undefined Weak Reference
    __cpp_initialize__aeabi_                  - Undefined Weak Reference
    __cxa_finalize                            - Undefined Weak Reference
    __rt_locale                               - Undefined Weak Reference
    __sigvec_lookup                           - Undefined Weak Reference
    _atexit_init                              - Undefined Weak Reference
    _call_atexit_fns                          - Undefined Weak Reference
    _clock_init                               - Undefined Weak Reference
    _fp_trap_init                             - Undefined Weak Reference
    _fp_trap_shutdown                         - Undefined Weak Reference
    _get_lc_collate                           - Undefined Weak Reference
    _get_lc_ctype                             - Undefined Weak Reference
    _get_lc_monetary                          - Undefined Weak Reference
    _get_lc_numeric                           - Undefined Weak Reference
    _get_lc_time                              - Undefined Weak Reference
    _getenv_init                              - Undefined Weak Reference
    _handle_redirection                       - Undefined Weak Reference
    _init_alloc                               - Undefined Weak Reference
    _init_user_alloc                          - Undefined Weak Reference
    _initio                                   - Undefined Weak Reference
    _printf_post_padding                      - Undefined Weak Reference
    _printf_pre_padding                       - Undefined Weak Reference
    _printf_truncate_signed                   - Undefined Weak Reference
    _printf_truncate_unsigned                 - Undefined Weak Reference
    _rand_init                                - Undefined Weak Reference
    _signal_finish                            - Undefined Weak Reference
    _signal_init                              - Undefined Weak Reference
    _terminate_alloc                          - Undefined Weak Reference
    _terminate_user_alloc                     - Undefined Weak Reference
    _terminateio                              - Undefined Weak Reference
    __Vectors_End                            0x0000026c   Data           0  startup_tm4c123.o(RESET)
    __Vectors_Size                           0x0000026c   Number         0  startup_tm4c123.o ABSOLUTE
    __main                                   0x0000026d   Thumb Code     8  __main.o(!!!main)
    __scatterload                            0x00000275   Thumb Code     0  __scatter.o(!!!scatter)
    __scatterload_rt2                        0x00000275   Thumb Code    84  __scatter.o(!!!scatter)
    __scatterload_rt2_thumb_only             0x00000275   Thumb Code     0  __scatter.o(!!!scatter)
    __scatterload_loop                       0x0000027f   Thumb Code     0  __scatter.o(!!!scatter)
    __scatterload_copy                       0x000002d1   Thumb Code    26  __scatter_copy.o(!!handler_copy)
    __scatterload_null                       0x000002ed   Thumb Code     2  __scatter.o(!!handler_null)
    __scatterload_zeroinit                   0x000002f1   Thumb Code    28  __scatter_zi.o(!!handler_zi)
    _printf_d                                0x0000030d   Thumb Code     0  _printf_d.o(.ARM.Collect$$_printf_percent$$00000009)
    _printf_percent                          0x0000030d   Thumb Code     0  _printf_percent.o(.ARM.Collect$$_printf_percent$$00000000)
    _printf_percent_end                      0x00000313   Thumb Code     0  _printf_percent_end.o(.ARM.Collect$$_printf_percent$$00000017)
    __rt_lib_init                            0x00000317   Thumb Code     0  libinit.o(.ARM.Collect$$libinit$$00000000)
    __rt_lib_init_fp_1                       0x00000319   Thumb Code     0  libinit2.o(.ARM.Collect$$libinit$$00000001)
    __rt_lib_init_alloca_1                   0x0000031d   Thumb Code     0  libinit2.o(.ARM.Collect$$libinit$$00000030)
    __rt_lib_init_argv_1                     0x0000031d   Thumb Code     0  libinit2.o(.ARM.Collect$$libinit$$0000002E)
    __rt_lib_init_atexit_1                   0x0000031d   Thumb Code     0  libinit2.o(.ARM.Collect$$libinit$$0000001D)
    __rt_lib_init_clock_1                    0x0000031d   Thumb Code     0  libinit2.o(.ARM.Collect$$libinit$$00000023)
    __rt_lib_init_cpp_1                      0x0000031d   Thumb Code     0  libinit2.o(.ARM.Collect$$libinit$$00000034)
    __rt_lib_init_exceptions_1               0x0000031d   Thumb Code     0  libinit2.o(.ARM.Collect$$libinit$$00000032)
    __rt_lib_init_fp_trap_1                  0x0000031d   Thumb Code     0  libinit2.o(.ARM.Collect$$libinit$$00000021)
    __rt_lib_init_getenv_1                   0x0000031d   Thumb Code     0  libinit2.o(.ARM.Collect$$libinit$$00000025)
    __rt_lib_init_heap_1                     0x0000031d   Thumb Code     0  libinit2.o(.ARM.Collect$$libinit$$0000000C)
    __rt_lib_init_lc_collate_1               0x0000031d   Thumb Code     0  libinit2.o(.ARM.Collect$$libinit$$00000013)
    __rt_lib_init_lc_ctype_1                 0x0000031d   Thumb Code     0  libinit2.o(.ARM.Collect$$libinit$$00000015)
    __rt_lib_init_lc_monetary_1              0x0000031d   Thumb Code     0  libinit2.o(.ARM.Collect$$libinit$$00000017)
    __rt_lib_init_lc_numeric_1               0x0000031d   Thumb Code     0  libinit2.o(.ARM.Collect$$libinit$$00000019)
    __rt_lib_init_lc_time_1                  0x0000031d   Thumb Code     0  libinit2.o(.ARM.Collect$$libinit$$0000001B)
    __rt_lib_init_preinit_1                  0x0000031d   Thumb Code     0  libinit2.o(.ARM.Collect$$libinit$$00000006)
    __rt_lib_init_rand_1                     0x0000031d   Thumb Code     0  libinit2.o(.ARM.Collect$$libinit$$00000010)
    __rt_lib_init_relocate_pie_1             0x0000031d   Thumb Code     0  libinit2.o(.ARM.Collect$$libinit$$00000004)
    __rt_lib_init_return                     0x0000031d   Thumb Code     0  libinit2.o(.ARM.Collect$$libinit$$00000035)
    __rt_lib_init_signal_1                   0x0000031d   Thumb Code     0  libinit2.o(.ARM.Collect$$libinit$$0000001F)
    __rt_lib_init_stdio_1                    0x0000031d   Thumb Code     0  libinit2.o(.ARM.Collect$$libinit$$00000027)
    __rt_lib_init_user_alloc_1               0x0000031d   Thumb Code     0  libinit2.o(.ARM.Collect$$libinit$$0000000E)
    __rt_lib_shutdown                        0x0000031f   Thumb Code     0  libshutdown.o(.ARM.Collect$$libshutdown$$00000000)
    __rt_lib_shutdown_cpp_1                  0x00000321   Thumb Code     0  libshutdown2.o(.ARM.Collect$$libshutdown$$00000002)
    __rt_lib_shutdown_fp_trap_1              0x00000321   Thumb Code     0  libshutdown2.o(.ARM.Collect$$libshutdown$$00000007)
    __rt_lib_shutdown_heap_1                 0x00000321   Thumb Code     0  libshutdown2.o(.ARM.Collect$$libshutdown$$0000000F)
    __rt_lib_shutdown_return                 0x00000321   Thumb Code     0  libshutdown2.o(.ARM.Collect$$libshutdown$$00000010)
    __rt_lib_shutdown_signal_1               0x00000321   Thumb Code     0  libshutdown2.o(.ARM.Collect$$libshutdown$$0000000A)
    __rt_lib_shutdown_stdio_1                0x00000321   Thumb Code     0  libshutdown2.o(.ARM.Collect$$libshutdown$$00000004)
    __rt_lib_shutdown_user_alloc_1           0x00000321   Thumb Code     0  libshutdown2.o(.ARM.Collect$$libshutdown$$0000000C)
    __rt_entry                               0x00000323   Thumb Code     0  __rtentry.o(.ARM.Collect$$rtentry$$00000000)
    __rt_entry_presh_1                       0x00000323   Thumb Code     0  __rtentry2.o(.ARM.Collect$$rtentry$$00000002)
    __rt_entry_sh                            0x00000323   Thumb Code     0  __rtentry4.o(.ARM.Collect$$rtentry$$00000004)
    __rt_entry_li                            0x00000329   Thumb Code     0  __rtentry2.o(.ARM.Collect$$rtentry$$0000000A)
    __rt_entry_postsh_1                      0x00000329   Thumb Code     0  __rtentry2.o(.ARM.Collect$$rtentry$$00000009)
    __rt_entry_main                          0x0000032d   Thumb Code     0  __rtentry2.o(.ARM.Collect$$rtentry$$0000000D)
    __rt_entry_postli_1                      0x0000032d   Thumb Code     0  __rtentry2.o(.ARM.Collect$$rtentry$$0000000C)
    __rt_exit                                0x00000335   Thumb Code     0  rtexit.o(.ARM.Collect$$rtexit$$00000000)
    __rt_exit_ls                             0x00000337   Thumb Code     0  rtexit2.o(.ARM.Collect$$rtexit$$00000003)
    __rt_exit_prels_1                        0x00000337   Thumb Code     0  rtexit2.o(.ARM.Collect$$rtexit$$00000002)
    __rt_exit_exit                           0x0000033b   Thumb Code     0  rtexit2.o(.ARM.Collect$$rtexit$$00000004)
    Reset_Handler                            0x00000341   Thumb Code     8  startup_tm4c123.o(.text)
    NMI_Handler                              0x00000349   Thumb Code     2  startup_tm4c123.o(.text)
    HardFault_Handler                        0x0000034b   Thumb Code     2  startup_tm4c123.o(.text)
    MemManage_Handler                        0x0000034d   Thumb Code     2  startup_tm4c123.o(.text)
    BusFault_Handler                         0x0000034f   Thumb Code     2  startup_tm4c123.o(.text)
    UsageFault_Handler                       0x00000351   Thumb Code     2  startup_tm4c123.o(.text)
    DebugMon_Handler                         0x00000355   Thumb Code     2  startup_tm4c123.o(.text)
    GPIOA_Handler                            0x0000035b   Thumb Code     2  startup_tm4c123.o(.text)
    GPIOB_Handler                            0x0000035d   Thumb Code     2  startup_tm4c123.o(.text)
    GPIOC_Handler                            0x0000035f   Thumb Code     2  startup_tm4c123.o(.text)
    GPIOD_Handler                            0x00000361   Thumb Code     2  startup_tm4c123.o(.text)
    GPIOE_Handler                            0x00000363   Thumb Code     2  startup_tm4c123.o(.text)
    UART0_Handler                            0x00000365   Thumb Code     2  startup_tm4c123.o(.text)
    UART1_Handler                            0x00000367   Thumb Code     2  startup_tm4c123.o(.text)
    SSI0_Handler                             0x00000369   Thumb Code     2  startup_tm4c123.o(.text)
    I2C0_Handler                             0x0000036b   Thumb Code     2  startup_tm4c123.o(.text)
    PMW0_FAULT_Handler                       0x0000036d   Thumb Code     2  startup_tm4c123.o(.text)
    PWM0_0_Handler                           0x0000036f   Thumb Code     2  startup_tm4c123.o(.text)
    PWM0_1_Handler                           0x00000371   Thumb Code     2  startup_tm4c123.o(.text)
    PWM0_2_Handler                           0x00000373   Thumb Code     2  startup_tm4c123.o(.text)
    QEI0_Handler                             0x00000375   Thumb Code     2  startup_tm4c123.o(.text)
    ADC0SS0_Handler                          0x00000377   Thumb Code     2  startup_tm4c123.o(.text)
    ADC0SS1_Handler                          0x00000379   Thumb Code     2  startup_tm4c123.o(.text)
    ADC0SS2_Handler                          0x0000037b   Thumb Code     2  startup_tm4c123.o(.text)
    ADC0SS3_Handler                          0x0000037d   Thumb Code     2  startup_tm4c123.o(.text)
    WDT0_Handler                             0x0000037f   Thumb Code     2  startup_tm4c123.o(.text)
    TIMER0A_Handler                          0x00000381   Thumb Code     2  startup_tm4c123.o(.text)
    TIMER0B_Handler                          0x00000383   Thumb Code     2  startup_tm4c123.o(.text)
    TIMER1A_Handler                          0x00000385   Thumb Code     2  startup_tm4c123.o(.text)
    TIMER1B_Handler                          0x00000387   Thumb Code     2  startup_tm4c123.o(.text)
    TIMER2A_Handler                          0x00000389   Thumb Code     2  startup_tm4c123.o(.text)
    TIMER2B_Handler                          0x0000038b   Thumb Code     2  startup_tm4c123.o(.text)
    COMP0_Handler                            0x0000038d   Thumb Code     2  startup_tm4c123.o(.text)
    COMP1_Handler                            0x0000038f   Thumb Code     2  startup_tm4c123.o(.text)
    COMP2_Handler                            0x00000391   Thumb Code     2  startup_tm4c123.o(.text)
    SYSCTL_Handler                           0x00000393   Thumb Code     2  startup_tm4c123.o(.text)
    FLASH_Handler                            0x00000395   Thumb Code     2  startup_tm4c123.o(.text)
    GPIOF_Handler                            0x00000397   Thumb Code     2  startup_tm4c123.o(.text)
    GPIOG_Handler                            0x00000399   Thumb Code     2  startup_tm4c123.o(.text)
    GPIOH_Handler                            0x0000039b   Thumb Code     2  startup_tm4c123.o(.text)
    UART2_Handler                            0x0000039d   Thumb Code     2  startup_tm4c123.o(.text)
    SSI1_Handler                             0x0000039f   Thumb Code     2  startup_tm4c123.o(.text)
    TIMER3A_Handler                          0x000003a1   Thumb Code     2  startup_tm4c123.o(.text)
    TIMER3B_Handler                          0x000003a3   Thumb Code     2  startup_tm4c123.o(.text)
    I2C1_Handler                             0x000003a5   Thumb Code     2  startup_tm4c123.o(.text)
    QEI1_Handler                             0x000003a7   Thumb Code     2  startup_tm4c123.o(.text)
    CAN0_Handler                             0x000003a9   Thumb Code     2  startup_tm4c123.o(.text)
    CAN1_Handler                             0x000003ab   Thumb Code     2  startup_tm4c123.o(.text)
    CAN2_Handler                             0x000003ad   Thumb Code     2  startup_tm4c123.o(.text)
    HIB_Handler                              0x000003af   Thumb Code     2  startup_tm4c123.o(.text)
    USB0_Handler                             0x000003b1   Thumb Code     2  startup_tm4c123.o(.text)
    PWM0_3_Handler                           0x000003b3   Thumb Code     2  startup_tm4c123.o(.text)
    UDMA_Handler                             0x000003b5   Thumb Code     2  startup_tm4c123.o(.text)
    UDMAERR_Handler                          0x000003b7   Thumb Code     2  startup_tm4c123.o(.text)
    ADC1SS0_Handler                          0x000003b9   Thumb Code     2  startup_tm4c123.o(.text)
    ADC1SS1_Handler                          0x000003bb   Thumb Code     2  startup_tm4c123.o(.text)
    ADC1SS2_Handler                          0x000003bd   Thumb Code     2  startup_tm4c123.o(.text)
    ADC1SS3_Handler                          0x000003bf   Thumb Code     2  startup_tm4c123.o(.text)
    GPIOJ_Handler                            0x000003c1   Thumb Code     2  startup_tm4c123.o(.text)
    GPIOK_Handler                            0x000003c3   Thumb Code     2  startup_tm4c123.o(.text)
    GPIOL_Handler                            0x000003c5   Thumb Code     2  startup_tm4c123.o(.text)
    SSI2_Handler                             0x000003c7   Thumb Code     2  startup_tm4c123.o(.text)
    SSI3_Handler                             0x000003c9   Thumb Code     2  startup_tm4c123.o(.text)
    UART3_Handler                            0x000003cb   Thumb Code     2  startup_tm4c123.o(.text)
    UART4_Handler                            0x000003cd   Thumb Code     2  startup_tm4c123.o(.text)
    UART5_Handler                            0x000003cf   Thumb Code     2  startup_tm4c123.o(.text)
    UART6_Handler                            0x000003d1   Thumb Code     2  startup_tm4c123.o(.text)
    UART7_Handler                            0x000003d3   Thumb Code     2  startup_tm4c123.o(.text)
    I2C2_Handler                             0x000003d5   Thumb Code     2  startup_tm4c123.o(.text)
    I2C3_Handler                             0x000003d7   Thumb Code     2  startup_tm4c123.o(.text)
    TIMER4A_Handler                          0x000003d9   Thumb Code     2  startup_tm4c123.o(.text)
    TIMER4B_Handler                          0x000003db   Thumb Code     2  startup_tm4c123.o(.text)
    TIMER5A_Handler                          0x000003dd   Thumb Code     2  startup_tm4c123.o(.text)
    TIMER5B_Handler                          0x000003df   Thumb Code     2  startup_tm4c123.o(.text)
    WTIMER0A_Handler                         0x000003e1   Thumb Code     2  startup_tm4c123.o(.text)
    WTIMER0B_Handler                         0x000003e3   Thumb Code     2  startup_tm4c123.o(.text)
    WTIMER1A_Handler                         0x000003e5   Thumb Code     2  startup_tm4c123.o(.text)
    WTIMER1B_Handler                         0x000003e7   Thumb Code     2  startup_tm4c123.o(.text)
    WTIMER2A_Handler                         0x000003e9   Thumb Code     2  startup_tm4c123.o(.text)
    WTIMER2B_Handler                         0x000003eb   Thumb Code     2  startup_tm4c123.o(.text)
    WTIMER3A_Handler                         0x000003ed   Thumb Code     2  startup_tm4c123.o(.text)
    WTIMER3B_Handler                         0x000003ef   Thumb Code     2  startup_tm4c123.o(.text)
    WTIMER4A_Handler                         0x000003f1   Thumb Code     2  startup_tm4c123.o(.text)
    WTIMER4B_Handler                         0x000003f3   Thumb Code     2  startup_tm4c123.o(.text)
    WTIMER5A_Handler                         0x000003f5   Thumb Code     2  startup_tm4c123.o(.text)
    WTIMER5B_Handler                         0x000003f7   Thumb Code     2  startup_tm4c123.o(.text)
    FPU_Handler                              0x000003f9   Thumb Code     2  startup_tm4c123.o(.text)
    I2C4_Handler                             0x000003fb   Thumb Code     2  startup_tm4c123.o(.text)
    I2C5_Handler                             0x000003fd   Thumb Code     2  startup_tm4c123.o(.text)
    GPIOM_Handler                            0x000003ff   Thumb Code     2  startup_tm4c123.o(.text)
    GPION_Handler                            0x00000401   Thumb Code     2  startup_tm4c123.o(.text)
    QEI2_Handler                             0x00000403   Thumb Code     2  startup_tm4c123.o(.text)
    GPIOP0_Handler                           0x00000405   Thumb Code     2  startup_tm4c123.o(.text)
    GPIOP1_Handler                           0x00000407   Thumb Code     2  startup_tm4c123.o(.text)
    GPIOP2_Handler                           0x00000409   Thumb Code     2  startup_tm4c123.o(.text)
    GPIOP3_Handler                           0x0000040b   Thumb Code     2  startup_tm4c123.o(.text)
    GPIOP4_Handler                           0x0000040d   Thumb Code     2  startup_tm4c123.o(.text)
    GPIOP5_Handler                           0x0000040f   Thumb Code     2  startup_tm4c123.o(.text)
    GPIOP6_Handler                           0x00000411   Thumb Code     2  startup_tm4c123.o(.text)
    GPIOP7_Handler                           0x00000413   Thumb Code     2  startup_tm4c123.o(.text)
    GPIOQ0_Handler                           0x00000415   Thumb Code     2  startup_tm4c123.o(.text)
    GPIOQ1_Handler                           0x00000417   Thumb Code     2  startup_tm4c123.o(.text)
    GPIOQ2_Handler                           0x00000419   Thumb Code     2  startup_tm4c123.o(.text)
    GPIOQ3_Handler                           0x0000041b   Thumb Code     2  startup_tm4c123.o(.text)
    GPIOQ4_Handler                           0x0000041d   Thumb Code     2  startup_tm4c123.o(.text)
    GPIOQ5_Handler                           0x0000041f   Thumb Code     2  startup_tm4c123.o(.text)
    GPIOQ6_Handler                           0x00000421   Thumb Code     2  startup_tm4c123.o(.text)
    GPIOQ7_Handler                           0x00000423   Thumb Code     2  startup_tm4c123.o(.text)
    GPIOR_Handler                            0x00000425   Thumb Code     2  startup_tm4c123.o(.text)
    GPIOS_Handler                            0x00000427   Thumb Code     2  startup_tm4c123.o(.text)
    PMW1_0_Handler                           0x00000429   Thumb Code     2  startup_tm4c123.o(.text)
    PWM1_1_Handler                           0x0000042b   Thumb Code     2  startup_tm4c123.o(.text)
    PWM1_2_Handler                           0x0000042d   Thumb Code     2  startup_tm4c123.o(.text)
    PWM1_3_Handler                           0x0000042f   Thumb Code     2  startup_tm4c123.o(.text)
    PWM1_FAULT_Handler                       0x00000431   Thumb Code     2  startup_tm4c123.o(.text)
    __user_initial_stackheap                 0x00000435   Thumb Code     0  startup_tm4c123.o(.text)
    __2sprintf                               0x00000455   Thumb Code    34  noretval__2sprintf.o(.text)
    __printf                                 0x0000047d   Thumb Code   104  __printf.o(.text)
    _printf_int_dec                          0x000004e5   Thumb Code   104  _printf_dec.o(.text)
    __aeabi_memcpy                           0x0000055d   Thumb Code     0  rt_memcpy_v6.o(.text)
    __rt_memcpy                              0x0000055d   Thumb Code   138  rt_memcpy_v6.o(.text)
    _memcpy_lastbytes                        0x000005c3   Thumb Code     0  rt_memcpy_v6.o(.text)
    __aeabi_memset4                          0x000005e7   Thumb Code    16  aeabi_memset4.o(.text)
    __aeabi_memset8                          0x000005e7   Thumb Code     0  aeabi_memset4.o(.text)
    __aeabi_memclr                           0x000005f7   Thumb Code     0  rt_memclr.o(.text)
    __rt_memclr                              0x000005f7   Thumb Code     0  rt_memclr.o(.text)
    _memset                                  0x000005fb   Thumb Code    64  rt_memclr.o(.text)
    __use_two_region_memory                  0x0000063b   Thumb Code     2  heapauxi.o(.text)
    __rt_heap_escrow$2region                 0x0000063d   Thumb Code     2  heapauxi.o(.text)
    __rt_heap_expand$2region                 0x0000063f   Thumb Code     2  heapauxi.o(.text)
    _printf_int_common                       0x00000641   Thumb Code   178  _printf_intcommon.o(.text)
    _printf_char_common                      0x000006ff   Thumb Code    32  _printf_char_common.o(.text)
    _sputc                                   0x00000725   Thumb Code    10  _sputc.o(.text)
    __aeabi_memcpy4                          0x0000072f   Thumb Code     0  rt_memcpy_w.o(.text)
    __aeabi_memcpy8                          0x0000072f   Thumb Code     0  rt_memcpy_w.o(.text)
    __rt_memcpy_w                            0x0000072f   Thumb Code   100  rt_memcpy_w.o(.text)
    _memcpy_lastbytes_aligned                0x00000777   Thumb Code     0  rt_memcpy_w.o(.text)
    __aeabi_memclr4                          0x00000793   Thumb Code     0  rt_memclr_w.o(.text)
    __aeabi_memclr8                          0x00000793   Thumb Code     0  rt_memclr_w.o(.text)
    __rt_memclr_w                            0x00000793   Thumb Code     0  rt_memclr_w.o(.text)
    _memset_w                                0x00000797   Thumb Code    74  rt_memclr_w.o(.text)
    __user_setup_stackheap                   0x000007e1   Thumb Code    74  sys_stackheap_outer.o(.text)
    exit                                     0x0000082b   Thumb Code    18  exit.o(.text)
    __user_libspace                          0x0000083d   Thumb Code     8  libspace.o(.text)
    __user_perproc_libspace                  0x0000083d   Thumb Code     0  libspace.o(.text)
    __user_perthread_libspace                0x0000083d   Thumb Code     0  libspace.o(.text)
    _sys_exit                                0x00000845   Thumb Code     8  sys_exit.o(.text)
    __I$use$semihosting                      0x00000851   Thumb Code     0  use_no_semi.o(.text)
    __use_no_semihosting_swi                 0x00000851   Thumb Code     2  use_no_semi.o(.text)
    Init                                     0x00000853   Thumb Code    14  main.o(.text.Init)
    __semihosting_library_function           0x00000853   Thumb Code     0  indicate_semi.o(.text)
    PendSV_Handler                           0x00000911   Thumb Code   100  port.o(.text.PendSV_Handler)
    SVC_Handler                              0x00000981   Thumb Code    36  port.o(.text.SVC_Handler)
    SysTick_Handler                          0x000009a5   Thumb Code    40  port.o(.text.SysTick_Handler)
    SystemInit                               0x000009cd   Thumb Code    12  system_tm4c123.o(.text.SystemInit)
    Task1                                    0x000009dd   Thumb Code    40  main.o(.text.Task1)
    Task2                                    0x00000a05   Thumb Code    48  main.o(.text.Task2)
    Task3                                    0x00000a39   Thumb Code    84  main.o(.text.Task3)
    UART0_init                               0x00000aa5   Thumb Code    76  main.o(.text.UART0_init)
    UART_Write                               0x00000b01   Thumb Code    12  main.o(.text.UART_Write)
    UART_Write_String                        0x00000b11   Thumb Code    18  main.o(.text.UART_Write_String)
    eTaskConfirmSleepModeStatus              0x00000b25   Thumb Code    36  tasks.o(.text.eTaskConfirmSleepModeStatus)
    main                                     0x00000b49   Thumb Code    64  main.o(.text.main)
    psh_btn_init                             0x00000f2d   Thumb Code    52  main.o(.text.psh_btn_init)
    pvPortMalloc                             0x00000f71   Thumb Code    80  heap_1.o(.text.pvPortMalloc)
    pxPortInitialiseStack                    0x00000fc9   Thumb Code    32  port.o(.text.pxPortInitialiseStack)
    uxListRemove                             0x00000fed   Thumb Code    34  list.o(.text.uxListRemove)
    uxTaskGetNumberOfTasks                   0x00001011   Thumb Code     8  tasks.o(.text.uxTaskGetNumberOfTasks)
    vListInitialise                          0x0000101d   Thumb Code    22  list.o(.text.vListInitialise)
    vListInitialiseItem                      0x00001033   Thumb Code     6  list.o(.text.vListInitialiseItem)
    vListInsert                              0x00001039   Thumb Code    46  list.o(.text.vListInsert)
    vPortEnterCritical                       0x0000107d   Thumb Code    56  port.o(.text.vPortEnterCritical)
    vPortExitCritical                        0x000010b9   Thumb Code    40  port.o(.text.vPortExitCritical)
    vPortFree                                0x000010e5   Thumb Code    22  heap_1.o(.text.vPortFree)
    vPortSetupTimerInterrupt                 0x000010fd   Thumb Code    56  port.o(.text.vPortSetupTimerInterrupt)
    vPortSuppressTicksAndSleep               0x00001139   Thumb Code   220  port.o(.text.vPortSuppressTicksAndSleep)
    vTaskDelay                               0x00001219   Thumb Code    64  tasks.o(.text.vTaskDelay)
    vTaskInternalSetTimeOutState             0x00001261   Thumb Code    12  tasks.o(.text.vTaskInternalSetTimeOutState)
    vTaskMissedYield                         0x0000126d   Thumb Code     8  tasks.o(.text.vTaskMissedYield)
    vTaskPlaceOnEventList                    0x00001275   Thumb Code    48  tasks.o(.text.vTaskPlaceOnEventList)
    vTaskStartScheduler                      0x000012a5   Thumb Code    96  tasks.o(.text.vTaskStartScheduler)
    vTaskStepTick                            0x00001319   Thumb Code   112  tasks.o(.text.vTaskStepTick)
    vTaskSuspendAll                          0x00001389   Thumb Code    12  tasks.o(.text.vTaskSuspendAll)
    vTaskSwitchContext                       0x00001399   Thumb Code    88  tasks.o(.text.vTaskSwitchContext)
    xPortStartScheduler                      0x000013fd   Thumb Code   204  port.o(.text.xPortStartScheduler)
    xQueueGenericCreate                      0x000014e1   Thumb Code    88  queue.o(.text.xQueueGenericCreate)
    xQueueGenericReset                       0x00001539   Thumb Code   152  queue.o(.text.xQueueGenericReset)
    xQueueGenericSend                        0x000015d5   Thumb Code   404  queue.o(.text.xQueueGenericSend)
    xQueueReceive                            0x00001769   Thumb Code   304  queue.o(.text.xQueueReceive)
    xTaskCheckForTimeOut                     0x0000189d   Thumb Code   132  tasks.o(.text.xTaskCheckForTimeOut)
    xTaskCreate                              0x00001921   Thumb Code   392  tasks.o(.text.xTaskCreate)
    xTaskGetSchedulerState                   0x00001ab5   Thumb Code    24  tasks.o(.text.xTaskGetSchedulerState)
    xTaskIncrementTick                       0x00001acd   Thumb Code   288  tasks.o(.text.xTaskIncrementTick)
    xTaskPriorityDisinherit                  0x00001bed   Thumb Code   144  tasks.o(.text.xTaskPriorityDisinherit)
    xTaskRemoveFromEventList                 0x00001c85   Thumb Code   188  tasks.o(.text.xTaskRemoveFromEventList)
    xTaskResumeAll                           0x00001d49   Thumb Code   268  tasks.o(.text.xTaskResumeAll)
    _fp_init                                 0x00001e65   Thumb Code    26  fpinit.o(x$fpl$fpinit)
    __fplib_config_fpu_vfp                   0x00001e7d   Thumb Code     0  fpinit.o(x$fpl$fpinit)
    __fplib_config_pureend_doubles           0x00001e7d   Thumb Code     0  fpinit.o(x$fpl$fpinit)
    uxTopUsedPriority                        0x00001e80   Data           4  tasks.o(.rodata.uxTopUsedPriority)
    Region$$Table$$Base                      0x00001e84   Number         0  anon$$obj.o(Region$$Table)
    Region$$Table$$Limit                     0x00001ea4   Number         0  anon$$obj.o(Region$$Table)
    SystemCoreClock                          0x20000000   Data           4  system_tm4c123.o(.data.SystemCoreClock)
    __libspace_start                         0x20000008   Data          96  libspace.o(.bss)
    __temporary_stack_top$libspace           0x20000068   Data           0  libspace.o(.bss)
    cntr                                     0x20000068   Data           4  main.o(.bss..L_MergedGlobals)
    xQueue                                   0x2000006c   Data           4  main.o(.bss..L_MergedGlobals)
    pxCurrentTCB                             0x20000128   Data           4  tasks.o(.bss.pxCurrentTCB)



==============================================================================

Memory Map of the image

  Image Entry point : 0x00000341

  Load Region LR_1 (Base: 0x00000000, Size: 0x00001eac, Max: 0xffffffff, ABSOLUTE)

    Execution Region ER_RO (Exec base: 0x00000000, Load base: 0x00000000, Size: 0x00001ea4, Max: 0xffffffff, ABSOLUTE)

    Exec Addr    Load Addr    Size         Type   Attr      Idx    E Section Name        Object

    0x00000000   0x00000000   0x0000026c   Data   RO           57    RESET               startup_tm4c123.o
    0x0000026c   0x0000026c   0x00000008   Code   RO          456  * !!!main             c_w.l(__main.o)
    0x00000274   0x00000274   0x0000005c   Code   RO          634    !!!scatter          c_w.l(__scatter.o)
    0x000002d0   0x000002d0   0x0000001a   Code   RO          638    !!handler_copy      c_w.l(__scatter_copy.o)
    0x000002ea   0x000002ea   0x00000002   PAD
    0x000002ec   0x000002ec   0x00000002   Code   RO          635    !!handler_null      c_w.l(__scatter.o)
    0x000002ee   0x000002ee   0x00000002   PAD
    0x000002f0   0x000002f0   0x0000001c   Code   RO          640    !!handler_zi        c_w.l(__scatter_zi.o)
    0x0000030c   0x0000030c   0x00000000   Code   RO          445    .ARM.Collect$$_printf_percent$$00000000  c_w.l(_printf_percent.o)
    0x0000030c   0x0000030c   0x00000006   Code   RO          444    .ARM.Collect$$_printf_percent$$00000009  c_w.l(_printf_d.o)
    0x00000312   0x00000312   0x00000004   Code   RO          465    .ARM.Collect$$_printf_percent$$00000017  c_w.l(_printf_percent_end.o)
    0x00000316   0x00000316   0x00000002   Code   RO          496    .ARM.Collect$$libinit$$00000000  c_w.l(libinit.o)
    0x00000318   0x00000318   0x00000004   Code   RO          502    .ARM.Collect$$libinit$$00000001  c_w.l(libinit2.o)
    0x0000031c   0x0000031c   0x00000000   Code   RO          505    .ARM.Collect$$libinit$$00000004  c_w.l(libinit2.o)
    0x0000031c   0x0000031c   0x00000000   Code   RO          507    .ARM.Collect$$libinit$$00000006  c_w.l(libinit2.o)
    0x0000031c   0x0000031c   0x00000000   Code   RO          510    .ARM.Collect$$libinit$$0000000C  c_w.l(libinit2.o)
    0x0000031c   0x0000031c   0x00000000   Code   RO          512    .ARM.Collect$$libinit$$0000000E  c_w.l(libinit2.o)
    0x0000031c   0x0000031c   0x00000000   Code   RO          514    .ARM.Collect$$libinit$$00000010  c_w.l(libinit2.o)
    0x0000031c   0x0000031c   0x00000000   Code   RO          517    .ARM.Collect$$libinit$$00000013  c_w.l(libinit2.o)
    0x0000031c   0x0000031c   0x00000000   Code   RO          519    .ARM.Collect$$libinit$$00000015  c_w.l(libinit2.o)
    0x0000031c   0x0000031c   0x00000000   Code   RO          521    .ARM.Collect$$libinit$$00000017  c_w.l(libinit2.o)
    0x0000031c   0x0000031c   0x00000000   Code   RO          523    .ARM.Collect$$libinit$$00000019  c_w.l(libinit2.o)
    0x0000031c   0x0000031c   0x00000000   Code   RO          525    .ARM.Collect$$libinit$$0000001B  c_w.l(libinit2.o)
    0x0000031c   0x0000031c   0x00000000   Code   RO          527    .ARM.Collect$$libinit$$0000001D  c_w.l(libinit2.o)
    0x0000031c   0x0000031c   0x00000000   Code   RO          529    .ARM.Collect$$libinit$$0000001F  c_w.l(libinit2.o)
    0x0000031c   0x0000031c   0x00000000   Code   RO          531    .ARM.Collect$$libinit$$00000021  c_w.l(libinit2.o)
    0x0000031c   0x0000031c   0x00000000   Code   RO          533    .ARM.Collect$$libinit$$00000023  c_w.l(libinit2.o)
    0x0000031c   0x0000031c   0x00000000   Code   RO          535    .ARM.Collect$$libinit$$00000025  c_w.l(libinit2.o)
    0x0000031c   0x0000031c   0x00000000   Code   RO          537    .ARM.Collect$$libinit$$00000027  c_w.l(libinit2.o)
    0x0000031c   0x0000031c   0x00000000   Code   RO          541    .ARM.Collect$$libinit$$0000002E  c_w.l(libinit2.o)
    0x0000031c   0x0000031c   0x00000000   Code   RO          543    .ARM.Collect$$libinit$$00000030  c_w.l(libinit2.o)
    0x0000031c   0x0000031c   0x00000000   Code   RO          545    .ARM.Collect$$libinit$$00000032  c_w.l(libinit2.o)
    0x0000031c   0x0000031c   0x00000000   Code   RO          547    .ARM.Collect$$libinit$$00000034  c_w.l(libinit2.o)
    0x0000031c   0x0000031c   0x00000002   Code   RO          548    .ARM.Collect$$libinit$$00000035  c_w.l(libinit2.o)
    0x0000031e   0x0000031e   0x00000002   Code   RO          570    .ARM.Collect$$libshutdown$$00000000  c_w.l(libshutdown.o)
    0x00000320   0x00000320   0x00000000   Code   RO          585    .ARM.Collect$$libshutdown$$00000002  c_w.l(libshutdown2.o)
    0x00000320   0x00000320   0x00000000   Code   RO          587    .ARM.Collect$$libshutdown$$00000004  c_w.l(libshutdown2.o)
    0x00000320   0x00000320   0x00000000   Code   RO          590    .ARM.Collect$$libshutdown$$00000007  c_w.l(libshutdown2.o)
    0x00000320   0x00000320   0x00000000   Code   RO          593    .ARM.Collect$$libshutdown$$0000000A  c_w.l(libshutdown2.o)
    0x00000320   0x00000320   0x00000000   Code   RO          595    .ARM.Collect$$libshutdown$$0000000C  c_w.l(libshutdown2.o)
    0x00000320   0x00000320   0x00000000   Code   RO          598    .ARM.Collect$$libshutdown$$0000000F  c_w.l(libshutdown2.o)
    0x00000320   0x00000320   0x00000002   Code   RO          599    .ARM.Collect$$libshutdown$$00000010  c_w.l(libshutdown2.o)
    0x00000322   0x00000322   0x00000000   Code   RO          458    .ARM.Collect$$rtentry$$00000000  c_w.l(__rtentry.o)
    0x00000322   0x00000322   0x00000000   Code   RO          471    .ARM.Collect$$rtentry$$00000002  c_w.l(__rtentry2.o)
    0x00000322   0x00000322   0x00000006   Code   RO          483    .ARM.Collect$$rtentry$$00000004  c_w.l(__rtentry4.o)
    0x00000328   0x00000328   0x00000000   Code   RO          473    .ARM.Collect$$rtentry$$00000009  c_w.l(__rtentry2.o)
    0x00000328   0x00000328   0x00000004   Code   RO          474    .ARM.Collect$$rtentry$$0000000A  c_w.l(__rtentry2.o)
    0x0000032c   0x0000032c   0x00000000   Code   RO          476    .ARM.Collect$$rtentry$$0000000C  c_w.l(__rtentry2.o)
    0x0000032c   0x0000032c   0x00000008   Code   RO          477    .ARM.Collect$$rtentry$$0000000D  c_w.l(__rtentry2.o)
    0x00000334   0x00000334   0x00000002   Code   RO          500    .ARM.Collect$$rtexit$$00000000  c_w.l(rtexit.o)
    0x00000336   0x00000336   0x00000000   Code   RO          550    .ARM.Collect$$rtexit$$00000002  c_w.l(rtexit2.o)
    0x00000336   0x00000336   0x00000004   Code   RO          551    .ARM.Collect$$rtexit$$00000003  c_w.l(rtexit2.o)
    0x0000033a   0x0000033a   0x00000006   Code   RO          552    .ARM.Collect$$rtexit$$00000004  c_w.l(rtexit2.o)
    0x00000340   0x00000340   0x00000114   Code   RO           58  * .text               startup_tm4c123.o
    0x00000454   0x00000454   0x00000028   Code   RO          418    .text               c_w.l(noretval__2sprintf.o)
    0x0000047c   0x0000047c   0x00000068   Code   RO          420    .text               c_w.l(__printf.o)
    0x000004e4   0x000004e4   0x00000078   Code   RO          422    .text               c_w.l(_printf_dec.o)
    0x0000055c   0x0000055c   0x0000008a   Code   RO          448    .text               c_w.l(rt_memcpy_v6.o)
    0x000005e6   0x000005e6   0x00000010   Code   RO          450    .text               c_w.l(aeabi_memset4.o)
    0x000005f6   0x000005f6   0x00000044   Code   RO          452    .text               c_w.l(rt_memclr.o)
    0x0000063a   0x0000063a   0x00000006   Code   RO          454    .text               c_w.l(heapauxi.o)
    0x00000640   0x00000640   0x000000b2   Code   RO          459    .text               c_w.l(_printf_intcommon.o)
    0x000006f2   0x000006f2   0x00000002   PAD
    0x000006f4   0x000006f4   0x00000030   Code   RO          461    .text               c_w.l(_printf_char_common.o)
    0x00000724   0x00000724   0x0000000a   Code   RO          463    .text               c_w.l(_sputc.o)
    0x0000072e   0x0000072e   0x00000064   Code   RO          466    .text               c_w.l(rt_memcpy_w.o)
    0x00000792   0x00000792   0x0000004e   Code   RO          468    .text               c_w.l(rt_memclr_w.o)
    0x000007e0   0x000007e0   0x0000004a   Code   RO          487    .text               c_w.l(sys_stackheap_outer.o)
    0x0000082a   0x0000082a   0x00000012   Code   RO          489    .text               c_w.l(exit.o)
    0x0000083c   0x0000083c   0x00000008   Code   RO          497    .text               c_w.l(libspace.o)
    0x00000844   0x00000844   0x0000000c   Code   RO          560    .text               c_w.l(sys_exit.o)
    0x00000850   0x00000850   0x00000002   Code   RO          575    .text               c_w.l(use_no_semi.o)
    0x00000852   0x00000852   0x00000000   Code   RO          577    .text               c_w.l(indicate_semi.o)
    0x00000852   0x00000852   0x0000000e   Code   RO           20    .text.Init          main.o
    0x00000860   0x00000860   0x0000000a   Code   RO           24    .text.OUTLINED_FUNCTION_0  main.o
    0x0000086a   0x0000086a   0x00000006   Code   RO          226    .text.OUTLINED_FUNCTION_0  queue.o
    0x00000870   0x00000870   0x00000008   Code   RO          228    .text.OUTLINED_FUNCTION_1  queue.o
    0x00000878   0x00000878   0x00000008   Code   RO          378    .text.OUTLINED_FUNCTION_1  tasks.o
    0x00000880   0x00000880   0x0000000e   Code   RO          396    .text.OUTLINED_FUNCTION_10  tasks.o
    0x0000088e   0x0000088e   0x0000000e   Code   RO          398    .text.OUTLINED_FUNCTION_11  tasks.o
    0x0000089c   0x0000089c   0x0000000e   Code   RO          400    .text.OUTLINED_FUNCTION_12  tasks.o
    0x000008aa   0x000008aa   0x00000006   Code   RO          230    .text.OUTLINED_FUNCTION_2  queue.o
    0x000008b0   0x000008b0   0x00000006   Code   RO          232    .text.OUTLINED_FUNCTION_3  queue.o
    0x000008b6   0x000008b6   0x0000001a   Code   RO          382    .text.OUTLINED_FUNCTION_3  tasks.o
    0x000008d0   0x000008d0   0x00000010   Code   RO          234    .text.OUTLINED_FUNCTION_4  queue.o
    0x000008e0   0x000008e0   0x00000008   Code   RO          384    .text.OUTLINED_FUNCTION_4  tasks.o
    0x000008e8   0x000008e8   0x00000006   Code   RO          236    .text.OUTLINED_FUNCTION_5  queue.o
    0x000008ee   0x000008ee   0x0000000a   Code   RO          386    .text.OUTLINED_FUNCTION_5  tasks.o
    0x000008f8   0x000008f8   0x00000008   Code   RO          238    .text.OUTLINED_FUNCTION_6  queue.o
    0x00000900   0x00000900   0x00000006   Code   RO          240    .text.OUTLINED_FUNCTION_7  queue.o
    0x00000906   0x00000906   0x0000000a   PAD
    0x00000910   0x00000910   0x00000064   Code   RO          120    .text.PendSV_Handler  port.o
    0x00000974   0x00000974   0x0000000c   PAD
    0x00000980   0x00000980   0x00000024   Code   RO          104    .text.SVC_Handler   port.o
    0x000009a4   0x000009a4   0x00000028   Code   RO          122    .text.SysTick_Handler  port.o
    0x000009cc   0x000009cc   0x00000010   Code   RO           69    .text.SystemInit    system_tm4c123.o
    0x000009dc   0x000009dc   0x00000028   Code   RO            8    .text.Task1         main.o
    0x00000a04   0x00000a04   0x00000034   Code   RO           10    .text.Task2         main.o
    0x00000a38   0x00000a38   0x0000006c   Code   RO           16    .text.Task3         main.o
    0x00000aa4   0x00000aa4   0x0000005c   Code   RO            6    .text.UART0_init    main.o
    0x00000b00   0x00000b00   0x00000010   Code   RO           12    .text.UART_Write    main.o
    0x00000b10   0x00000b10   0x00000012   Code   RO           14    .text.UART_Write_String  main.o
    0x00000b22   0x00000b22   0x00000002   PAD
    0x00000b24   0x00000b24   0x00000024   Code   RO          336    .text.eTaskConfirmSleepModeStatus  tasks.o
    0x00000b48   0x00000b48   0x00000064   Code   RO           22    .text.main          main.o
    0x00000bac   0x00000bac   0x00000098   Code   RO          262    .text.prvAddCurrentTaskToDelayedList  tasks.o
    0x00000c44   0x00000c44   0x00000024   Code   RO          188    .text.prvCopyDataFromQueue  queue.o
    0x00000c68   0x00000c68   0x00000070   Code   RO          176    .text.prvCopyDataToQueue  queue.o
    0x00000cd8   0x00000cd8   0x00000014   Code   RO          256    .text.prvDeleteTCB  tasks.o
    0x00000cec   0x00000cec   0x0000002c   Code   RO          374    .text.prvGetExpectedIdleTime  tasks.o
    0x00000d18   0x00000d18   0x0000008c   Code   RO          286    .text.prvIdleTask   tasks.o
    0x00000da4   0x00000da4   0x00000016   Code   RO          190    .text.prvIsQueueEmpty  queue.o
    0x00000dba   0x00000dba   0x00000090   Code   RO          178    .text.prvNotifyQueueSetContainer  queue.o
    0x00000e4a   0x00000e4a   0x00000002   PAD
    0x00000e4c   0x00000e4c   0x00000028   Code   RO          112    .text.prvPortStartFirstTask  port.o
    0x00000e74   0x00000e74   0x0000001c   Code   RO          254    .text.prvResetNextTaskUnblockTime  tasks.o
    0x00000e90   0x00000e90   0x0000002c   Code   RO          102    .text.prvTaskExitError  port.o
    0x00000ebc   0x00000ebc   0x0000006e   Code   RO          180    .text.prvUnlockQueue  queue.o
    0x00000f2a   0x00000f2a   0x00000002   PAD
    0x00000f2c   0x00000f2c   0x00000044   Code   RO           18    .text.psh_btn_init  main.o
    0x00000f70   0x00000f70   0x00000058   Code   RO          138    .text.pvPortMalloc  heap_1.o
    0x00000fc8   0x00000fc8   0x00000024   Code   RO          100    .text.pxPortInitialiseStack  port.o
    0x00000fec   0x00000fec   0x00000022   Code   RO           90    .text.uxListRemove  list.o
    0x0000100e   0x0000100e   0x00000002   PAD
    0x00001010   0x00001010   0x0000000c   Code   RO          296    .text.uxTaskGetNumberOfTasks  tasks.o
    0x0000101c   0x0000101c   0x00000016   Code   RO           82    .text.vListInitialise  list.o
    0x00001032   0x00001032   0x00000006   Code   RO           84    .text.vListInitialiseItem  list.o
    0x00001038   0x00001038   0x0000002e   Code   RO           88    .text.vListInsert   list.o
    0x00001066   0x00001066   0x00000002   PAD
    0x00001068   0x00001068   0x00000014   Code   RO          110    .text.vPortEnableVFP  port.o
    0x0000107c   0x0000107c   0x0000003c   Code   RO          116    .text.vPortEnterCritical  port.o
    0x000010b8   0x000010b8   0x0000002c   Code   RO          118    .text.vPortExitCritical  port.o
    0x000010e4   0x000010e4   0x00000016   Code   RO          140    .text.vPortFree     heap_1.o
    0x000010fa   0x000010fa   0x00000002   PAD
    0x000010fc   0x000010fc   0x0000003c   Code   RO          108    .text.vPortSetupTimerInterrupt  port.o
    0x00001138   0x00001138   0x000000e0   Code   RO          124    .text.vPortSuppressTicksAndSleep  port.o
    0x00001218   0x00001218   0x00000048   Code   RO          266    .text.vTaskDelay    tasks.o
    0x00001260   0x00001260   0x0000000c   Code   RO          326    .text.vTaskInternalSetTimeOutState  tasks.o
    0x0000126c   0x0000126c   0x00000008   Code   RO          330    .text.vTaskMissedYield  tasks.o
    0x00001274   0x00001274   0x00000030   Code   RO          316    .text.vTaskPlaceOnEventList  tasks.o
    0x000012a4   0x000012a4   0x00000074   Code   RO          284    .text.vTaskStartScheduler  tasks.o
    0x00001318   0x00001318   0x00000070   Code   RO          310    .text.vTaskStepTick  tasks.o
    0x00001388   0x00001388   0x00000010   Code   RO          260    .text.vTaskSuspendAll  tasks.o
    0x00001398   0x00001398   0x00000064   Code   RO          278    .text.vTaskSwitchContext  tasks.o
    0x000013fc   0x000013fc   0x000000e4   Code   RO          106    .text.xPortStartScheduler  port.o
    0x000014e0   0x000014e0   0x00000058   Code   RO          158    .text.xQueueGenericCreate  queue.o
    0x00001538   0x00001538   0x0000009c   Code   RO          156    .text.xQueueGenericReset  queue.o
    0x000015d4   0x000015d4   0x00000194   Code   RO          168    .text.xQueueGenericSend  queue.o
    0x00001768   0x00001768   0x00000134   Code   RO          186    .text.xQueueReceive  queue.o
    0x0000189c   0x0000189c   0x00000084   Code   RO          328    .text.xTaskCheckForTimeOut  tasks.o
    0x00001920   0x00001920   0x00000194   Code   RO          250    .text.xTaskCreate   tasks.o
    0x00001ab4   0x00001ab4   0x00000018   Code   RO          348    .text.xTaskGetSchedulerState  tasks.o
    0x00001acc   0x00001acc   0x00000120   Code   RO          290    .text.xTaskIncrementTick  tasks.o
    0x00001bec   0x00001bec   0x00000098   Code   RO          352    .text.xTaskPriorityDisinherit  tasks.o
    0x00001c84   0x00001c84   0x000000c4   Code   RO          320    .text.xTaskRemoveFromEventList  tasks.o
    0x00001d48   0x00001d48   0x0000011c   Code   RO          264    .text.xTaskResumeAll  tasks.o
    0x00001e64   0x00001e64   0x0000001a   Code   RO          558    x$fpl$fpinit        fz_wm.l(fpinit.o)
    0x00001e7e   0x00001e7e   0x00000002   PAD
    0x00001e80   0x00001e80   0x00000004   Data   RO          403    .rodata.uxTopUsedPriority  tasks.o
    0x00001e84   0x00001e84   0x00000020   Data   RO          633    Region$$Table       anon$$obj.o


    Execution Region ER_RW (Exec base: 0x20000000, Load base: 0x00001ea4, Size: 0x00000008, Max: 0xffffffff, ABSOLUTE)

    Exec Addr    Load Addr    Size         Type   Attr      Idx    E Section Name        Object

    0x20000000   0x00001ea4   0x00000004   Data   RW           71    .data.SystemCoreClock  system_tm4c123.o
    0x20000004   0x00001ea8   0x00000004   Data   RW          128    .data.uxCriticalNesting  port.o


    Execution Region ER_ZI (Exec base: 0x20000008, Load base: 0x00001eac, Size: 0x00001388, Max: 0xffffffff, ABSOLUTE)

    Exec Addr    Load Addr    Size         Type   Attr      Idx    E Section Name        Object

    0x20000008        -       0x00000060   Zero   RW          498    .bss                c_w.l(libspace.o)
    0x20000068        -       0x00000008   Zero   RW           27    .bss..L_MergedGlobals  main.o
    0x20000070        -       0x00000014   Zero   RW          129    .bss..L_MergedGlobals  port.o
    0x20000084        -       0x00000008   Zero   RW          147    .bss..L_MergedGlobals  heap_1.o
    0x2000008c        -       0x00000074   Zero   RW          405    .bss..L_MergedGlobals  tasks.o
    0x20000100        -       0x00000028   Zero   RW          406    .bss..L_MergedGlobals.1  tasks.o
    0x20000128        -       0x00000004   Zero   RW          402    .bss.pxCurrentTCB   tasks.o
    0x2000012c        -       0x00000064   Zero   RW          404    .bss.pxReadyTasksLists  tasks.o
    0x20000190        -       0x00001000   Zero   RW          146    .bss.ucHeap         heap_1.o
    0x20001190        -       0x00000000   Zero   RW           56    HEAP                startup_tm4c123.o
    0x20001190        -       0x00000200   Zero   RW           55    STACK               startup_tm4c123.o


==============================================================================

Image component sizes


      Code (inc. data)   RO Data    RW Data    ZI Data      Debug   Object Name

       110          8          0          0       4104       1861   heap_1.o
       108          0          0          0          0       2358   list.o
       518        100          0          0          8       3347   main.o
       932         60          0          4         20       5287   port.o
      1442          8          0          0          0      21537   queue.o
       276         24        620          0        512       5472   startup_tm4c123.o
        16          4          0          4          0       6452   system_tm4c123.o
      2490        108          4          0        260      35096   tasks.o

    ----------------------------------------------------------------------
      5926        324        656          8       4904      81410   Object Totals
         0          0         32          0          0          0   (incl. Generated)
        34         12          0          0          0          0   (incl. Padding)

    ----------------------------------------------------------------------

      Code (inc. data)   RO Data    RW Data    ZI Data      Debug   Library Member Name

         8          0          0          0          0         68   __main.o
       104          0          0          0          0         84   __printf.o
         0          0          0          0          0          0   __rtentry.o
        12          0          0          0          0          0   __rtentry2.o
         6          0          0          0          0          0   __rtentry4.o
        94          8          0          0          0          0   __scatter.o
        26          0          0          0          0          0   __scatter_copy.o
        28          0          0          0          0          0   __scatter_zi.o
        48          6          0          0          0         96   _printf_char_common.o
         6          0          0          0          0          0   _printf_d.o
       120         16          0          0          0         92   _printf_dec.o
       178          0          0          0          0         88   _printf_intcommon.o
         0          0          0          0          0          0   _printf_percent.o
         4          0          0          0          0          0   _printf_percent_end.o
        10          0          0          0          0         68   _sputc.o
        16          0          0          0          0         68   aeabi_memset4.o
        18          0          0          0          0         80   exit.o
         6          0          0          0          0        152   heapauxi.o
         0          0          0          0          0          0   indicate_semi.o
         2          0          0          0          0          0   libinit.o
         6          0          0          0          0          0   libinit2.o
         2          0          0          0          0          0   libshutdown.o
         2          0          0          0          0          0   libshutdown2.o
         8          4          0          0         96         68   libspace.o
        40          6          0          0          0         84   noretval__2sprintf.o
        68          0          0          0          0         68   rt_memclr.o
        78          0          0          0          0         80   rt_memclr_w.o
       138          0          0          0          0         68   rt_memcpy_v6.o
       100          0          0          0          0         80   rt_memcpy_w.o
         2          0          0          0          0          0   rtexit.o
        10          0          0          0          0          0   rtexit2.o
        12          4          0          0          0         68   sys_exit.o
        74          0          0          0          0         80   sys_stackheap_outer.o
         2          0          0          0          0         68   use_no_semi.o
        26          0          0          0          0        116   fpinit.o

    ----------------------------------------------------------------------
      1262         44          0          0         96       1576   Library Totals
         8          0          0          0          0          0   (incl. Padding)

    ----------------------------------------------------------------------

      Code (inc. data)   RO Data    RW Data    ZI Data      Debug   Library Name

      1228         44          0          0         96       1460   c_w.l
        26          0          0          0          0        116   fz_wm.l

    ----------------------------------------------------------------------
      1262         44          0          0         96       1576   Library Totals

    ----------------------------------------------------------------------

==============================================================================


      Code (inc. data)   RO Data    RW Data    ZI Data      Debug   

      7188        368        656          8       5000      82206   Grand Totals
      7188        368        656          8       5000      82206   ELF Image Totals
      7188        368        656          8          0          0   ROM Totals

==============================================================================

    Total RO  Size (Code + RO Data)                 7844 (   7.66kB)
    Total RW  Size (RW Data + ZI Data)              5008 (   4.89kB)
    Total ROM Size (Code + RO Data + RW Data)       7852 (   7.67kB)

==============================================================================

